123.151.77.71 - - [01/Aug/2018:08:27:11 +0800] "GET /api/refresh/?query_type=0&page=1&page_size=20 HTTP/1.1" 200 12930 "http://m.xiaobaiparty.com/refresh_follow" "Mozilla/5.0 (Linux; Android 8.0; VTR-AL00 Build/HUAWEIVTR-AL00; wv) AppleWebKit/537.36 (KHTML, like Gecko) Version/4.0 Chrome/57.0.2987.132 MQQBrowser/6.2 TBS/044113 Mobile Safari/537.36 MicroMessenger/6.6.7.1321(0x26060739) NetType/4G Language/zh_CN" "114.242.249.46"
140.207.54.75 - - [01/Aug/2018:08:27:27 +0800] "POST /api/wechat/public/callback/?signature=8220a28f102f957cdd1a119f334b6327b7d52a36&timestamp=1533083247&nonce=499011164&openid=oqZrQ0YUdDXHVG27CHoQ2CXPuQ9s HTTP/1.1" 200 341 "-" "Mozilla/4.0" "-"
120.204.200.81 - - [01/Aug/2018:08:27:30 +0800] "POST /api/wechat_h5/config/ HTTP/1.1" 200 173 "http://m.xiaobaiparty.com/search" "Mozilla/5.0 (Linux; Android 4.4.2; Che2-TL00 Build/HonorChe2-TL00; wv) AppleWebKit/537.36 (KHTML, like Gecko) Version/4.0 Chrome/57.0.2987.132 MQQBrowser/6.2 TBS/044113 Mobile Safari/537.36 MicroMessenger/6.6.7.1321(0x26060739) NetType/4G Language/zh_CN" "223.104.20.209"
61.151.178.180 - - [01/Aug/2018:08:27:30 +0800] "GET /api/auth_info/ HTTP/1.1" 200 625 "http://m.xiaobaiparty.com/search" "Mozilla/5.0 (Linux; Android 4.4.2; Che2-TL00 Build/HonorChe2-TL00; wv) AppleWebKit/537.36 (KHTML, like Gecko) Version/4.0 Chrome/57.0.2987.132 MQQBrowser/6.2 TBS/044113 Mobile Safari/537.36 MicroMessenger/6.6.7.1321(0x26060739) NetType/4G Language/zh_CN" "223.104.20.209"
223.167.152.125 - - [01/Aug/2018:08:27:30 +0800] "GET / HTTP/1.1" 200 569 "-" "Mozilla/5.0 (Windows; U; Windows NT 5.1; zh-CN; rv:1.9b4) Gecko/2008030317 Firefox/3.0b4" "-"
120.204.200.81 - - [01/Aug/2018:08:27:31 +0800] "GET /api/my_folders/ HTTP/1.1" 200 1433 "http://m.xiaobaiparty.com/search" "Mozilla/5.0 (Linux; Android 4.4.2; Che2-TL00 Build/HonorChe2-TL00; wv) AppleWebKit/537.36 (KHTML, like Gecko) Version/4.0 Chrome/57.0.2987.132 MQQBrowser/6.2 TBS/044113 Mobile Safari/537.36 MicroMessenger/6.6.7.1321(0x26060739) NetType/4G Language/zh_CN" "223.104.20.209"
61.151.178.180 - - [01/Aug/2018:08:27:35 +0800] "GET /api/auth_info/ HTTP/1.1" 200 625 "http://m.xiaobaiparty.com/search" "Mozilla/5.0 (Linux; Android 4.4.2; Che2-TL00 Build/HonorChe2-TL00; wv) AppleWebKit/537.36 (KHTML, like Gecko) Version/4.0 Chrome/57.0.2987.132 MQQBrowser/6.2 TBS/044113 Mobile Safari/537.36 MicroMessenger/6.6.7.1321(0x26060739) NetType/4G Language/zh_CN" "223.104.20.209"
223.104.20.209 - - [01/Aug/2018:08:27:36 +0800] "GET /api/my_folders/ HTTP/1.1" 200 1433 "http://m.xiaobaiparty.com/find" "Mozilla/5.0 (Linux; Android 4.4.2; Che2-TL00 Build/HonorChe2-TL00; wv) AppleWebKit/537.36 (KHTML, like Gecko) Version/4.0 Chrome/57.0.2987.132 MQQBrowser/6.2 TBS/044113 Mobile Safari/537.36 MicroMessenger/6.6.7.1321(0x26060739) NetType/4G Language/zh_CN" "-"
223.104.20.209 - - [01/Aug/2018:08:27:36 +0800] "GET /api/discovery/banners/ HTTP/1.1" 200 515 "http://m.xiaobaiparty.com/find" "Mozilla/5.0 (Linux; Android 4.4.2; Che2-TL00 Build/HonorChe2-TL00; wv) AppleWebKit/537.36 (KHTML, like Gecko) Version/4.0 Chrome/57.0.2987.132 MQQBrowser/6.2 TBS/044113 Mobile Safari/537.36 MicroMessenger/6.6.7.1321(0x26060739) NetType/4G Language/zh_CN" "-"
223.104.20.209 - - [01/Aug/2018:08:27:36 +0800] "GET /api/discovery/folders/ HTTP/1.1" 200 2271 "http://m.xiaobaiparty.com/find" "Mozilla/5.0 (Linux; Android 4.4.2; Che2-TL00 Build/HonorChe2-TL00; wv) AppleWebKit/537.36 (KHTML, like Gecko) Version/4.0 Chrome/57.0.2987.132 MQQBrowser/6.2 TBS/044113 Mobile Safari/537.36 MicroMessenger/6.6.7.1321(0x26060739) NetType/4G Language/zh_CN" "-"
223.104.20.209 - - [01/Aug/2018:08:27:36 +0800] "GET /api/discovery/users/ HTTP/1.1" 200 7862 "http://m.xiaobaiparty.com/find" "Mozilla/5.0 (Linux; Android 4.4.2; Che2-TL00 Build/HonorChe2-TL00; wv) AppleWebKit/537.36 (KHTML, like Gecko) Version/4.0 Chrome/57.0.2987.132 MQQBrowser/6.2 TBS/044113 Mobile Safari/537.36 MicroMessenger/6.6.7.1321(0x26060739) NetType/4G Language/zh_CN" "-"
223.104.20.209 - - [01/Aug/2018:08:27:51 +0800] "POST /api/wechat_h5/config/ HTTP/1.1" 200 190 "http://m.xiaobaiparty.com/find" "Mozilla/5.0 (Linux; Android 4.4.2; Che2-TL00 Build/HonorChe2-TL00; wv) AppleWebKit/537.36 (KHTML, like Gecko) Version/4.0 Chrome/57.0.2987.132 MQQBrowser/6.2 TBS/044113 Mobile Safari/537.36 MicroMessenger/6.6.7.1321(0x26060739) NetType/4G Language/zh_CN" "-"
223.104.20.209 - - [01/Aug/2018:08:27:51 +0800] "GET /api/auth_info/ HTTP/1.1" 200 625 "http://m.xiaobaiparty.com/find" "Mozilla/5.0 (Linux; Android 4.4.2; Che2-TL00 Build/HonorChe2-TL00; wv) AppleWebKit/537.36 (KHTML, like Gecko) Version/4.0 Chrome/57.0.2987.132 MQQBrowser/6.2 TBS/044113 Mobile Safari/537.36 MicroMessenger/6.6.7.1321(0x26060739) NetType/4G Language/zh_CN" "-"
223.104.20.209 - - [01/Aug/2018:08:27:51 +0800] "GET /api/folders/532/ HTTP/1.1" 200 440 "http://m.xiaobaiparty.com/user_catalog_detail/532" "Mozilla/5.0 (Linux; Android 4.4.2; Che2-TL00 Build/HonorChe2-TL00; wv) AppleWebKit/537.36 (KHTML, like Gecko) Version/4.0 Chrome/57.0.2987.132 MQQBrowser/6.2 TBS/044113 Mobile Safari/537.36 MicroMessenger/6.6.7.1321(0x26060739) NetType/4G Language/zh_CN" "-"
223.104.20.209 - - [01/Aug/2018:08:27:52 +0800] "GET /api/folders/532/articles HTTP/1.1" 301 0 "http://m.xiaobaiparty.com/user_catalog_detail/532" "Mozilla/5.0 (Linux; Android 4.4.2; Che2-TL00 Build/HonorChe2-TL00; wv) AppleWebKit/537.36 (KHTML, like Gecko) Version/4.0 Chrome/57.0.2987.132 MQQBrowser/6.2 TBS/044113 Mobile Safari/537.36 MicroMessenger/6.6.7.1321(0x26060739) NetType/4G Language/zh_CN" "-"
223.104.20.209 - - [01/Aug/2018:08:27:52 +0800] "GET /api/folders/532/articles/ HTTP/1.1" 200 7503 "http://m.xiaobaiparty.com/user_catalog_detail/532" "Mozilla/5.0 (Linux; Android 4.4.2; Che2-TL00 Build/HonorChe2-TL00; wv) AppleWebKit/537.36 (KHTML, like Gecko) Version/4.0 Chrome/57.0.2987.132 MQQBrowser/6.2 TBS/044113 Mobile Safari/537.36 MicroMessenger/6.6.7.1321(0x26060739) NetType/4G Language/zh_CN" "-"
58.243.254.113 - - [01/Aug/2018:08:27:54 +0800] "GET /search?from=timeline&isappinstalled=0 HTTP/1.1" 200 569 "-" "Mozilla/5.0 (iPhone; CPU iPhone OS 11_4_1 like Mac OS X) AppleWebKit/605.1.15 (KHTML, like Gecko) Mobile/15G77 MicroMessenger/6.7.1 NetType/4G Language/zh_CN" "-"
58.243.254.113 - - [01/Aug/2018:08:27:54 +0800] "GET /static/js/manifest.c61e03dc6bfa5ab2d717.js HTTP/1.1" 200 1946 "http://m.xiaobaiparty.com/search?from=timeline&isappinstalled=0" "Mozilla/5.0 (iPhone; CPU iPhone OS 11_4_1 like Mac OS X) AppleWebKit/605.1.15 (KHTML, like Gecko) Mobile/15G77 MicroMessenger/6.7.1 NetType/4G Language/zh_CN" "-"
58.243.254.113 - - [01/Aug/2018:08:27:54 +0800] "GET /static/js/app.cc89f4bc82385e78fd29.js HTTP/1.1" 200 16383 "http://m.xiaobaiparty.com/search?from=timeline&isappinstalled=0" "Mozilla/5.0 (iPhone; CPU iPhone OS 11_4_1 like Mac OS X) AppleWebKit/605.1.15 (KHTML, like Gecko) Mobile/15G77 MicroMessenger/6.7.1 NetType/4G Language/zh_CN" "-"
58.243.254.113 - - [01/Aug/2018:08:27:54 +0800] "GET /static/css/app.937230d9f03a8edbd23c4015814f1ce0.css HTTP/1.1" 200 135829 "http://m.xiaobaiparty.com/search?from=timeline&isappinstalled=0" "Mozilla/5.0 (iPhone; CPU iPhone OS 11_4_1 like Mac OS X) AppleWebKit/605.1.15 (KHTML, like Gecko) Mobile/15G77 MicroMessenger/6.7.1 NetType/4G Language/zh_CN" "-"
58.243.254.113 - - [01/Aug/2018:08:27:56 +0800] "GET /static/js/vendor.4b3c332f71f26dbd1347.js HTTP/1.1" 200 524096 "http://m.xiaobaiparty.com/search?from=timeline&isappinstalled=0" "Mozilla/5.0 (iPhone; CPU iPhone OS 11_4_1 like Mac OS X) AppleWebKit/605.1.15 (KHTML, like Gecko) Mobile/15G77 MicroMessenger/6.7.1 NetType/4G Language/zh_CN" "-"
58.243.254.113 - - [01/Aug/2018:08:27:57 +0800] "POST /api/wechat_h5/config/ HTTP/1.1" 200 204 "http://m.xiaobaiparty.com/search?from=timeline&isappinstalled=0" "Mozilla/5.0 (iPhone; CPU iPhone OS 11_4_1 like Mac OS X) AppleWebKit/605.1.15 (KHTML, like Gecko) Mobile/15G77 MicroMessenger/6.7.1 NetType/4G Language/zh_CN" "-"
58.243.254.113 - - [01/Aug/2018:08:27:57 +0800] "GET /api/auth_info/ HTTP/1.1" 401 82 "http://m.xiaobaiparty.com/search?from=timeline&isappinstalled=0" "Mozilla/5.0 (iPhone; CPU iPhone OS 11_4_1 like Mac OS X) AppleWebKit/605.1.15 (KHTML, like Gecko) Mobile/15G77 MicroMessenger/6.7.1 NetType/4G Language/zh_CN" "-"
58.243.254.113 - - [01/Aug/2018:08:27:59 +0800] "GET /search?from=timeline&isappinstalled=0&code=0710GcK00vFfdG1RhHI009IrK000GcKh&state=STATE HTTP/1.1" 200 569 "-" "Mozilla/5.0 (iPhone; CPU iPhone OS 11_4_1 like Mac OS X) AppleWebKit/605.1.15 (KHTML, like Gecko) Mobile/15G77 MicroMessenger/6.7.1 NetType/4G Language/zh_CN" "-"
58.243.254.113 - - [01/Aug/2018:08:28:00 +0800] "POST /api/wechat_h5/config/ HTTP/1.1" 200 254 "http://m.xiaobaiparty.com/search?from=timeline&isappinstalled=0&code=0710GcK00vFfdG1RhHI009IrK000GcKh&state=STATE" "Mozilla/5.0 (iPhone; CPU iPhone OS 11_4_1 like Mac OS X) AppleWebKit/605.1.15 (KHTML, like Gecko) Mobile/15G77 MicroMessenger/6.7.1 NetType/4G Language/zh_CN" "-"
58.243.254.113 - - [01/Aug/2018:08:28:00 +0800] "GET /api/auth_info/ HTTP/1.1" 401 82 "http://m.xiaobaiparty.com/search?from=timeline&isappinstalled=0&code=0710GcK00vFfdG1RhHI009IrK000GcKh&state=STATE" "Mozilla/5.0 (iPhone; CPU iPhone OS 11_4_1 like Mac OS X) AppleWebKit/605.1.15 (KHTML, like Gecko) Mobile/15G77 MicroMessenger/6.7.1 NetType/4G Language/zh_CN" "-"
58.243.254.113 - - [01/Aug/2018:08:28:01 +0800] "GET /api/wechat/oauth/?code=0710GcK00vFfdG1RhHI009IrK000GcKh HTTP/1.1" 200 382 "http://m.xiaobaiparty.com/search?from=timeline&isappinstalled=0&code=0710GcK00vFfdG1RhHI009IrK000GcKh&state=STATE" "Mozilla/5.0 (iPhone; CPU iPhone OS 11_4_1 like Mac OS X) AppleWebKit/605.1.15 (KHTML, like Gecko) Mobile/15G77 MicroMessenger/6.7.1 NetType/4G Language/zh_CN" "-"
58.243.254.113 - - [01/Aug/2018:08:28:01 +0800] "GET /static/js/8.804c032fd4b7703bf7f6.js HTTP/1.1" 200 891 "http://m.xiaobaiparty.com/search?from=timeline&isappinstalled=0&code=0710GcK00vFfdG1RhHI009IrK000GcKh&state=STATE" "Mozilla/5.0 (iPhone; CPU iPhone OS 11_4_1 like Mac OS X) AppleWebKit/605.1.15 (KHTML, like Gecko) Mobile/15G77 MicroMessenger/6.7.1 NetType/4G Language/zh_CN" "-"
58.243.254.113 - - [01/Aug/2018:08:28:01 +0800] "GET /static/js/6.633461d488e7b9a2e2a6.js HTTP/1.1" 200 13268 "http://m.xiaobaiparty.com/search?from=timeline&isappinstalled=0&code=0710GcK00vFfdG1RhHI009IrK000GcKh&state=STATE" "Mozilla/5.0 (iPhone; CPU iPhone OS 11_4_1 like Mac OS X) AppleWebKit/605.1.15 (KHTML, like Gecko) Mobile/15G77 MicroMessenger/6.7.1 NetType/4G Language/zh_CN" "-"
58.243.254.113 - - [01/Aug/2018:08:28:01 +0800] "GET /static/js/0.c011607dd024d2648406.js HTTP/1.1" 200 80926 "http://m.xiaobaiparty.com/search?from=timeline&isappinstalled=0&code=0710GcK00vFfdG1RhHI009IrK000GcKh&state=STATE" "Mozilla/5.0 (iPhone; CPU iPhone OS 11_4_1 like Mac OS X) AppleWebKit/605.1.15 (KHTML, like Gecko) Mobile/15G77 MicroMessenger/6.7.1 NetType/4G Language/zh_CN" "-"
58.243.254.113 - - [01/Aug/2018:08:28:01 +0800] "GET /static/img/Bitmap.1e7f4f5.png HTTP/1.1" 200 24510 "http://m.xiaobaiparty.com/search?from=timeline&isappinstalled=0&code=0710GcK00vFfdG1RhHI009IrK000GcKh&state=STATE" "Mozilla/5.0 (iPhone; CPU iPhone OS 11_4_1 like Mac OS X) AppleWebKit/605.1.15 (KHTML, like Gecko) Mobile/15G77 MicroMessenger/6.7.1 NetType/4G Language/zh_CN" "-"
58.243.254.113 - - [01/Aug/2018:08:28:01 +0800] "GET /static/img/WechatIMG.04a909e.jpeg HTTP/1.1" 200 28241 "http://m.xiaobaiparty.com/search?from=timeline&isappinstalled=0&code=0710GcK00vFfdG1RhHI009IrK000GcKh&state=STATE" "Mozilla/5.0 (iPhone; CPU iPhone OS 11_4_1 like Mac OS X) AppleWebKit/605.1.15 (KHTML, like Gecko) Mobile/15G77 MicroMessenger/6.7.1 NetType/4G Language/zh_CN" "-"
58.243.254.113 - - [01/Aug/2018:08:28:01 +0800] "GET /api/my_folders/ HTTP/1.1" 200 2 "http://m.xiaobaiparty.com/search?from=timeline&isappinstalled=0&code=0710GcK00vFfdG1RhHI009IrK000GcKh&state=STATE" "Mozilla/5.0 (iPhone; CPU iPhone OS 11_4_1 like Mac OS X) AppleWebKit/605.1.15 (KHTML, like Gecko) Mobile/15G77 MicroMessenger/6.7.1 NetType/4G Language/zh_CN" "-"
58.243.254.113 - - [01/Aug/2018:08:28:08 +0800] "GET /api/auth_info/ HTTP/1.1" 200 382 "http://m.xiaobaiparty.com/search?from=timeline&isappinstalled=0&code=0710GcK00vFfdG1RhHI009IrK000GcKh&state=STATE" "Mozilla/5.0 (iPhone; CPU iPhone OS 11_4_1 like Mac OS X) AppleWebKit/605.1.15 (KHTML, like Gecko) Mobile/15G77 MicroMessenger/6.7.1 NetType/4G Language/zh_CN" "-"
58.243.254.113 - - [01/Aug/2018:08:28:08 +0800] "GET /static/js/13.ed449d2f7f0db7797586.js HTTP/1.1" 200 5554 "http://m.xiaobaiparty.com/search?from=timeline&isappinstalled=0&code=0710GcK00vFfdG1RhHI009IrK000GcKh&state=STATE" "Mozilla/5.0 (iPhone; CPU iPhone OS 11_4_1 like Mac OS X) AppleWebKit/605.1.15 (KHTML, like Gecko) Mobile/15G77 MicroMessenger/6.7.1 NetType/4G Language/zh_CN" "-"
58.243.254.113 - - [01/Aug/2018:08:28:08 +0800] "GET /api/refresh/?query_type=0&page=1&page_size=20 HTTP/1.1" 200 12947 "http://m.xiaobaiparty.com/refresh_follow" "Mozilla/5.0 (iPhone; CPU iPhone OS 11_4_1 like Mac OS X) AppleWebKit/605.1.15 (KHTML, like Gecko) Mobile/15G77 MicroMessenger/6.7.1 NetType/4G Language/zh_CN" "-"
58.243.254.113 - - [01/Aug/2018:08:28:08 +0800] "GET /api/my_folders/ HTTP/1.1" 200 2 "http://m.xiaobaiparty.com/refresh_follow" "Mozilla/5.0 (iPhone; CPU iPhone OS 11_4_1 like Mac OS X) AppleWebKit/605.1.15 (KHTML, like Gecko) Mobile/15G77 MicroMessenger/6.7.1 NetType/4G Language/zh_CN" "-"
223.104.20.209 - - [01/Aug/2018:08:28:09 +0800] "GET /api/auth_info/ HTTP/1.1" 200 625 "http://m.xiaobaiparty.com/find" "Mozilla/5.0 (Linux; Android 4.4.2; Che2-TL00 Build/HonorChe2-TL00; wv) AppleWebKit/537.36 (KHTML, like Gecko) Version/4.0 Chrome/57.0.2987.132 MQQBrowser/6.2 TBS/044113 Mobile Safari/537.36 MicroMessenger/6.6.7.1321(0x26060739) NetType/4G Language/zh_CN" "-"
223.104.20.209 - - [01/Aug/2018:08:28:09 +0800] "GET /api/my_folders/ HTTP/1.1" 200 1433 "http://m.xiaobaiparty.com/find" "Mozilla/5.0 (Linux; Android 4.4.2; Che2-TL00 Build/HonorChe2-TL00; wv) AppleWebKit/537.36 (KHTML, like Gecko) Version/4.0 Chrome/57.0.2987.132 MQQBrowser/6.2 TBS/044113 Mobile Safari/537.36 MicroMessenger/6.6.7.1321(0x26060739) NetType/4G Language/zh_CN" "-"
223.104.20.209 - - [01/Aug/2018:08:28:09 +0800] "GET /api/discovery/banners/ HTTP/1.1" 200 515 "http://m.xiaobaiparty.com/find" "Mozilla/5.0 (Linux; Android 4.4.2; Che2-TL00 Build/HonorChe2-TL00; wv) AppleWebKit/537.36 (KHTML, like Gecko) Version/4.0 Chrome/57.0.2987.132 MQQBrowser/6.2 TBS/044113 Mobile Safari/537.36 MicroMessenger/6.6.7.1321(0x26060739) NetType/4G Language/zh_CN" "-"
223.104.20.209 - - [01/Aug/2018:08:28:09 +0800] "GET /api/discovery/folders/ HTTP/1.1" 200 2199 "http://m.xiaobaiparty.com/find" "Mozilla/5.0 (Linux; Android 4.4.2; Che2-TL00 Build/HonorChe2-TL00; wv) AppleWebKit/537.36 (KHTML, like Gecko) Version/4.0 Chrome/57.0.2987.132 MQQBrowser/6.2 TBS/044113 Mobile Safari/537.36 MicroMessenger/6.6.7.1321(0x26060739) NetType/4G Language/zh_CN" "-"
223.104.20.209 - - [01/Aug/2018:08:28:09 +0800] "GET /api/discovery/users/ HTTP/1.1" 200 7751 "http://m.xiaobaiparty.com/find" "Mozilla/5.0 (Linux; Android 4.4.2; Che2-TL00 Build/HonorChe2-TL00; wv) AppleWebKit/537.36 (KHTML, like Gecko) Version/4.0 Chrome/57.0.2987.132 MQQBrowser/6.2 TBS/044113 Mobile Safari/537.36 MicroMessenger/6.6.7.1321(0x26060739) NetType/4G Language/zh_CN" "-"
61.151.179.27 - - [01/Aug/2018:08:28:13 +0800] "GET /search?from=timeline HTTP/1.1" 200 569 "-" "Mozilla/5.0 (Linux; Android 8.0; VTR-AL00 Build/HUAWEIVTR-AL00; wv) AppleWebKit/537.36 (KHTML, like Gecko) Version/4.0 Chrome/57.0.2987.132 MQQBrowser/6.2 TBS/044113 Mobile Safari/537.36 MicroMessenger/6.6.7.1321(0x26060739) NetType/4G Language/zh_CN" "36.60.218.201"
223.104.20.209 - - [01/Aug/2018:08:28:13 +0800] "POST /api/wechat_h5/config/ HTTP/1.1" 200 177 "http://m.xiaobaiparty.com/find" "Mozilla/5.0 (Linux; Android 4.4.2; Che2-TL00 Build/HonorChe2-TL00; wv) AppleWebKit/537.36 (KHTML, like Gecko) Version/4.0 Chrome/57.0.2987.132 MQQBrowser/6.2 TBS/044113 Mobile Safari/537.36 MicroMessenger/6.6.7.1321(0x26060739) NetType/4G Language/zh_CN" "-"
223.104.20.209 - - [01/Aug/2018:08:28:13 +0800] "GET /api/auth_info/ HTTP/1.1" 200 625 "http://m.xiaobaiparty.com/find" "Mozilla/5.0 (Linux; Android 4.4.2; Che2-TL00 Build/HonorChe2-TL00; wv) AppleWebKit/537.36 (KHTML, like Gecko) Version/4.0 Chrome/57.0.2987.132 MQQBrowser/6.2 TBS/044113 Mobile Safari/537.36 MicroMessenger/6.6.7.1321(0x26060739) NetType/4G Language/zh_CN" "-"
61.151.179.27 - - [01/Aug/2018:08:28:13 +0800] "GET /static/js/manifest.c61e03dc6bfa5ab2d717.js HTTP/1.1" 200 1946 "http://m.xiaobaiparty.com/search?from=timeline" "Mozilla/5.0 (Linux; Android 8.0; VTR-AL00 Build/HUAWEIVTR-AL00; wv) AppleWebKit/537.36 (KHTML, like Gecko) Version/4.0 Chrome/57.0.2987.132 MQQBrowser/6.2 TBS/044113 Mobile Safari/537.36 MicroMessenger/6.6.7.1321(0x26060739) NetType/4G Language/zh_CN" "36.60.218.201"
61.151.179.27 - - [01/Aug/2018:08:28:14 +0800] "GET /static/js/app.cc89f4bc82385e78fd29.js HTTP/1.1" 200 16383 "http://m.xiaobaiparty.com/search?from=timeline" "Mozilla/5.0 (Linux; Android 8.0; VTR-AL00 Build/HUAWEIVTR-AL00; wv) AppleWebKit/537.36 (KHTML, like Gecko) Version/4.0 Chrome/57.0.2987.132 MQQBrowser/6.2 TBS/044113 Mobile Safari/537.36 MicroMessenger/6.6.7.1321(0x26060739) NetType/4G Language/zh_CN" "36.60.218.201"
36.60.218.201 - - [01/Aug/2018:08:28:14 +0800] "GET /static/css/app.937230d9f03a8edbd23c4015814f1ce0.css HTTP/1.1" 200 135829 "http://m.xiaobaiparty.com/search?from=timeline" "Mozilla/5.0 (Linux; Android 8.0; VTR-AL00 Build/HUAWEIVTR-AL00; wv) AppleWebKit/537.36 (KHTML, like Gecko) Version/4.0 Chrome/57.0.2987.132 MQQBrowser/6.2 TBS/044113 Mobile Safari/537.36 MicroMessenger/6.6.7.1321(0x26060739) NetType/4G Language/zh_CN" "-"
223.104.20.209 - - [01/Aug/2018:08:28:14 +0800] "GET /api/users/2321/folders/ HTTP/1.1" 200 1433 "http://m.xiaobaiparty.com/my_catalog" "Mozilla/5.0 (Linux; Android 4.4.2; Che2-TL00 Build/HonorChe2-TL00; wv) AppleWebKit/537.36 (KHTML, like Gecko) Version/4.0 Chrome/57.0.2987.132 MQQBrowser/6.2 TBS/044113 Mobile Safari/537.36 MicroMessenger/6.6.7.1321(0x26060739) NetType/4G Language/zh_CN" "-"
183.192.201.97 - - [01/Aug/2018:08:28:14 +0800] "GET /static/js/vendor.4b3c332f71f26dbd1347.js HTTP/1.1" 200 524096 "http://m.xiaobaiparty.com/search?from=timeline" "Mozilla/5.0 (Linux; Android 8.0; VTR-AL00 Build/HUAWEIVTR-AL00; wv) AppleWebKit/537.36 (KHTML, like Gecko) Version/4.0 Chrome/57.0.2987.132 MQQBrowser/6.2 TBS/044113 Mobile Safari/537.36 MicroMessenger/6.6.7.1321(0x26060739) NetType/4G Language/zh_CN" "36.60.218.201"
223.104.20.209 - - [01/Aug/2018:08:28:14 +0800] "GET /api/m/userinfo/2321/ HTTP/1.1" 200 295 "http://m.xiaobaiparty.com/my_catalog" "Mozilla/5.0 (Linux; Android 4.4.2; Che2-TL00 Build/HonorChe2-TL00; wv) AppleWebKit/537.36 (KHTML, like Gecko) Version/4.0 Chrome/57.0.2987.132 MQQBrowser/6.2 TBS/044113 Mobile Safari/537.36 MicroMessenger/6.6.7.1321(0x26060739) NetType/4G Language/zh_CN" "-"
36.60.218.201 - - [01/Aug/2018:08:28:15 +0800] "GET /favicon.ico HTTP/1.1" 200 569 "http://m.xiaobaiparty.com/search?from=timeline" "Mozilla/5.0 (Linux; Android 8.0; VTR-AL00 Build/HUAWEIVTR-AL00; wv) AppleWebKit/537.36 (KHTML, like Gecko) Version/4.0 Chrome/57.0.2987.132 MQQBrowser/6.2 TBS/044113 Mobile Safari/537.36 MicroMessenger/6.6.7.1321(0x26060739) NetType/4G Language/zh_CN" "-"
183.192.201.97 - - [01/Aug/2018:08:28:15 +0800] "POST /api/wechat_h5/config/ HTTP/1.1" 200 187 "http://m.xiaobaiparty.com/search?from=timeline" "Mozilla/5.0 (Linux; Android 8.0; VTR-AL00 Build/HUAWEIVTR-AL00; wv) AppleWebKit/537.36 (KHTML, like Gecko) Version/4.0 Chrome/57.0.2987.132 MQQBrowser/6.2 TBS/044113 Mobile Safari/537.36 MicroMessenger/6.6.7.1321(0x26060739) NetType/4G Language/zh_CN" "36.60.218.201"
61.151.179.27 - - [01/Aug/2018:08:28:15 +0800] "GET /api/auth_info/ HTTP/1.1" 401 82 "http://m.xiaobaiparty.com/search?from=timeline" "Mozilla/5.0 (Linux; Android 8.0; VTR-AL00 Build/HUAWEIVTR-AL00; wv) AppleWebKit/537.36 (KHTML, like Gecko) Version/4.0 Chrome/57.0.2987.132 MQQBrowser/6.2 TBS/044113 Mobile Safari/537.36 MicroMessenger/6.6.7.1321(0x26060739) NetType/4G Language/zh_CN" "36.60.218.201"
101.226.86.156 - - [01/Aug/2018:08:28:51 +0800] "GET /user_catalog_detail/532 HTTP/1.1" 200 569 "-" "Mozilla/5.0 (Windows NT 6.1; WOW64) AppleWebKit/537.36 (KHTML, like Gecko) Chrome/39.0.2171.95 Safari/537.36 MicroMessenger/6.5.2.501 NetType/WIFI WindowsWechat QBCore/3.43.27.400 QQBrowser/9.0.2524.400" "-"
101.226.86.156 - - [01/Aug/2018:08:28:52 +0800] "GET /static/js/manifest.c61e03dc6bfa5ab2d717.js HTTP/1.1" 200 1946 "http://m.xiaobaiparty.com/user_catalog_detail/532" "Mozilla/5.0 (Linux; Android 4.4.4; Coolpad Y82-520 Build/KTU84P) AppleWebKit/537.36 (KHTML, like Gecko) Version/4.0 Chrome/33.0.0.0 Mobile Safari/537.36 MicroMessenger/6.5.4.1000 NetType/4G Language/zh_CN" "-"
101.226.86.156 - - [01/Aug/2018:08:28:53 +0800] "GET /static/js/vendor.4b3c332f71f26dbd1347.js HTTP/1.1" 200 524096 "http://m.xiaobaiparty.com/user_catalog_detail/532" "Mozilla/5.0 (Windows NT 6.1; WOW64) AppleWebKit/537.36 (KHTML, like Gecko) Chrome/39.0.2171.95 Safari/537.36 MicroMessenger/6.5.2.501 NetType/WIFI WindowsWechat QBCore/3.43.27.400 QQBrowser/9.0.2524.400" "-"
61.151.226.167 - - [01/Aug/2018:08:28:54 +0800] "GET /search?from=timeline&isappinstalled=0 HTTP/1.1" 200 569 "-" "Mozilla/5.0 (iPhone; CPU iPhone OS 10_2_1 like Mac OS X) AppleWebKit/602.4.6 (KHTML, like Gecko) Mobile/14D27 MicroMessenger/6.5.5 NetType/WIFI Language/zh_CN" "-"
61.151.226.167 - - [01/Aug/2018:08:28:55 +0800] "GET /static/js/manifest.c61e03dc6bfa5ab2d717.js HTTP/1.1" 200 1946 "http://m.xiaobaiparty.com/search?from=timeline&isappinstalled=0" "Mozilla/5.0 (Linux; Android 5.1.1; SM801 Build/LMY47V; wv) AppleWebKit/537.36 (KHTML, like Gecko) Version/4.0 Chrome/53.0.2785.49 Mobile MQQBrowser/6.2 TBS/043024 Safari/537.36 MicroMessenger/6.5.4.1000 NetType/4G Language/zh_CN" "-"
101.226.86.156 - - [01/Aug/2018:08:28:55 +0800] "GET /static/js/app.cc89f4bc82385e78fd29.js HTTP/1.1" 200 16383 "http://m.xiaobaiparty.com/user_catalog_detail/532" "Mozilla/5.0 (Linux; Android 4.4.4; HUAWEI ALE-CL00 Build/HuaweiALE-CL00; wv) AppleWebKit/537.36 (KHTML, like Gecko) Version/4.0 Chrome/53.0.2785.49 Mobile MQQBrowser/6.2 TBS/043024 Safari/537.36 MicroMessenger/6.5.4.1000 NetType/4G Language/zh_CN" "-"
61.151.226.167 - - [01/Aug/2018:08:28:55 +0800] "GET /static/js/vendor.4b3c332f71f26dbd1347.js HTTP/1.1" 200 524096 "http://m.xiaobaiparty.com/search?from=timeline&isappinstalled=0" "Mozilla/5.0 (Linux; Android 4.4.4; HUAWEI ALE-CL00 Build/HuaweiALE-CL00; wv) AppleWebKit/537.36 (KHTML, like Gecko) Version/4.0 Chrome/53.0.2785.49 Mobile MQQBrowser/6.2 TBS/043024 Safari/537.36 MicroMessenger/6.5.4.1000 NetType/4G Language/zh_CN" "-"
61.151.226.167 - - [01/Aug/2018:08:28:56 +0800] "GET /static/js/app.cc89f4bc82385e78fd29.js HTTP/1.1" 200 16383 "http://m.xiaobaiparty.com/search?from=timeline&isappinstalled=0" "Mozilla/5.0 (Linux; Android 4.4.4; Coolpad Y82-520 Build/KTU84P) AppleWebKit/537.36 (KHTML, like Gecko) Version/4.0 Chrome/33.0.0.0 Mobile Safari/537.36 MicroMessenger/6.5.4.1000 NetType/4G Language/zh_CN" "-"
61.129.8.203 - - [01/Aug/2018:08:29:11 +0800] "GET /search?from=timeline&isappinstalled=0 HTTP/1.1" 200 569 "-" "Mozilla/5.0 (Linux; Android 7.0; KNT-AL10 Build/HUAWEIKNT-AL10; wv) AppleWebKit/537.36 (KHTML, like Gecko) Version/4.0 Chrome/57.0.2987.132 MQQBrowser/6.2 TBS/044203 Mobile Safari/537.36 MicroMessenger/6.6.7.1321(0x26060739) NetType/WIFI Language/zh_CN" "114.102.154.137"
61.129.8.203 - - [01/Aug/2018:08:29:12 +0800] "GET /static/js/manifest.c61e03dc6bfa5ab2d717.js HTTP/1.1" 200 1946 "http://m.xiaobaiparty.com/search?from=timeline&isappinstalled=0" "Mozilla/5.0 (Linux; Android 7.0; KNT-AL10 Build/HUAWEIKNT-AL10; wv) AppleWebKit/537.36 (KHTML, like Gecko) Version/4.0 Chrome/57.0.2987.132 MQQBrowser/6.2 TBS/044203 Mobile Safari/537.36 MicroMessenger/6.6.7.1321(0x26060739) NetType/WIFI Language/zh_CN" "114.102.154.137"
61.129.8.203 - - [01/Aug/2018:08:29:12 +0800] "GET /static/js/app.cc89f4bc82385e78fd29.js HTTP/1.1" 200 16383 "http://m.xiaobaiparty.com/search?from=timeline&isappinstalled=0" "Mozilla/5.0 (Linux; Android 7.0; KNT-AL10 Build/HUAWEIKNT-AL10; wv) AppleWebKit/537.36 (KHTML, like Gecko) Version/4.0 Chrome/57.0.2987.132 MQQBrowser/6.2 TBS/044203 Mobile Safari/537.36 MicroMessenger/6.6.7.1321(0x26060739) NetType/WIFI Language/zh_CN" "114.102.154.137"
114.102.154.137 - - [01/Aug/2018:08:29:12 +0800] "GET /static/css/app.937230d9f03a8edbd23c4015814f1ce0.css HTTP/1.1" 200 135829 "http://m.xiaobaiparty.com/search?from=timeline&isappinstalled=0" "Mozilla/5.0 (Linux; Android 7.0; KNT-AL10 Build/HUAWEIKNT-AL10; wv) AppleWebKit/537.36 (KHTML, like Gecko) Version/4.0 Chrome/57.0.2987.132 MQQBrowser/6.2 TBS/044203 Mobile Safari/537.36 MicroMessenger/6.6.7.1321(0x26060739) NetType/WIFI Language/zh_CN" "-"
61.129.8.203 - - [01/Aug/2018:08:29:12 +0800] "GET /static/js/vendor.4b3c332f71f26dbd1347.js HTTP/1.1" 200 524096 "http://m.xiaobaiparty.com/search?from=timeline&isappinstalled=0" "Mozilla/5.0 (Linux; Android 7.0; KNT-AL10 Build/HUAWEIKNT-AL10; wv) AppleWebKit/537.36 (KHTML, like Gecko) Version/4.0 Chrome/57.0.2987.132 MQQBrowser/6.2 TBS/044203 Mobile Safari/537.36 MicroMessenger/6.6.7.1321(0x26060739) NetType/WIFI Language/zh_CN" "114.102.154.137"
114.102.154.137 - - [01/Aug/2018:08:29:13 +0800] "GET /favicon.ico HTTP/1.1" 200 569 "http://m.xiaobaiparty.com/search?from=timeline&isappinstalled=0" "Mozilla/5.0 (Linux; Android 7.0; KNT-AL10 Build/HUAWEIKNT-AL10; wv) AppleWebKit/537.36 (KHTML, like Gecko) Version/4.0 Chrome/57.0.2987.132 MQQBrowser/6.2 TBS/044203 Mobile Safari/537.36 MicroMessenger/6.6.7.1321(0x26060739) NetType/WIFI Language/zh_CN" "-"
61.129.8.203 - - [01/Aug/2018:08:29:13 +0800] "POST /api/wechat_h5/config/ HTTP/1.1" 200 204 "http://m.xiaobaiparty.com/search?from=timeline&isappinstalled=0" "Mozilla/5.0 (Linux; Android 7.0; KNT-AL10 Build/HUAWEIKNT-AL10; wv) AppleWebKit/537.36 (KHTML, like Gecko) Version/4.0 Chrome/57.0.2987.132 MQQBrowser/6.2 TBS/044203 Mobile Safari/537.36 MicroMessenger/6.6.7.1321(0x26060739) NetType/WIFI Language/zh_CN" "114.102.154.137"
112.17.237.176 - - [01/Aug/2018:08:29:13 +0800] "GET /search?from=timeline&isappinstalled=0 HTTP/1.1" 200 569 "-" "Mozilla/5.0 (iPhone; CPU iPhone OS 11_4_1 like Mac OS X) AppleWebKit/605.1.15 (KHTML, like Gecko) Mobile/15G77 MicroMessenger/6.7.1 NetType/4G Language/zh_CN" "-"
61.129.8.203 - - [01/Aug/2018:08:29:13 +0800] "GET /api/auth_info/ HTTP/1.1" 401 82 "http://m.xiaobaiparty.com/search?from=timeline&isappinstalled=0" "Mozilla/5.0 (Linux; Android 7.0; KNT-AL10 Build/HUAWEIKNT-AL10; wv) AppleWebKit/537.36 (KHTML, like Gecko) Version/4.0 Chrome/57.0.2987.132 MQQBrowser/6.2 TBS/044203 Mobile Safari/537.36 MicroMessenger/6.6.7.1321(0x26060739) NetType/WIFI Language/zh_CN" "114.102.154.137"
112.17.237.176 - - [01/Aug/2018:08:29:14 +0800] "GET /static/css/app.937230d9f03a8edbd23c4015814f1ce0.css HTTP/1.1" 200 135829 "http://m.xiaobaiparty.com/search?from=timeline&isappinstalled=0" "Mozilla/5.0 (iPhone; CPU iPhone OS 11_4_1 like Mac OS X) AppleWebKit/605.1.15 (KHTML, like Gecko) Mobile/15G77 MicroMessenger/6.7.1 NetType/4G Language/zh_CN" "-"
112.17.237.176 - - [01/Aug/2018:08:29:14 +0800] "GET /static/js/manifest.c61e03dc6bfa5ab2d717.js HTTP/1.1" 200 1946 "http://m.xiaobaiparty.com/search?from=timeline&isappinstalled=0" "Mozilla/5.0 (iPhone; CPU iPhone OS 11_4_1 like Mac OS X) AppleWebKit/605.1.15 (KHTML, like Gecko) Mobile/15G77 MicroMessenger/6.7.1 NetType/4G Language/zh_CN" "-"
112.17.237.176 - - [01/Aug/2018:08:29:14 +0800] "GET /static/js/app.cc89f4bc82385e78fd29.js HTTP/1.1" 200 16383 "http://m.xiaobaiparty.com/search?from=timeline&isappinstalled=0" "Mozilla/5.0 (iPhone; CPU iPhone OS 11_4_1 like Mac OS X) AppleWebKit/605.1.15 (KHTML, like Gecko) Mobile/15G77 MicroMessenger/6.7.1 NetType/4G Language/zh_CN" "-"
112.17.237.176 - - [01/Aug/2018:08:29:14 +0800] "GET /static/js/vendor.4b3c332f71f26dbd1347.js HTTP/1.1" 200 524096 "http://m.xiaobaiparty.com/search?from=timeline&isappinstalled=0" "Mozilla/5.0 (iPhone; CPU iPhone OS 11_4_1 like Mac OS X) AppleWebKit/605.1.15 (KHTML, like Gecko) Mobile/15G77 MicroMessenger/6.7.1 NetType/4G Language/zh_CN" "-"
61.129.8.203 - - [01/Aug/2018:08:29:16 +0800] "GET /search?from=timeline&isappinstalled=0&code=07131DJm1lDY9k0BXDKm12YBJm131DJE&state=STATE HTTP/1.1" 200 569 "-" "Mozilla/5.0 (Linux; Android 7.0; KNT-AL10 Build/HUAWEIKNT-AL10; wv) AppleWebKit/537.36 (KHTML, like Gecko) Version/4.0 Chrome/57.0.2987.132 MQQBrowser/6.2 TBS/044203 Mobile Safari/537.36 MicroMessenger/6.6.7.1321(0x26060739) NetType/WIFI Language/zh_CN" "114.102.154.137"
61.129.8.203 - - [01/Aug/2018:08:29:17 +0800] "POST /api/wechat_h5/config/ HTTP/1.1" 200 254 "http://m.xiaobaiparty.com/search?from=timeline&isappinstalled=0&code=07131DJm1lDY9k0BXDKm12YBJm131DJE&state=STATE" "Mozilla/5.0 (Linux; Android 7.0; KNT-AL10 Build/HUAWEIKNT-AL10; wv) AppleWebKit/537.36 (KHTML, like Gecko) Version/4.0 Chrome/57.0.2987.132 MQQBrowser/6.2 TBS/044203 Mobile Safari/537.36 MicroMessenger/6.6.7.1321(0x26060739) NetType/WIFI Language/zh_CN" "114.102.154.137"
61.129.8.203 - - [01/Aug/2018:08:29:17 +0800] "GET /api/auth_info/ HTTP/1.1" 401 82 "http://m.xiaobaiparty.com/search?from=timeline&isappinstalled=0&code=07131DJm1lDY9k0BXDKm12YBJm131DJE&state=STATE" "Mozilla/5.0 (Linux; Android 7.0; KNT-AL10 Build/HUAWEIKNT-AL10; wv) AppleWebKit/537.36 (KHTML, like Gecko) Version/4.0 Chrome/57.0.2987.132 MQQBrowser/6.2 TBS/044203 Mobile Safari/537.36 MicroMessenger/6.6.7.1321(0x26060739) NetType/WIFI Language/zh_CN" "114.102.154.137"
61.129.8.203 - - [01/Aug/2018:08:29:18 +0800] "GET /api/wechat/oauth/?code=07131DJm1lDY9k0BXDKm12YBJm131DJE HTTP/1.1" 200 393 "http://m.xiaobaiparty.com/search?from=timeline&isappinstalled=0&code=07131DJm1lDY9k0BXDKm12YBJm131DJE&state=STATE" "Mozilla/5.0 (Linux; Android 7.0; KNT-AL10 Build/HUAWEIKNT-AL10; wv) AppleWebKit/537.36 (KHTML, like Gecko) Version/4.0 Chrome/57.0.2987.132 MQQBrowser/6.2 TBS/044203 Mobile Safari/537.36 MicroMessenger/6.6.7.1321(0x26060739) NetType/WIFI Language/zh_CN" "114.102.154.137"
61.129.8.203 - - [01/Aug/2018:08:29:18 +0800] "GET /static/js/8.804c032fd4b7703bf7f6.js HTTP/1.1" 200 891 "http://m.xiaobaiparty.com/search?from=timeline&isappinstalled=0&code=07131DJm1lDY9k0BXDKm12YBJm131DJE&state=STATE" "Mozilla/5.0 (Linux; Android 7.0; KNT-AL10 Build/HUAWEIKNT-AL10; wv) AppleWebKit/537.36 (KHTML, like Gecko) Version/4.0 Chrome/57.0.2987.132 MQQBrowser/6.2 TBS/044203 Mobile Safari/537.36 MicroMessenger/6.6.7.1321(0x26060739) NetType/WIFI Language/zh_CN" "114.102.154.137"
61.129.8.203 - - [01/Aug/2018:08:29:18 +0800] "GET /static/js/6.633461d488e7b9a2e2a6.js HTTP/1.1" 200 13268 "http://m.xiaobaiparty.com/search?from=timeline&isappinstalled=0&code=07131DJm1lDY9k0BXDKm12YBJm131DJE&state=STATE" "Mozilla/5.0 (Linux; Android 7.0; KNT-AL10 Build/HUAWEIKNT-AL10; wv) AppleWebKit/537.36 (KHTML, like Gecko) Version/4.0 Chrome/57.0.2987.132 MQQBrowser/6.2 TBS/044203 Mobile Safari/537.36 MicroMessenger/6.6.7.1321(0x26060739) NetType/WIFI Language/zh_CN" "114.102.154.137"
61.129.8.203 - - [01/Aug/2018:08:29:18 +0800] "GET /static/js/0.c011607dd024d2648406.js HTTP/1.1" 200 80926 "http://m.xiaobaiparty.com/search?from=timeline&isappinstalled=0&code=07131DJm1lDY9k0BXDKm12YBJm131DJE&state=STATE" "Mozilla/5.0 (Linux; Android 7.0; KNT-AL10 Build/HUAWEIKNT-AL10; wv) AppleWebKit/537.36 (KHTML, like Gecko) Version/4.0 Chrome/57.0.2987.132 MQQBrowser/6.2 TBS/044203 Mobile Safari/537.36 MicroMessenger/6.6.7.1321(0x26060739) NetType/WIFI Language/zh_CN" "114.102.154.137"
114.102.154.137 - - [01/Aug/2018:08:29:18 +0800] "GET /static/img/Bitmap.1e7f4f5.png HTTP/1.1" 200 24510 "http://m.xiaobaiparty.com/search?from=timeline&isappinstalled=0&code=07131DJm1lDY9k0BXDKm12YBJm131DJE&state=STATE" "Mozilla/5.0 (Linux; Android 7.0; KNT-AL10 Build/HUAWEIKNT-AL10; wv) AppleWebKit/537.36 (KHTML, like Gecko) Version/4.0 Chrome/57.0.2987.132 MQQBrowser/6.2 TBS/044203 Mobile Safari/537.36 MicroMessenger/6.6.7.1321(0x26060739) NetType/WIFI Language/zh_CN" "-"
61.129.8.203 - - [01/Aug/2018:08:29:18 +0800] "GET /api/my_folders/ HTTP/1.1" 200 2 "http://m.xiaobaiparty.com/search?from=timeline&isappinstalled=0&code=07131DJm1lDY9k0BXDKm12YBJm131DJE&state=STATE" "Mozilla/5.0 (Linux; Android 7.0; KNT-AL10 Build/HUAWEIKNT-AL10; wv) AppleWebKit/537.36 (KHTML, like Gecko) Version/4.0 Chrome/57.0.2987.132 MQQBrowser/6.2 TBS/044203 Mobile Safari/537.36 MicroMessenger/6.6.7.1321(0x26060739) NetType/WIFI Language/zh_CN" "114.102.154.137"
114.102.154.137 - - [01/Aug/2018:08:29:18 +0800] "GET /static/img/WechatIMG.04a909e.jpeg HTTP/1.1" 200 28241 "http://m.xiaobaiparty.com/search?from=timeline&isappinstalled=0&code=07131DJm1lDY9k0BXDKm12YBJm131DJE&state=STATE" "Mozilla/5.0 (Linux; Android 7.0; KNT-AL10 Build/HUAWEIKNT-AL10; wv) AppleWebKit/537.36 (KHTML, like Gecko) Version/4.0 Chrome/57.0.2987.132 MQQBrowser/6.2 TBS/044203 Mobile Safari/537.36 MicroMessenger/6.6.7.1321(0x26060739) NetType/WIFI Language/zh_CN" "-"
112.17.237.176 - - [01/Aug/2018:08:29:24 +0800] "POST /api/wechat_h5/config/ HTTP/1.1" 200 204 "http://m.xiaobaiparty.com/search?from=timeline&isappinstalled=0" "Mozilla/5.0 (iPhone; CPU iPhone OS 11_4_1 like Mac OS X) AppleWebKit/605.1.15 (KHTML, like Gecko) Mobile/15G77 MicroMessenger/6.7.1 NetType/4G Language/zh_CN" "-"
112.17.237.176 - - [01/Aug/2018:08:29:25 +0800] "GET /api/auth_info/ HTTP/1.1" 401 82 "http://m.xiaobaiparty.com/search?from=timeline&isappinstalled=0" "Mozilla/5.0 (iPhone; CPU iPhone OS 11_4_1 like Mac OS X) AppleWebKit/605.1.15 (KHTML, like Gecko) Mobile/15G77 MicroMessenger/6.7.1 NetType/4G Language/zh_CN" "-"
61.129.8.203 - - [01/Aug/2018:08:29:45 +0800] "GET /api/articles_search/?query=%E6%B1%BD%E8%BD%A6%E8%A1%8C%E9%A9%B6%E8%B7%91%E5%81%8F HTTP/1.1" 200 2 "http://m.xiaobaiparty.com/search?from=timeline&isappinstalled=0&code=07131DJm1lDY9k0BXDKm12YBJm131DJE&state=STATE" "Mozilla/5.0 (Linux; Android 7.0; KNT-AL10 Build/HUAWEIKNT-AL10; wv) AppleWebKit/537.36 (KHTML, like Gecko) Version/4.0 Chrome/57.0.2987.132 MQQBrowser/6.2 TBS/044203 Mobile Safari/537.36 MicroMessenger/6.6.7.1321(0x26060739) NetType/WIFI Language/zh_CN" "114.102.154.137"
61.129.8.203 - - [01/Aug/2018:08:29:45 +0800] "GET /api/folders_search/?query=%E6%B1%BD%E8%BD%A6%E8%A1%8C%E9%A9%B6%E8%B7%91%E5%81%8F HTTP/1.1" 200 2 "http://m.xiaobaiparty.com/search?from=timeline&isappinstalled=0&code=07131DJm1lDY9k0BXDKm12YBJm131DJE&state=STATE" "Mozilla/5.0 (Linux; Android 7.0; KNT-AL10 Build/HUAWEIKNT-AL10; wv) AppleWebKit/537.36 (KHTML, like Gecko) Version/4.0 Chrome/57.0.2987.132 MQQBrowser/6.2 TBS/044203 Mobile Safari/537.36 MicroMessenger/6.6.7.1321(0x26060739) NetType/WIFI Language/zh_CN" "114.102.154.137"
61.129.8.203 - - [01/Aug/2018:08:29:45 +0800] "GET /api/users_search/?query=%E6%B1%BD%E8%BD%A6%E8%A1%8C%E9%A9%B6%E8%B7%91%E5%81%8F HTTP/1.1" 200 2 "http://m.xiaobaiparty.com/search?from=timeline&isappinstalled=0&code=07131DJm1lDY9k0BXDKm12YBJm131DJE&state=STATE" "Mozilla/5.0 (Linux; Android 7.0; KNT-AL10 Build/HUAWEIKNT-AL10; wv) AppleWebKit/537.36 (KHTML, like Gecko) Version/4.0 Chrome/57.0.2987.132 MQQBrowser/6.2 TBS/044203 Mobile Safari/537.36 MicroMessenger/6.6.7.1321(0x26060739) NetType/WIFI Language/zh_CN" "114.102.154.137"
101.226.225.59 - - [01/Aug/2018:08:29:48 +0800] "GET /search?from=timeline HTTP/1.1" 200 569 "-" "Mozilla/5.0 (Linux; Android 5.1; OPPO A37m Build/LMY47I; wv) AppleWebKit/537.36 (KHTML, like Gecko) Version/4.0 Chrome/57.0.2987.132 MQQBrowser/6.2 TBS/044113 Mobile Safari/537.36 MicroMessenger/6.6.7.1321(0x26060739) NetType/WIFI Language/zh_CN" "101.70.219.39"
101.226.225.59 - - [01/Aug/2018:08:29:48 +0800] "GET /static/js/manifest.c61e03dc6bfa5ab2d717.js HTTP/1.1" 200 1946 "http://m.xiaobaiparty.com/search?from=timeline" "Mozilla/5.0 (Linux; Android 5.1; OPPO A37m Build/LMY47I; wv) AppleWebKit/537.36 (KHTML, like Gecko) Version/4.0 Chrome/57.0.2987.132 MQQBrowser/6.2 TBS/044113 Mobile Safari/537.36 MicroMessenger/6.6.7.1321(0x26060739) NetType/WIFI Language/zh_CN" "101.70.219.39"
101.226.225.59 - - [01/Aug/2018:08:29:48 +0800] "GET /static/js/app.cc89f4bc82385e78fd29.js HTTP/1.1" 200 16383 "http://m.xiaobaiparty.com/search?from=timeline" "Mozilla/5.0 (Linux; Android 5.1; OPPO A37m Build/LMY47I; wv) AppleWebKit/537.36 (KHTML, like Gecko) Version/4.0 Chrome/57.0.2987.132 MQQBrowser/6.2 TBS/044113 Mobile Safari/537.36 MicroMessenger/6.6.7.1321(0x26060739) NetType/WIFI Language/zh_CN" "101.70.219.39"
101.70.219.39 - - [01/Aug/2018:08:29:48 +0800] "GET /static/css/app.937230d9f03a8edbd23c4015814f1ce0.css HTTP/1.1" 200 135829 "http://m.xiaobaiparty.com/search?from=timeline" "Mozilla/5.0 (Linux; Android 5.1; OPPO A37m Build/LMY47I; wv) AppleWebKit/537.36 (KHTML, like Gecko) Version/4.0 Chrome/57.0.2987.132 MQQBrowser/6.2 TBS/044113 Mobile Safari/537.36 MicroMessenger/6.6.7.1321(0x26060739) NetType/WIFI Language/zh_CN" "-"
101.226.225.59 - - [01/Aug/2018:08:29:48 +0800] "GET /static/js/vendor.4b3c332f71f26dbd1347.js HTTP/1.1" 200 524096 "http://m.xiaobaiparty.com/search?from=timeline" "Mozilla/5.0 (Linux; Android 5.1; OPPO A37m Build/LMY47I; wv) AppleWebKit/537.36 (KHTML, like Gecko) Version/4.0 Chrome/57.0.2987.132 MQQBrowser/6.2 TBS/044113 Mobile Safari/537.36 MicroMessenger/6.6.7.1321(0x26060739) NetType/WIFI Language/zh_CN" "101.70.219.39"
101.226.225.59 - - [01/Aug/2018:08:29:52 +0800] "POST /api/wechat_h5/config/ HTTP/1.1" 200 187 "http://m.xiaobaiparty.com/search?from=timeline" "Mozilla/5.0 (Linux; Android 5.1; OPPO A37m Build/LMY47I; wv) AppleWebKit/537.36 (KHTML, like Gecko) Version/4.0 Chrome/57.0.2987.132 MQQBrowser/6.2 TBS/044113 Mobile Safari/537.36 MicroMessenger/6.6.7.1321(0x26060739) NetType/WIFI Language/zh_CN" "101.70.219.39"
61.129.8.203 - - [01/Aug/2018:08:29:53 +0800] "POST /api/wechat_h5/config/ HTTP/1.1" 200 177 "http://m.xiaobaiparty.com/search?from=timeline&isappinstalled=0&code=07131DJm1lDY9k0BXDKm12YBJm131DJE&state=STATE" "Mozilla/5.0 (Linux; Android 7.0; KNT-AL10 Build/HUAWEIKNT-AL10; wv) AppleWebKit/537.36 (KHTML, like Gecko) Version/4.0 Chrome/57.0.2987.132 MQQBrowser/6.2 TBS/044203 Mobile Safari/537.36 MicroMessenger/6.6.7.1321(0x26060739) NetType/WIFI Language/zh_CN" "114.102.154.137"
61.129.8.203 - - [01/Aug/2018:08:29:53 +0800] "GET /api/auth_info/ HTTP/1.1" 200 393 "http://m.xiaobaiparty.com/search?from=timeline&isappinstalled=0&code=07131DJm1lDY9k0BXDKm12YBJm131DJE&state=STATE" "Mozilla/5.0 (Linux; Android 7.0; KNT-AL10 Build/HUAWEIKNT-AL10; wv) AppleWebKit/537.36 (KHTML, like Gecko) Version/4.0 Chrome/57.0.2987.132 MQQBrowser/6.2 TBS/044203 Mobile Safari/537.36 MicroMessenger/6.6.7.1321(0x26060739) NetType/WIFI Language/zh_CN" "114.102.154.137"
61.129.8.203 - - [01/Aug/2018:08:29:53 +0800] "GET /static/js/5.facb89af5e32be137b3c.js HTTP/1.1" 200 9395 "http://m.xiaobaiparty.com/search?from=timeline&isappinstalled=0&code=07131DJm1lDY9k0BXDKm12YBJm131DJE&state=STATE" "Mozilla/5.0 (Linux; Android 7.0; KNT-AL10 Build/HUAWEIKNT-AL10; wv) AppleWebKit/537.36 (KHTML, like Gecko) Version/4.0 Chrome/57.0.2987.132 MQQBrowser/6.2 TBS/044203 Mobile Safari/537.36 MicroMessenger/6.6.7.1321(0x26060739) NetType/WIFI Language/zh_CN" "114.102.154.137"
114.102.154.137 - - [01/Aug/2018:08:29:53 +0800] "GET /api/users/1926/folders/ HTTP/1.1" 200 2 "http://m.xiaobaiparty.com/my_catalog" "Mozilla/5.0 (Linux; Android 7.0; KNT-AL10 Build/HUAWEIKNT-AL10; wv) AppleWebKit/537.36 (KHTML, like Gecko) Version/4.0 Chrome/57.0.2987.132 MQQBrowser/6.2 TBS/044203 Mobile Safari/537.36 MicroMessenger/6.6.7.1321(0x26060739) NetType/WIFI Language/zh_CN" "-"
114.102.154.137 - - [01/Aug/2018:08:29:53 +0800] "GET /api/m/userinfo/1926/ HTTP/1.1" 200 268 "http://m.xiaobaiparty.com/my_catalog" "Mozilla/5.0 (Linux; Android 7.0; KNT-AL10 Build/HUAWEIKNT-AL10; wv) AppleWebKit/537.36 (KHTML, like Gecko) Version/4.0 Chrome/57.0.2987.132 MQQBrowser/6.2 TBS/044203 Mobile Safari/537.36 MicroMessenger/6.6.7.1321(0x26060739) NetType/WIFI Language/zh_CN" "-"
101.70.219.39 - - [01/Aug/2018:08:29:53 +0800] "GET /favicon.ico HTTP/1.1" 200 569 "http://m.xiaobaiparty.com/search?from=timeline" "Mozilla/5.0 (Linux; Android 5.1; OPPO A37m Build/LMY47I; wv) AppleWebKit/537.36 (KHTML, like Gecko) Version/4.0 Chrome/57.0.2987.132 MQQBrowser/6.2 TBS/044113 Mobile Safari/537.36 MicroMessenger/6.6.7.1321(0x26060739) NetType/WIFI Language/zh_CN" "-"
58.246.221.73 - - [01/Aug/2018:08:29:53 +0800] "GET /api/auth_info/ HTTP/1.1" 401 82 "http://m.xiaobaiparty.com/search?from=timeline" "Mozilla/5.0 (Linux; Android 5.1; OPPO A37m Build/LMY47I; wv) AppleWebKit/537.36 (KHTML, like Gecko) Version/4.0 Chrome/57.0.2987.132 MQQBrowser/6.2 TBS/044113 Mobile Safari/537.36 MicroMessenger/6.6.7.1321(0x26060739) NetType/WIFI Language/zh_CN" "101.70.219.39"
114.102.154.137 - - [01/Aug/2018:08:29:58 +0800] "GET /api/auth_info/ HTTP/1.1" 200 393 "http://m.xiaobaiparty.com/my_catalog" "Mozilla/5.0 (Linux; Android 7.0; KNT-AL10 Build/HUAWEIKNT-AL10; wv) AppleWebKit/537.36 (KHTML, like Gecko) Version/4.0 Chrome/57.0.2987.132 MQQBrowser/6.2 TBS/044203 Mobile Safari/537.36 MicroMessenger/6.6.7.1321(0x26060739) NetType/WIFI Language/zh_CN" "-"
114.102.154.137 - - [01/Aug/2018:08:29:58 +0800] "GET /static/js/7.ef567402feb25675d179.js HTTP/1.1" 200 10807 "http://m.xiaobaiparty.com/my_catalog" "Mozilla/5.0 (Linux; Android 7.0; KNT-AL10 Build/HUAWEIKNT-AL10; wv) AppleWebKit/537.36 (KHTML, like Gecko) Version/4.0 Chrome/57.0.2987.132 MQQBrowser/6.2 TBS/044203 Mobile Safari/537.36 MicroMessenger/6.6.7.1321(0x26060739) NetType/WIFI Language/zh_CN" "-"
114.102.154.137 - - [01/Aug/2018:08:29:59 +0800] "GET /api/my_folders/ HTTP/1.1" 200 2 "http://m.xiaobaiparty.com/find" "Mozilla/5.0 (Linux; Android 7.0; KNT-AL10 Build/HUAWEIKNT-AL10; wv) AppleWebKit/537.36 (KHTML, like Gecko) Version/4.0 Chrome/57.0.2987.132 MQQBrowser/6.2 TBS/044203 Mobile Safari/537.36 MicroMessenger/6.6.7.1321(0x26060739) NetType/WIFI Language/zh_CN" "-"
114.102.154.137 - - [01/Aug/2018:08:29:59 +0800] "GET /api/discovery/banners/ HTTP/1.1" 200 515 "http://m.xiaobaiparty.com/find" "Mozilla/5.0 (Linux; Android 7.0; KNT-AL10 Build/HUAWEIKNT-AL10; wv) AppleWebKit/537.36 (KHTML, like Gecko) Version/4.0 Chrome/57.0.2987.132 MQQBrowser/6.2 TBS/044203 Mobile Safari/537.36 MicroMessenger/6.6.7.1321(0x26060739) NetType/WIFI Language/zh_CN" "-"
114.102.154.137 - - [01/Aug/2018:08:29:59 +0800] "GET /api/discovery/folders/ HTTP/1.1" 200 2204 "http://m.xiaobaiparty.com/find" "Mozilla/5.0 (Linux; Android 7.0; KNT-AL10 Build/HUAWEIKNT-AL10; wv) AppleWebKit/537.36 (KHTML, like Gecko) Version/4.0 Chrome/57.0.2987.132 MQQBrowser/6.2 TBS/044203 Mobile Safari/537.36 MicroMessenger/6.6.7.1321(0x26060739) NetType/WIFI Language/zh_CN" "-"
114.102.154.137 - - [01/Aug/2018:08:29:59 +0800] "GET /static/img/normal_file.8a8a56f.png HTTP/1.1" 200 43083 "http://m.xiaobaiparty.com/find" "Mozilla/5.0 (Linux; Android 7.0; KNT-AL10 Build/HUAWEIKNT-AL10; wv) AppleWebKit/537.36 (KHTML, like Gecko) Version/4.0 Chrome/57.0.2987.132 MQQBrowser/6.2 TBS/044203 Mobile Safari/537.36 MicroMessenger/6.6.7.1321(0x26060739) NetType/WIFI Language/zh_CN" "-"
114.102.154.137 - - [01/Aug/2018:08:29:59 +0800] "GET /api/discovery/users/ HTTP/1.1" 200 7833 "http://m.xiaobaiparty.com/find" "Mozilla/5.0 (Linux; Android 7.0; KNT-AL10 Build/HUAWEIKNT-AL10; wv) AppleWebKit/537.36 (KHTML, like Gecko) Version/4.0 Chrome/57.0.2987.132 MQQBrowser/6.2 TBS/044203 Mobile Safari/537.36 MicroMessenger/6.6.7.1321(0x26060739) NetType/WIFI Language/zh_CN" "-"
120.204.17.70 - - [01/Aug/2018:08:30:01 +0800] "GET /search HTTP/1.1" 200 569 "-" "Mozilla/5.0 (Linux; Android 4.4.4; Coolpad Y82-520 Build/KTU84P) AppleWebKit/537.36 (KHTML, like Gecko) Version/4.0 Chrome/33.0.0.0 Mobile Safari/537.36 MicroMessenger/6.5.4.1000 NetType/4G Language/zh_CN" "-"
101.70.219.39 - - [01/Aug/2018:08:30:03 +0800] "GET /favicon.ico HTTP/1.1" 200 569 "http://m.xiaobaiparty.com/search?from=timeline" "Mozilla/5.0 (Linux; Android 5.1; OPPO A37m Build/LMY47I; wv) AppleWebKit/537.36 (KHTML, like Gecko) Version/4.0 Chrome/57.0.2987.132 MQQBrowser/6.2 TBS/044113 Mobile Safari/537.36 MicroMessenger/6.6.7.1321(0x26060739) NetType/WIFI Language/zh_CN" "-"
101.226.225.59 - - [01/Aug/2018:08:30:03 +0800] "POST /api/wechat_h5/config/ HTTP/1.1" 200 187 "http://m.xiaobaiparty.com/search?from=timeline" "Mozilla/5.0 (Linux; Android 5.1; OPPO A37m Build/LMY47I; wv) AppleWebKit/537.36 (KHTML, like Gecko) Version/4.0 Chrome/57.0.2987.132 MQQBrowser/6.2 TBS/044113 Mobile Safari/537.36 MicroMessenger/6.6.7.1321(0x26060739) NetType/WIFI Language/zh_CN" "101.70.219.39"
101.226.225.59 - - [01/Aug/2018:08:30:03 +0800] "GET /api/auth_info/ HTTP/1.1" 401 82 "http://m.xiaobaiparty.com/search?from=timeline" "Mozilla/5.0 (Linux; Android 5.1; OPPO A37m Build/LMY47I; wv) AppleWebKit/537.36 (KHTML, like Gecko) Version/4.0 Chrome/57.0.2987.132 MQQBrowser/6.2 TBS/044113 Mobile Safari/537.36 MicroMessenger/6.6.7.1321(0x26060739) NetType/WIFI Language/zh_CN" "101.70.219.39"
114.102.154.137 - - [01/Aug/2018:08:30:04 +0800] "POST /api/wechat_h5/config/ HTTP/1.1" 200 190 "http://m.xiaobaiparty.com/find" "Mozilla/5.0 (Linux; Android 7.0; KNT-AL10 Build/HUAWEIKNT-AL10; wv) AppleWebKit/537.36 (KHTML, like Gecko) Version/4.0 Chrome/57.0.2987.132 MQQBrowser/6.2 TBS/044203 Mobile Safari/537.36 MicroMessenger/6.6.7.1321(0x26060739) NetType/WIFI Language/zh_CN" "-"
114.102.154.137 - - [01/Aug/2018:08:30:05 +0800] "GET /api/auth_info/ HTTP/1.1" 200 393 "http://m.xiaobaiparty.com/find" "Mozilla/5.0 (Linux; Android 7.0; KNT-AL10 Build/HUAWEIKNT-AL10; wv) AppleWebKit/537.36 (KHTML, like Gecko) Version/4.0 Chrome/57.0.2987.132 MQQBrowser/6.2 TBS/044203 Mobile Safari/537.36 MicroMessenger/6.6.7.1321(0x26060739) NetType/WIFI Language/zh_CN" "-"
114.102.154.137 - - [01/Aug/2018:08:30:05 +0800] "GET /static/js/15.796910cdc91da587abfc.js HTTP/1.1" 200 7562 "http://m.xiaobaiparty.com/find" "Mozilla/5.0 (Linux; Android 7.0; KNT-AL10 Build/HUAWEIKNT-AL10; wv) AppleWebKit/537.36 (KHTML, like Gecko) Version/4.0 Chrome/57.0.2987.132 MQQBrowser/6.2 TBS/044203 Mobile Safari/537.36 MicroMessenger/6.6.7.1321(0x26060739) NetType/WIFI Language/zh_CN" "-"
114.102.154.137 - - [01/Aug/2018:08:30:05 +0800] "GET /api/folders/187/ HTTP/1.1" 200 439 "http://m.xiaobaiparty.com/user_catalog_detail/187" "Mozilla/5.0 (Linux; Android 7.0; KNT-AL10 Build/HUAWEIKNT-AL10; wv) AppleWebKit/537.36 (KHTML, like Gecko) Version/4.0 Chrome/57.0.2987.132 MQQBrowser/6.2 TBS/044203 Mobile Safari/537.36 MicroMessenger/6.6.7.1321(0x26060739) NetType/WIFI Language/zh_CN" "-"
114.102.154.137 - - [01/Aug/2018:08:30:05 +0800] "GET /api/folders/187/articles HTTP/1.1" 301 0 "http://m.xiaobaiparty.com/user_catalog_detail/187" "Mozilla/5.0 (Linux; Android 7.0; KNT-AL10 Build/HUAWEIKNT-AL10; wv) AppleWebKit/537.36 (KHTML, like Gecko) Version/4.0 Chrome/57.0.2987.132 MQQBrowser/6.2 TBS/044203 Mobile Safari/537.36 MicroMessenger/6.6.7.1321(0x26060739) NetType/WIFI Language/zh_CN" "-"
114.102.154.137 - - [01/Aug/2018:08:30:05 +0800] "GET /api/folders/187/articles/ HTTP/1.1" 200 9435 "http://m.xiaobaiparty.com/user_catalog_detail/187" "Mozilla/5.0 (Linux; Android 7.0; KNT-AL10 Build/HUAWEIKNT-AL10; wv) AppleWebKit/537.36 (KHTML, like Gecko) Version/4.0 Chrome/57.0.2987.132 MQQBrowser/6.2 TBS/044203 Mobile Safari/537.36 MicroMessenger/6.6.7.1321(0x26060739) NetType/WIFI Language/zh_CN" "-"
101.226.225.59 - - [01/Aug/2018:08:30:10 +0800] "GET /search?from=timeline&code=011cvBRL1AFpI51tn2SL1WwlRL1cvBRS&state=STATE HTTP/1.1" 200 569 "-" "Mozilla/5.0 (Linux; Android 5.1; OPPO A37m Build/LMY47I; wv) AppleWebKit/537.36 (KHTML, like Gecko) Version/4.0 Chrome/57.0.2987.132 MQQBrowser/6.2 TBS/044113 Mobile Safari/537.36 MicroMessenger/6.6.7.1321(0x26060739) NetType/WIFI Language/zh_CN" "101.70.219.39"
101.226.225.59 - - [01/Aug/2018:08:30:11 +0800] "POST /api/wechat_h5/config/ HTTP/1.1" 200 237 "http://m.xiaobaiparty.com/search?from=timeline&code=011cvBRL1AFpI51tn2SL1WwlRL1cvBRS&state=STATE" "Mozilla/5.0 (Linux; Android 5.1; OPPO A37m Build/LMY47I; wv) AppleWebKit/537.36 (KHTML, like Gecko) Version/4.0 Chrome/57.0.2987.132 MQQBrowser/6.2 TBS/044113 Mobile Safari/537.36 MicroMessenger/6.6.7.1321(0x26060739) NetType/WIFI Language/zh_CN" "101.70.219.39"
58.246.221.73 - - [01/Aug/2018:08:30:11 +0800] "GET /api/auth_info/ HTTP/1.1" 401 82 "http://m.xiaobaiparty.com/search?from=timeline&code=011cvBRL1AFpI51tn2SL1WwlRL1cvBRS&state=STATE" "Mozilla/5.0 (Linux; Android 5.1; OPPO A37m Build/LMY47I; wv) AppleWebKit/537.36 (KHTML, like Gecko) Version/4.0 Chrome/57.0.2987.132 MQQBrowser/6.2 TBS/044113 Mobile Safari/537.36 MicroMessenger/6.6.7.1321(0x26060739) NetType/WIFI Language/zh_CN" "101.70.219.39"
101.226.225.59 - - [01/Aug/2018:08:30:12 +0800] "GET /api/wechat/oauth/?code=011cvBRL1AFpI51tn2SL1WwlRL1cvBRS HTTP/1.1" 200 408 "http://m.xiaobaiparty.com/search?from=timeline&code=011cvBRL1AFpI51tn2SL1WwlRL1cvBRS&state=STATE" "Mozilla/5.0 (Linux; Android 5.1; OPPO A37m Build/LMY47I; wv) AppleWebKit/537.36 (KHTML, like Gecko) Version/4.0 Chrome/57.0.2987.132 MQQBrowser/6.2 TBS/044113 Mobile Safari/537.36 MicroMessenger/6.6.7.1321(0x26060739) NetType/WIFI Language/zh_CN" "101.70.219.39"
101.226.225.59 - - [01/Aug/2018:08:30:12 +0800] "GET /static/js/6.633461d488e7b9a2e2a6.js HTTP/1.1" 200 13268 "http://m.xiaobaiparty.com/search?from=timeline&code=011cvBRL1AFpI51tn2SL1WwlRL1cvBRS&state=STATE" "Mozilla/5.0 (Linux; Android 5.1; OPPO A37m Build/LMY47I; wv) AppleWebKit/537.36 (KHTML, like Gecko) Version/4.0 Chrome/57.0.2987.132 MQQBrowser/6.2 TBS/044113 Mobile Safari/537.36 MicroMessenger/6.6.7.1321(0x26060739) NetType/WIFI Language/zh_CN" "101.70.219.39"
