117.136.8.228 - - [01/Aug/2018:08:40:15 +0800] "GET /api/my_folders/ HTTP/1.1" 200 2 "http://m.xiaobaiparty.com/find" "Mozilla/5.0 (iPhone; CPU iPhone OS 11_3 like Mac OS X) AppleWebKit/605.1.15 (KHTML, like Gecko) Mobile/15E302 MicroMessenger/6.7.1 NetType/4G Language/zh_CN" "-"
117.136.8.228 - - [01/Aug/2018:08:40:15 +0800] "GET /api/discovery/banners/ HTTP/1.1" 200 515 "http://m.xiaobaiparty.com/find" "Mozilla/5.0 (iPhone; CPU iPhone OS 11_3 like Mac OS X) AppleWebKit/605.1.15 (KHTML, like Gecko) Mobile/15E302 MicroMessenger/6.7.1 NetType/4G Language/zh_CN" "-"
117.136.8.228 - - [01/Aug/2018:08:40:16 +0800] "GET /api/discovery/users/ HTTP/1.1" 200 7992 "http://m.xiaobaiparty.com/find" "Mozilla/5.0 (iPhone; CPU iPhone OS 11_3 like Mac OS X) AppleWebKit/605.1.15 (KHTML, like Gecko) Mobile/15E302 MicroMessenger/6.7.1 NetType/4G Language/zh_CN" "-"
117.136.8.228 - - [01/Aug/2018:08:40:16 +0800] "GET /static/img/normal_file.8a8a56f.png HTTP/1.1" 200 43083 "http://m.xiaobaiparty.com/find" "Mozilla/5.0 (iPhone; CPU iPhone OS 11_3 like Mac OS X) AppleWebKit/605.1.15 (KHTML, like Gecko) Mobile/15E302 MicroMessenger/6.7.1 NetType/4G Language/zh_CN" "-"
140.207.54.76 - - [01/Aug/2018:08:40:26 +0800] "POST /api/wechat_h5/callback/ HTTP/1.1" 200 2 "-" "Mozilla/4.0" "-"
117.136.8.228 - - [01/Aug/2018:08:40:43 +0800] "POST /api/wechat_h5/config/ HTTP/1.1" 200 204 "http://m.xiaobaiparty.com/search?from=timeline&isappinstalled=0" "Mozilla/5.0 (iPhone; CPU iPhone OS 11_3 like Mac OS X) AppleWebKit/605.1.15 (KHTML, like Gecko) Mobile/15E302 MicroMessenger/6.7.1 NetType/4G Language/zh_CN" "-"
117.136.8.228 - - [01/Aug/2018:08:40:43 +0800] "GET /api/auth_info/ HTTP/1.1" 200 383 "http://m.xiaobaiparty.com/search?from=timeline&isappinstalled=0" "Mozilla/5.0 (iPhone; CPU iPhone OS 11_3 like Mac OS X) AppleWebKit/605.1.15 (KHTML, like Gecko) Mobile/15E302 MicroMessenger/6.7.1 NetType/4G Language/zh_CN" "-"
117.136.8.228 - - [01/Aug/2018:08:40:43 +0800] "GET /api/my_folders/ HTTP/1.1" 200 2 "http://m.xiaobaiparty.com/search?from=timeline&isappinstalled=0" "Mozilla/5.0 (iPhone; CPU iPhone OS 11_3 like Mac OS X) AppleWebKit/605.1.15 (KHTML, like Gecko) Mobile/15E302 MicroMessenger/6.7.1 NetType/4G Language/zh_CN" "-"
140.207.54.79 - - [01/Aug/2018:08:40:49 +0800] "POST /api/wechat/public/callback/?signature=2cda124e0772e1592b8856cd5280afa79acb6556&timestamp=1533084049&nonce=1695689141&openid=oqZrQ0cVOziJk0UW37csCiJjvl88 HTTP/1.1" 200 626 "-" "Mozilla/4.0" "-"
13.250.100.188 - - [01/Aug/2018:08:41:01 +0800] "GET / HTTP/1.1" 200 11547 "-" "PostmanRuntime/7.1.6" "-"
140.207.54.79 - - [01/Aug/2018:08:41:47 +0800] "POST /api/wechat/public/callback/?signature=d681317a022fd1cca6edfe965e21f5bce1d443e3&timestamp=1533084107&nonce=851791511&openid=oqZrQ0cVOziJk0UW37csCiJjvl88 HTTP/1.1" 200 341 "-" "Mozilla/4.0" "-"
117.136.8.228 - - [01/Aug/2018:08:41:47 +0800] "GET /search HTTP/1.1" 200 569 "-" "Mozilla/5.0 (iPhone; CPU iPhone OS 11_3 like Mac OS X) AppleWebKit/605.1.15 (KHTML, like Gecko) Mobile/15E302 MicroMessenger/6.7.1 NetType/4G Language/zh_CN" "-"
117.136.8.228 - - [01/Aug/2018:08:41:47 +0800] "POST /api/wechat_h5/config/ HTTP/1.1" 200 173 "http://m.xiaobaiparty.com/search" "Mozilla/5.0 (iPhone; CPU iPhone OS 11_3 like Mac OS X) AppleWebKit/605.1.15 (KHTML, like Gecko) Mobile/15E302 MicroMessenger/6.7.1 NetType/4G Language/zh_CN" "-"
117.136.8.228 - - [01/Aug/2018:08:41:48 +0800] "GET /api/auth_info/ HTTP/1.1" 200 382 "http://m.xiaobaiparty.com/search" "Mozilla/5.0 (iPhone; CPU iPhone OS 11_3 like Mac OS X) AppleWebKit/605.1.15 (KHTML, like Gecko) Mobile/15E302 MicroMessenger/6.7.1 NetType/4G Language/zh_CN" "-"
117.136.8.228 - - [01/Aug/2018:08:41:48 +0800] "GET /api/my_folders/ HTTP/1.1" 200 2 "http://m.xiaobaiparty.com/search" "Mozilla/5.0 (iPhone; CPU iPhone OS 11_3 like Mac OS X) AppleWebKit/605.1.15 (KHTML, like Gecko) Mobile/15E302 MicroMessenger/6.7.1 NetType/4G Language/zh_CN" "-"
140.207.54.79 - - [01/Aug/2018:08:41:50 +0800] "POST /api/wechat/public/callback/?signature=ac776d94adac9b842ea52c287bdace458258e4ac&timestamp=1533084110&nonce=750703220&openid=oqZrQ0cVOziJk0UW37csCiJjvl88 HTTP/1.1" 200 341 "-" "Mozilla/4.0" "-"
117.136.8.228 - - [01/Aug/2018:08:41:50 +0800] "GET /find HTTP/1.1" 200 569 "-" "Mozilla/5.0 (iPhone; CPU iPhone OS 11_3 like Mac OS X) AppleWebKit/605.1.15 (KHTML, like Gecko) Mobile/15E302 MicroMessenger/6.7.1 NetType/4G Language/zh_CN" "-"
117.136.8.228 - - [01/Aug/2018:08:41:50 +0800] "GET /api/auth_info/ HTTP/1.1" 200 382 "http://m.xiaobaiparty.com/find" "Mozilla/5.0 (iPhone; CPU iPhone OS 11_3 like Mac OS X) AppleWebKit/605.1.15 (KHTML, like Gecko) Mobile/15E302 MicroMessenger/6.7.1 NetType/4G Language/zh_CN" "-"
117.136.8.228 - - [01/Aug/2018:08:41:50 +0800] "GET /api/my_folders/ HTTP/1.1" 200 2 "http://m.xiaobaiparty.com/find" "Mozilla/5.0 (iPhone; CPU iPhone OS 11_3 like Mac OS X) AppleWebKit/605.1.15 (KHTML, like Gecko) Mobile/15E302 MicroMessenger/6.7.1 NetType/4G Language/zh_CN" "-"
117.136.8.228 - - [01/Aug/2018:08:41:50 +0800] "GET /api/discovery/banners/ HTTP/1.1" 200 515 "http://m.xiaobaiparty.com/find" "Mozilla/5.0 (iPhone; CPU iPhone OS 11_3 like Mac OS X) AppleWebKit/605.1.15 (KHTML, like Gecko) Mobile/15E302 MicroMessenger/6.7.1 NetType/4G Language/zh_CN" "-"
117.136.8.228 - - [01/Aug/2018:08:41:50 +0800] "GET /api/discovery/users/ HTTP/1.1" 200 7922 "http://m.xiaobaiparty.com/find" "Mozilla/5.0 (iPhone; CPU iPhone OS 11_3 like Mac OS X) AppleWebKit/605.1.15 (KHTML, like Gecko) Mobile/15E302 MicroMessenger/6.7.1 NetType/4G Language/zh_CN" "-"
117.136.8.228 - - [01/Aug/2018:08:41:51 +0800] "GET /api/discovery/folders/ HTTP/1.1" 200 2148 "http://m.xiaobaiparty.com/find" "Mozilla/5.0 (iPhone; CPU iPhone OS 11_3 like Mac OS X) AppleWebKit/605.1.15 (KHTML, like Gecko) Mobile/15E302 MicroMessenger/6.7.1 NetType/4G Language/zh_CN" "-"
124.160.214.13 - - [01/Aug/2018:08:41:52 +0800] "POST /api/wechat_h5/config/ HTTP/1.1" 200 202 "http://m.xiaobaiparty.com/user_catalog/214?from=singlemessage" "Mozilla/5.0 (Linux; Android 7.1.2; M6 Note Build/N2G47H; wv) AppleWebKit/537.36 (KHTML, like Gecko) Version/4.0 Chrome/57.0.2987.132 MQQBrowser/6.2 TBS/044109 Mobile Safari/537.36 MicroMessenger/6.6.7.1321(0x26060739) NetType/4G Language/zh_CN" "-"
124.160.214.13 - - [01/Aug/2018:08:41:52 +0800] "GET /api/auth_info/ HTTP/1.1" 200 385 "http://m.xiaobaiparty.com/user_catalog/214?from=singlemessage" "Mozilla/5.0 (Linux; Android 7.1.2; M6 Note Build/N2G47H; wv) AppleWebKit/537.36 (KHTML, like Gecko) Version/4.0 Chrome/57.0.2987.132 MQQBrowser/6.2 TBS/044109 Mobile Safari/537.36 MicroMessenger/6.6.7.1321(0x26060739) NetType/4G Language/zh_CN" "-"
124.160.214.13 - - [01/Aug/2018:08:41:52 +0800] "GET /api/m/userinfo/214/ HTTP/1.1" 200 289 "http://m.xiaobaiparty.com/user_catalog/214?from=singlemessage" "Mozilla/5.0 (Linux; Android 7.1.2; M6 Note Build/N2G47H; wv) AppleWebKit/537.36 (KHTML, like Gecko) Version/4.0 Chrome/57.0.2987.132 MQQBrowser/6.2 TBS/044109 Mobile Safari/537.36 MicroMessenger/6.6.7.1321(0x26060739) NetType/4G Language/zh_CN" "-"
124.160.214.13 - - [01/Aug/2018:08:41:52 +0800] "GET /api/users/214/folders/ HTTP/1.1" 200 3237 "http://m.xiaobaiparty.com/user_catalog/214?from=singlemessage" "Mozilla/5.0 (Linux; Android 7.1.2; M6 Note Build/N2G47H; wv) AppleWebKit/537.36 (KHTML, like Gecko) Version/4.0 Chrome/57.0.2987.132 MQQBrowser/6.2 TBS/044109 Mobile Safari/537.36 MicroMessenger/6.6.7.1321(0x26060739) NetType/4G Language/zh_CN" "-"
124.160.214.13 - - [01/Aug/2018:08:41:52 +0800] "GET /api/m/userinfo/214/ HTTP/1.1" 200 289 "http://m.xiaobaiparty.com/user_catalog/214?from=singlemessage" "Mozilla/5.0 (Linux; Android 7.1.2; M6 Note Build/N2G47H; wv) AppleWebKit/537.36 (KHTML, like Gecko) Version/4.0 Chrome/57.0.2987.132 MQQBrowser/6.2 TBS/044109 Mobile Safari/537.36 MicroMessenger/6.6.7.1321(0x26060739) NetType/4G Language/zh_CN" "-"
124.160.214.13 - - [01/Aug/2018:08:42:00 +0800] "GET /api/auth_info/ HTTP/1.1" 200 385 "http://m.xiaobaiparty.com/user_catalog/214?from=singlemessage" "Mozilla/5.0 (Linux; Android 7.1.2; M6 Note Build/N2G47H; wv) AppleWebKit/537.36 (KHTML, like Gecko) Version/4.0 Chrome/57.0.2987.132 MQQBrowser/6.2 TBS/044109 Mobile Safari/537.36 MicroMessenger/6.6.7.1321(0x26060739) NetType/4G Language/zh_CN" "-"
124.160.214.13 - - [01/Aug/2018:08:42:00 +0800] "GET /static/js/16.1d4904c7908b8d972a8f.js HTTP/1.1" 200 1834 "http://m.xiaobaiparty.com/user_catalog/214?from=singlemessage" "Mozilla/5.0 (Linux; Android 7.1.2; M6 Note Build/N2G47H; wv) AppleWebKit/537.36 (KHTML, like Gecko) Version/4.0 Chrome/57.0.2987.132 MQQBrowser/6.2 TBS/044109 Mobile Safari/537.36 MicroMessenger/6.6.7.1321(0x26060739) NetType/4G Language/zh_CN" "-"
124.160.214.13 - - [01/Aug/2018:08:42:00 +0800] "GET /static/js/16.1d4904c7908b8d972a8f.js?visitDstTime=1 HTTP/1.1" 200 1834 "http://m.xiaobaiparty.com/user_catalog/214?from=singlemessage" "Mozilla/5.0 (Linux; Android 7.1.2; M6 Note Build/N2G47H; wv) AppleWebKit/537.36 (KHTML, like Gecko) Version/4.0 Chrome/57.0.2987.132 MQQBrowser/6.2 TBS/044109 Mobile Safari/537.36 MicroMessenger/6.6.7.1321(0x26060739) NetType/4G Language/zh_CN" "-"
124.160.214.13 - - [01/Aug/2018:08:42:02 +0800] "GET /api/auth_info/ HTTP/1.1" 200 385 "http://m.xiaobaiparty.com/user_catalog/214?from=singlemessage" "Mozilla/5.0 (Linux; Android 7.1.2; M6 Note Build/N2G47H; wv) AppleWebKit/537.36 (KHTML, like Gecko) Version/4.0 Chrome/57.0.2987.132 MQQBrowser/6.2 TBS/044109 Mobile Safari/537.36 MicroMessenger/6.6.7.1321(0x26060739) NetType/4G Language/zh_CN" "-"
124.160.214.13 - - [01/Aug/2018:08:42:02 +0800] "GET /api/m/userinfo/214/followers/ HTTP/1.1" 200 11315 "http://m.xiaobaiparty.com/fans/214" "Mozilla/5.0 (Linux; Android 7.1.2; M6 Note Build/N2G47H; wv) AppleWebKit/537.36 (KHTML, like Gecko) Version/4.0 Chrome/57.0.2987.132 MQQBrowser/6.2 TBS/044109 Mobile Safari/537.36 MicroMessenger/6.6.7.1321(0x26060739) NetType/4G Language/zh_CN" "-"
117.136.8.228 - - [01/Aug/2018:08:42:07 +0800] "POST /api/wechat_h5/config/ HTTP/1.1" 200 171 "http://m.xiaobaiparty.com/find" "Mozilla/5.0 (iPhone; CPU iPhone OS 11_3 like Mac OS X) AppleWebKit/605.1.15 (KHTML, like Gecko) Mobile/15E302 MicroMessenger/6.7.1 NetType/4G Language/zh_CN" "-"
117.136.8.228 - - [01/Aug/2018:08:42:07 +0800] "GET /api/auth_info/ HTTP/1.1" 200 382 "http://m.xiaobaiparty.com/find" "Mozilla/5.0 (iPhone; CPU iPhone OS 11_3 like Mac OS X) AppleWebKit/605.1.15 (KHTML, like Gecko) Mobile/15E302 MicroMessenger/6.7.1 NetType/4G Language/zh_CN" "-"
61.129.6.83 - - [01/Aug/2018:08:42:09 +0800] "GET /search?from=timeline HTTP/1.1" 200 569 "-" "Mozilla/5.0 (Linux; Android 8.0; STF-AL10 Build/HUAWEISTF-AL10; wv) AppleWebKit/537.36 (KHTML, like Gecko) Version/4.0 Chrome/57.0.2987.132 MQQBrowser/6.2 TBS/044203 Mobile Safari/537.36 MicroMessenger/6.6.7.1321(0x26060739) NetType/4G Language/zh_CN" "36.23.110.157"
61.129.6.79 - - [01/Aug/2018:08:42:09 +0800] "GET /static/js/manifest.c61e03dc6bfa5ab2d717.js HTTP/1.1" 200 1946 "http://m.xiaobaiparty.com/search?from=timeline" "Mozilla/5.0 (Linux; Android 8.0; STF-AL10 Build/HUAWEISTF-AL10; wv) AppleWebKit/537.36 (KHTML, like Gecko) Version/4.0 Chrome/57.0.2987.132 MQQBrowser/6.2 TBS/044203 Mobile Safari/537.36 MicroMessenger/6.6.7.1321(0x26060739) NetType/4G Language/zh_CN" "36.23.110.157"
61.129.6.83 - - [01/Aug/2018:08:42:09 +0800] "GET /static/js/app.cc89f4bc82385e78fd29.js HTTP/1.1" 200 16383 "http://m.xiaobaiparty.com/search?from=timeline" "Mozilla/5.0 (Linux; Android 8.0; STF-AL10 Build/HUAWEISTF-AL10; wv) AppleWebKit/537.36 (KHTML, like Gecko) Version/4.0 Chrome/57.0.2987.132 MQQBrowser/6.2 TBS/044203 Mobile Safari/537.36 MicroMessenger/6.6.7.1321(0x26060739) NetType/4G Language/zh_CN" "36.23.110.157"
117.136.8.228 - - [01/Aug/2018:08:42:09 +0800] "GET /api/auth_info/ HTTP/1.1" 200 382 "http://m.xiaobaiparty.com/find" "Mozilla/5.0 (iPhone; CPU iPhone OS 11_3 like Mac OS X) AppleWebKit/605.1.15 (KHTML, like Gecko) Mobile/15E302 MicroMessenger/6.7.1 NetType/4G Language/zh_CN" "-"
36.23.110.157 - - [01/Aug/2018:08:42:09 +0800] "GET /static/css/app.937230d9f03a8edbd23c4015814f1ce0.css HTTP/1.1" 200 135829 "http://m.xiaobaiparty.com/search?from=timeline" "Mozilla/5.0 (Linux; Android 8.0; STF-AL10 Build/HUAWEISTF-AL10; wv) AppleWebKit/537.36 (KHTML, like Gecko) Version/4.0 Chrome/57.0.2987.132 MQQBrowser/6.2 TBS/044203 Mobile Safari/537.36 MicroMessenger/6.6.7.1321(0x26060739) NetType/4G Language/zh_CN" "-"
58.247.212.81 - - [01/Aug/2018:08:42:09 +0800] "GET /static/js/vendor.4b3c332f71f26dbd1347.js HTTP/1.1" 200 524096 "http://m.xiaobaiparty.com/search?from=timeline" "Mozilla/5.0 (Linux; Android 8.0; STF-AL10 Build/HUAWEISTF-AL10; wv) AppleWebKit/537.36 (KHTML, like Gecko) Version/4.0 Chrome/57.0.2987.132 MQQBrowser/6.2 TBS/044203 Mobile Safari/537.36 MicroMessenger/6.6.7.1321(0x26060739) NetType/4G Language/zh_CN" "36.23.110.157"
117.136.8.228 - - [01/Aug/2018:08:42:09 +0800] "GET /static/js/15.796910cdc91da587abfc.js HTTP/1.1" 200 7562 "http://m.xiaobaiparty.com/find" "Mozilla/5.0 (iPhone; CPU iPhone OS 11_3 like Mac OS X) AppleWebKit/605.1.15 (KHTML, like Gecko) Mobile/15E302 MicroMessenger/6.7.1 NetType/4G Language/zh_CN" "-"
117.136.8.228 - - [01/Aug/2018:08:42:10 +0800] "GET /api/auth_info/ HTTP/1.1" 200 382 "http://m.xiaobaiparty.com/find" "Mozilla/5.0 (iPhone; CPU iPhone OS 11_3 like Mac OS X) AppleWebKit/605.1.15 (KHTML, like Gecko) Mobile/15E302 MicroMessenger/6.7.1 NetType/4G Language/zh_CN" "-"
117.136.8.228 - - [01/Aug/2018:08:42:10 +0800] "GET /api/folders/501/ HTTP/1.1" 200 416 "http://m.xiaobaiparty.com/user_catalog_detail/501" "Mozilla/5.0 (iPhone; CPU iPhone OS 11_3 like Mac OS X) AppleWebKit/605.1.15 (KHTML, like Gecko) Mobile/15E302 MicroMessenger/6.7.1 NetType/4G Language/zh_CN" "-"
117.136.8.228 - - [01/Aug/2018:08:42:10 +0800] "GET /api/folders/501/articles HTTP/1.1" 301 0 "http://m.xiaobaiparty.com/user_catalog_detail/501" "Mozilla/5.0 (iPhone; CPU iPhone OS 11_3 like Mac OS X) AppleWebKit/605.1.15 (KHTML, like Gecko) Mobile/15E302 MicroMessenger/6.7.1 NetType/4G Language/zh_CN" "-"
36.23.110.157 - - [01/Aug/2018:08:42:10 +0800] "GET /favicon.ico HTTP/1.1" 200 569 "http://m.xiaobaiparty.com/search?from=timeline" "Mozilla/5.0 (Linux; Android 8.0; STF-AL10 Build/HUAWEISTF-AL10; wv) AppleWebKit/537.36 (KHTML, like Gecko) Version/4.0 Chrome/57.0.2987.132 MQQBrowser/6.2 TBS/044203 Mobile Safari/537.36 MicroMessenger/6.6.7.1321(0x26060739) NetType/4G Language/zh_CN" "-"
61.129.6.83 - - [01/Aug/2018:08:42:11 +0800] "POST /api/wechat_h5/config/ HTTP/1.1" 200 187 "http://m.xiaobaiparty.com/search?from=timeline" "Mozilla/5.0 (Linux; Android 8.0; STF-AL10 Build/HUAWEISTF-AL10; wv) AppleWebKit/537.36 (KHTML, like Gecko) Version/4.0 Chrome/57.0.2987.132 MQQBrowser/6.2 TBS/044203 Mobile Safari/537.36 MicroMessenger/6.6.7.1321(0x26060739) NetType/4G Language/zh_CN" "36.23.110.157"
117.136.8.228 - - [01/Aug/2018:08:42:11 +0800] "GET /api/folders/501/articles/ HTTP/1.1" 200 7663 "http://m.xiaobaiparty.com/user_catalog_detail/501" "Mozilla/5.0 (iPhone; CPU iPhone OS 11_3 like Mac OS X) AppleWebKit/605.1.15 (KHTML, like Gecko) Mobile/15E302 MicroMessenger/6.7.1 NetType/4G Language/zh_CN" "-"
61.129.6.79 - - [01/Aug/2018:08:42:11 +0800] "GET /api/auth_info/ HTTP/1.1" 401 82 "http://m.xiaobaiparty.com/search?from=timeline" "Mozilla/5.0 (Linux; Android 8.0; STF-AL10 Build/HUAWEISTF-AL10; wv) AppleWebKit/537.36 (KHTML, like Gecko) Version/4.0 Chrome/57.0.2987.132 MQQBrowser/6.2 TBS/044203 Mobile Safari/537.36 MicroMessenger/6.6.7.1321(0x26060739) NetType/4G Language/zh_CN" "36.23.110.157"
61.129.6.79 - - [01/Aug/2018:08:42:12 +0800] "GET /search?from=timeline&code=0019gWt10E3CoE16p2r10iw2u109gWtd&state=STATE HTTP/1.1" 200 569 "-" "Mozilla/5.0 (Linux; Android 8.0; STF-AL10 Build/HUAWEISTF-AL10; wv) AppleWebKit/537.36 (KHTML, like Gecko) Version/4.0 Chrome/57.0.2987.132 MQQBrowser/6.2 TBS/044203 Mobile Safari/537.36 MicroMessenger/6.6.7.1321(0x26060739) NetType/4G Language/zh_CN" "36.23.110.157"
58.247.212.81 - - [01/Aug/2018:08:42:13 +0800] "POST /api/wechat_h5/config/ HTTP/1.1" 200 237 "http://m.xiaobaiparty.com/search?from=timeline&code=0019gWt10E3CoE16p2r10iw2u109gWtd&state=STATE" "Mozilla/5.0 (Linux; Android 8.0; STF-AL10 Build/HUAWEISTF-AL10; wv) AppleWebKit/537.36 (KHTML, like Gecko) Version/4.0 Chrome/57.0.2987.132 MQQBrowser/6.2 TBS/044203 Mobile Safari/537.36 MicroMessenger/6.6.7.1321(0x26060739) NetType/4G Language/zh_CN" "36.23.110.157"
124.160.214.13 - - [01/Aug/2018:08:42:14 +0800] "POST /api/wechat_h5/config/ HTTP/1.1" 200 202 "http://m.xiaobaiparty.com/user_catalog/214?from=singlemessage" "Mozilla/5.0 (Linux; Android 7.1.2; M6 Note Build/N2G47H; wv) AppleWebKit/537.36 (KHTML, like Gecko) Version/4.0 Chrome/57.0.2987.132 MQQBrowser/6.2 TBS/044109 Mobile Safari/537.36 MicroMessenger/6.6.7.1321(0x26060739) NetType/4G Language/zh_CN" "-"
58.247.212.81 - - [01/Aug/2018:08:42:14 +0800] "GET /api/auth_info/ HTTP/1.1" 401 82 "http://m.xiaobaiparty.com/search?from=timeline&code=0019gWt10E3CoE16p2r10iw2u109gWtd&state=STATE" "Mozilla/5.0 (Linux; Android 8.0; STF-AL10 Build/HUAWEISTF-AL10; wv) AppleWebKit/537.36 (KHTML, like Gecko) Version/4.0 Chrome/57.0.2987.132 MQQBrowser/6.2 TBS/044203 Mobile Safari/537.36 MicroMessenger/6.6.7.1321(0x26060739) NetType/4G Language/zh_CN" "36.23.110.157"
124.160.214.13 - - [01/Aug/2018:08:42:14 +0800] "GET /api/auth_info/ HTTP/1.1" 200 385 "http://m.xiaobaiparty.com/user_catalog/214?from=singlemessage" "Mozilla/5.0 (Linux; Android 7.1.2; M6 Note Build/N2G47H; wv) AppleWebKit/537.36 (KHTML, like Gecko) Version/4.0 Chrome/57.0.2987.132 MQQBrowser/6.2 TBS/044109 Mobile Safari/537.36 MicroMessenger/6.6.7.1321(0x26060739) NetType/4G Language/zh_CN" "-"
124.160.214.13 - - [01/Aug/2018:08:42:14 +0800] "GET /api/m/userinfo/214/ HTTP/1.1" 200 289 "http://m.xiaobaiparty.com/user_catalog/214?from=singlemessage" "Mozilla/5.0 (Linux; Android 7.1.2; M6 Note Build/N2G47H; wv) AppleWebKit/537.36 (KHTML, like Gecko) Version/4.0 Chrome/57.0.2987.132 MQQBrowser/6.2 TBS/044109 Mobile Safari/537.36 MicroMessenger/6.6.7.1321(0x26060739) NetType/4G Language/zh_CN" "-"
61.129.6.79 - - [01/Aug/2018:08:42:14 +0800] "GET /api/wechat/oauth/?code=0019gWt10E3CoE16p2r10iw2u109gWtd HTTP/1.1" 200 385 "http://m.xiaobaiparty.com/search?from=timeline&code=0019gWt10E3CoE16p2r10iw2u109gWtd&state=STATE" "Mozilla/5.0 (Linux; Android 8.0; STF-AL10 Build/HUAWEISTF-AL10; wv) AppleWebKit/537.36 (KHTML, like Gecko) Version/4.0 Chrome/57.0.2987.132 MQQBrowser/6.2 TBS/044203 Mobile Safari/537.36 MicroMessenger/6.6.7.1321(0x26060739) NetType/4G Language/zh_CN" "36.23.110.157"
124.160.214.13 - - [01/Aug/2018:08:42:15 +0800] "GET /api/users/214/folders/ HTTP/1.1" 200 3237 "http://m.xiaobaiparty.com/user_catalog/214?from=singlemessage" "Mozilla/5.0 (Linux; Android 7.1.2; M6 Note Build/N2G47H; wv) AppleWebKit/537.36 (KHTML, like Gecko) Version/4.0 Chrome/57.0.2987.132 MQQBrowser/6.2 TBS/044109 Mobile Safari/537.36 MicroMessenger/6.6.7.1321(0x26060739) NetType/4G Language/zh_CN" "-"
124.160.214.13 - - [01/Aug/2018:08:42:15 +0800] "GET /api/m/userinfo/214/ HTTP/1.1" 200 289 "http://m.xiaobaiparty.com/user_catalog/214?from=singlemessage" "Mozilla/5.0 (Linux; Android 7.1.2; M6 Note Build/N2G47H; wv) AppleWebKit/537.36 (KHTML, like Gecko) Version/4.0 Chrome/57.0.2987.132 MQQBrowser/6.2 TBS/044109 Mobile Safari/537.36 MicroMessenger/6.6.7.1321(0x26060739) NetType/4G Language/zh_CN" "-"
61.129.6.79 - - [01/Aug/2018:08:42:15 +0800] "GET /static/js/6.633461d488e7b9a2e2a6.js HTTP/1.1" 200 13268 "http://m.xiaobaiparty.com/search?from=timeline&code=0019gWt10E3CoE16p2r10iw2u109gWtd&state=STATE" "Mozilla/5.0 (Linux; Android 8.0; STF-AL10 Build/HUAWEISTF-AL10; wv) AppleWebKit/537.36 (KHTML, like Gecko) Version/4.0 Chrome/57.0.2987.132 MQQBrowser/6.2 TBS/044203 Mobile Safari/537.36 MicroMessenger/6.6.7.1321(0x26060739) NetType/4G Language/zh_CN" "36.23.110.157"
58.247.212.81 - - [01/Aug/2018:08:42:15 +0800] "GET /static/js/0.c011607dd024d2648406.js HTTP/1.1" 200 80926 "http://m.xiaobaiparty.com/search?from=timeline&code=0019gWt10E3CoE16p2r10iw2u109gWtd&state=STATE" "Mozilla/5.0 (Linux; Android 8.0; STF-AL10 Build/HUAWEISTF-AL10; wv) AppleWebKit/537.36 (KHTML, like Gecko) Version/4.0 Chrome/57.0.2987.132 MQQBrowser/6.2 TBS/044203 Mobile Safari/537.36 MicroMessenger/6.6.7.1321(0x26060739) NetType/4G Language/zh_CN" "36.23.110.157"
58.247.212.81 - - [01/Aug/2018:08:42:15 +0800] "GET /static/js/8.804c032fd4b7703bf7f6.js HTTP/1.1" 200 891 "http://m.xiaobaiparty.com/search?from=timeline&code=0019gWt10E3CoE16p2r10iw2u109gWtd&state=STATE" "Mozilla/5.0 (Linux; Android 8.0; STF-AL10 Build/HUAWEISTF-AL10; wv) AppleWebKit/537.36 (KHTML, like Gecko) Version/4.0 Chrome/57.0.2987.132 MQQBrowser/6.2 TBS/044203 Mobile Safari/537.36 MicroMessenger/6.6.7.1321(0x26060739) NetType/4G Language/zh_CN" "36.23.110.157"
36.23.110.157 - - [01/Aug/2018:08:42:15 +0800] "GET /static/img/Bitmap.1e7f4f5.png HTTP/1.1" 200 24510 "http://m.xiaobaiparty.com/search?from=timeline&code=0019gWt10E3CoE16p2r10iw2u109gWtd&state=STATE" "Mozilla/5.0 (Linux; Android 8.0; STF-AL10 Build/HUAWEISTF-AL10; wv) AppleWebKit/537.36 (KHTML, like Gecko) Version/4.0 Chrome/57.0.2987.132 MQQBrowser/6.2 TBS/044203 Mobile Safari/537.36 MicroMessenger/6.6.7.1321(0x26060739) NetType/4G Language/zh_CN" "-"
61.129.6.79 - - [01/Aug/2018:08:42:15 +0800] "GET /api/my_folders/ HTTP/1.1" 200 2 "http://m.xiaobaiparty.com/search?from=timeline&code=0019gWt10E3CoE16p2r10iw2u109gWtd&state=STATE" "Mozilla/5.0 (Linux; Android 8.0; STF-AL10 Build/HUAWEISTF-AL10; wv) AppleWebKit/537.36 (KHTML, like Gecko) Version/4.0 Chrome/57.0.2987.132 MQQBrowser/6.2 TBS/044203 Mobile Safari/537.36 MicroMessenger/6.6.7.1321(0x26060739) NetType/4G Language/zh_CN" "36.23.110.157"
36.23.110.157 - - [01/Aug/2018:08:42:15 +0800] "GET /static/img/WechatIMG.04a909e.jpeg HTTP/1.1" 200 28241 "http://m.xiaobaiparty.com/search?from=timeline&code=0019gWt10E3CoE16p2r10iw2u109gWtd&state=STATE" "Mozilla/5.0 (Linux; Android 8.0; STF-AL10 Build/HUAWEISTF-AL10; wv) AppleWebKit/537.36 (KHTML, like Gecko) Version/4.0 Chrome/57.0.2987.132 MQQBrowser/6.2 TBS/044203 Mobile Safari/537.36 MicroMessenger/6.6.7.1321(0x26060739) NetType/4G Language/zh_CN" "-"
58.247.212.81 - - [01/Aug/2018:08:42:20 +0800] "POST /api/wechat_h5/config/ HTTP/1.1" 200 187 "http://m.xiaobaiparty.com/search?from=timeline" "Mozilla/5.0 (Linux; Android 8.0; STF-AL10 Build/HUAWEISTF-AL10; wv) AppleWebKit/537.36 (KHTML, like Gecko) Version/4.0 Chrome/57.0.2987.132 MQQBrowser/6.2 TBS/044203 Mobile Safari/537.36 MicroMessenger/6.6.7.1321(0x26060739) NetType/4G Language/zh_CN" "36.23.110.157"
124.160.214.13 - - [01/Aug/2018:08:42:20 +0800] "GET /api/auth_info/ HTTP/1.1" 200 385 "http://m.xiaobaiparty.com/user_catalog/214?from=singlemessage" "Mozilla/5.0 (Linux; Android 7.1.2; M6 Note Build/N2G47H; wv) AppleWebKit/537.36 (KHTML, like Gecko) Version/4.0 Chrome/57.0.2987.132 MQQBrowser/6.2 TBS/044109 Mobile Safari/537.36 MicroMessenger/6.6.7.1321(0x26060739) NetType/4G Language/zh_CN" "-"
124.160.214.13 - - [01/Aug/2018:08:42:21 +0800] "GET /api/users/214/favorites/?query_type=0 HTTP/1.1" 200 38882 "http://m.xiaobaiparty.com/user_collect/214" "Mozilla/5.0 (Linux; Android 7.1.2; M6 Note Build/N2G47H; wv) AppleWebKit/537.36 (KHTML, like Gecko) Version/4.0 Chrome/57.0.2987.132 MQQBrowser/6.2 TBS/044109 Mobile Safari/537.36 MicroMessenger/6.6.7.1321(0x26060739) NetType/4G Language/zh_CN" "-"
124.160.214.13 - - [01/Aug/2018:08:42:21 +0800] "GET /api/m/userinfo/214/ HTTP/1.1" 200 289 "http://m.xiaobaiparty.com/user_collect/214" "Mozilla/5.0 (Linux; Android 7.1.2; M6 Note Build/N2G47H; wv) AppleWebKit/537.36 (KHTML, like Gecko) Version/4.0 Chrome/57.0.2987.132 MQQBrowser/6.2 TBS/044109 Mobile Safari/537.36 MicroMessenger/6.6.7.1321(0x26060739) NetType/4G Language/zh_CN" "-"
124.160.214.13 - - [01/Aug/2018:08:42:21 +0800] "GET /api/my_folders/ HTTP/1.1" 200 2 "http://m.xiaobaiparty.com/user_collect/214" "Mozilla/5.0 (Linux; Android 7.1.2; M6 Note Build/N2G47H; wv) AppleWebKit/537.36 (KHTML, like Gecko) Version/4.0 Chrome/57.0.2987.132 MQQBrowser/6.2 TBS/044109 Mobile Safari/537.36 MicroMessenger/6.6.7.1321(0x26060739) NetType/4G Language/zh_CN" "-"
219.157.179.186 - - [01/Aug/2018:08:42:22 +0800] "GET / HTTP/1.0" 200 3700 "-" "-" "-"
124.160.214.13 - - [01/Aug/2018:08:42:28 +0800] "POST /api/wechat_h5/config/ HTTP/1.1" 200 183 "http://m.xiaobaiparty.com/user_collect/214" "Mozilla/5.0 (Linux; Android 7.1.2; M6 Note Build/N2G47H; wv) AppleWebKit/537.36 (KHTML, like Gecko) Version/4.0 Chrome/57.0.2987.132 MQQBrowser/6.2 TBS/044109 Mobile Safari/537.36 MicroMessenger/6.6.7.1321(0x26060739) NetType/4G Language/zh_CN" "-"
124.160.214.13 - - [01/Aug/2018:08:42:28 +0800] "GET /api/auth_info/ HTTP/1.1" 200 385 "http://m.xiaobaiparty.com/user_collect/214" "Mozilla/5.0 (Linux; Android 7.1.2; M6 Note Build/N2G47H; wv) AppleWebKit/537.36 (KHTML, like Gecko) Version/4.0 Chrome/57.0.2987.132 MQQBrowser/6.2 TBS/044109 Mobile Safari/537.36 MicroMessenger/6.6.7.1321(0x26060739) NetType/4G Language/zh_CN" "-"
124.160.214.13 - - [01/Aug/2018:08:42:29 +0800] "GET /api/m/userinfo/214/ HTTP/1.1" 200 289 "http://m.xiaobaiparty.com/user_catalog/214" "Mozilla/5.0 (Linux; Android 7.1.2; M6 Note Build/N2G47H; wv) AppleWebKit/537.36 (KHTML, like Gecko) Version/4.0 Chrome/57.0.2987.132 MQQBrowser/6.2 TBS/044109 Mobile Safari/537.36 MicroMessenger/6.6.7.1321(0x26060739) NetType/4G Language/zh_CN" "-"
124.160.214.13 - - [01/Aug/2018:08:42:29 +0800] "GET /api/users/214/folders/ HTTP/1.1" 200 3237 "http://m.xiaobaiparty.com/user_catalog/214" "Mozilla/5.0 (Linux; Android 7.1.2; M6 Note Build/N2G47H; wv) AppleWebKit/537.36 (KHTML, like Gecko) Version/4.0 Chrome/57.0.2987.132 MQQBrowser/6.2 TBS/044109 Mobile Safari/537.36 MicroMessenger/6.6.7.1321(0x26060739) NetType/4G Language/zh_CN" "-"
124.160.214.13 - - [01/Aug/2018:08:42:29 +0800] "GET /api/m/userinfo/214/ HTTP/1.1" 200 289 "http://m.xiaobaiparty.com/user_catalog/214" "Mozilla/5.0 (Linux; Android 7.1.2; M6 Note Build/N2G47H; wv) AppleWebKit/537.36 (KHTML, like Gecko) Version/4.0 Chrome/57.0.2987.132 MQQBrowser/6.2 TBS/044109 Mobile Safari/537.36 MicroMessenger/6.6.7.1321(0x26060739) NetType/4G Language/zh_CN" "-"
117.185.117.59 - - [01/Aug/2018:08:42:47 +0800] "GET /search HTTP/1.1" 200 569 "-" "Mozilla/5.0 (Linux; Android 6.0.1; OPPO R9s Build/MMB29M) AppleWebKit/537.36 (KHTML, like Gecko) Version/4.0 Chrome/37.0.0.0 Mobile MQQBrowser/6.9 TBS/036906 Safari/537.36 MicroMessenger/6.5.4.1000 NetType/4G Language/zh_CN" "-"
117.185.117.59 - - [01/Aug/2018:08:42:49 +0800] "GET /static/js/manifest.c61e03dc6bfa5ab2d717.js HTTP/1.1" 200 1946 "http://m.xiaobaiparty.com/search" "Mozilla/5.0 (Linux; Android 4.4.4; HUAWEI ALE-CL00 Build/HuaweiALE-CL00; wv) AppleWebKit/537.36 (KHTML, like Gecko) Version/4.0 Chrome/53.0.2785.49 Mobile MQQBrowser/6.2 TBS/043024 Safari/537.36 MicroMessenger/6.5.4.1000 NetType/4G Language/zh_CN" "-"
61.151.178.177 - - [01/Aug/2018:08:42:50 +0800] "GET /find HTTP/1.1" 200 569 "-" "Mozilla/5.0 (iPhone; CPU iPhone OS 10_2_1 like Mac OS X) AppleWebKit/602.4.6 (KHTML, like Gecko) Mobile/14D27 MicroMessenger/6.5.5 NetType/WIFI Language/zh_CN" "-"
117.185.117.59 - - [01/Aug/2018:08:42:50 +0800] "GET /static/js/vendor.4b3c332f71f26dbd1347.js HTTP/1.1" 200 524096 "http://m.xiaobaiparty.com/search" "Mozilla/5.0 (Linux; Android 4.4.4; HUAWEI ALE-CL00 Build/HuaweiALE-CL00; wv) AppleWebKit/537.36 (KHTML, like Gecko) Version/4.0 Chrome/53.0.2785.49 Mobile MQQBrowser/6.2 TBS/043024 Safari/537.36 MicroMessenger/6.5.4.1000 NetType/4G Language/zh_CN" "-"
124.160.214.13 - - [01/Aug/2018:08:42:50 +0800] "GET /api/auth_info/ HTTP/1.1" 200 385 "http://m.xiaobaiparty.com/user_catalog/214" "Mozilla/5.0 (Linux; Android 7.1.2; M6 Note Build/N2G47H; wv) AppleWebKit/537.36 (KHTML, like Gecko) Version/4.0 Chrome/57.0.2987.132 MQQBrowser/6.2 TBS/044109 Mobile Safari/537.36 MicroMessenger/6.6.7.1321(0x26060739) NetType/4G Language/zh_CN" "-"
124.160.214.13 - - [01/Aug/2018:08:42:50 +0800] "GET /static/js/14.f84d5b0f11f215e92d61.js HTTP/1.1" 200 1681 "http://m.xiaobaiparty.com/user_catalog/214" "Mozilla/5.0 (Linux; Android 7.1.2; M6 Note Build/N2G47H; wv) AppleWebKit/537.36 (KHTML, like Gecko) Version/4.0 Chrome/57.0.2987.132 MQQBrowser/6.2 TBS/044109 Mobile Safari/537.36 MicroMessenger/6.6.7.1321(0x26060739) NetType/4G Language/zh_CN" "-"
61.151.178.177 - - [01/Aug/2018:08:42:50 +0800] "GET /static/js/manifest.c61e03dc6bfa5ab2d717.js HTTP/1.1" 200 1946 "http://m.xiaobaiparty.com/find" "Mozilla/5.0 (iPhone; CPU iPhone OS 10_2_1 like Mac OS X) AppleWebKit/602.4.6 (KHTML, like Gecko) Mobile/14D27 MicroMessenger/6.5.5 NetType/WIFI Language/zh_CN" "-"
124.160.214.13 - - [01/Aug/2018:08:42:50 +0800] "GET /static/js/14.f84d5b0f11f215e92d61.js?visitDstTime=1 HTTP/1.1" 200 1681 "http://m.xiaobaiparty.com/user_catalog/214" "Mozilla/5.0 (Linux; Android 7.1.2; M6 Note Build/N2G47H; wv) AppleWebKit/537.36 (KHTML, like Gecko) Version/4.0 Chrome/57.0.2987.132 MQQBrowser/6.2 TBS/044109 Mobile Safari/537.36 MicroMessenger/6.6.7.1321(0x26060739) NetType/4G Language/zh_CN" "-"
124.160.214.13 - - [01/Aug/2018:08:42:51 +0800] "GET /api/auth_info/ HTTP/1.1" 200 385 "http://m.xiaobaiparty.com/user_catalog/214" "Mozilla/5.0 (Linux; Android 7.1.2; M6 Note Build/N2G47H; wv) AppleWebKit/537.36 (KHTML, like Gecko) Version/4.0 Chrome/57.0.2987.132 MQQBrowser/6.2 TBS/044109 Mobile Safari/537.36 MicroMessenger/6.6.7.1321(0x26060739) NetType/4G Language/zh_CN" "-"
61.151.178.177 - - [01/Aug/2018:08:42:51 +0800] "GET /static/js/vendor.4b3c332f71f26dbd1347.js HTTP/1.1" 200 524096 "http://m.xiaobaiparty.com/find" "Mozilla/5.0 (iPhone; CPU iPhone OS 10_2_1 like Mac OS X) AppleWebKit/602.4.6 (KHTML, like Gecko) Mobile/14D27 MicroMessenger/6.5.5 NetType/WIFI Language/zh_CN" "-"
124.160.214.13 - - [01/Aug/2018:08:42:51 +0800] "GET /api/m/userinfo/214/followers/ HTTP/1.1" 200 11315 "http://m.xiaobaiparty.com/fans/214" "Mozilla/5.0 (Linux; Android 7.1.2; M6 Note Build/N2G47H; wv) AppleWebKit/537.36 (KHTML, like Gecko) Version/4.0 Chrome/57.0.2987.132 MQQBrowser/6.2 TBS/044109 Mobile Safari/537.36 MicroMessenger/6.6.7.1321(0x26060739) NetType/4G Language/zh_CN" "-"
117.185.117.59 - - [01/Aug/2018:08:42:51 +0800] "GET /static/js/app.cc89f4bc82385e78fd29.js HTTP/1.1" 200 16383 "http://m.xiaobaiparty.com/search" "Mozilla/5.0 (Linux; Android 6.0.1; OPPO R9s Build/MMB29M) AppleWebKit/537.36 (KHTML, like Gecko) Version/4.0 Chrome/37.0.0.0 Mobile MQQBrowser/6.9 TBS/036906 Safari/537.36 MicroMessenger/6.5.4.1000 NetType/4G Language/zh_CN" "-"
61.151.178.177 - - [01/Aug/2018:08:42:51 +0800] "GET /static/js/app.cc89f4bc82385e78fd29.js HTTP/1.1" 200 16383 "http://m.xiaobaiparty.com/find" "Mozilla/5.0 (Linux; Android 4.4.4; Coolpad Y82-520 Build/KTU84P) AppleWebKit/537.36 (KHTML, like Gecko) Version/4.0 Chrome/33.0.0.0 Mobile Safari/537.36 MicroMessenger/6.5.4.1000 NetType/4G Language/zh_CN" "-"
223.104.210.100 - - [01/Aug/2018:08:42:52 +0800] "GET /search?from=timeline&isappinstalled=0 HTTP/1.1" 200 569 "-" "Mozilla/5.0 (iPhone; CPU iPhone OS 10_3_2 like Mac OS X) AppleWebKit/603.2.4 (KHTML, like Gecko) Mobile/14F89 MicroMessenger/6.6.6 NetType/4G Language/zh_CN" "-"
223.104.210.100 - - [01/Aug/2018:08:42:52 +0800] "GET /static/js/manifest.c61e03dc6bfa5ab2d717.js HTTP/1.1" 200 1946 "http://m.xiaobaiparty.com/search?from=timeline&isappinstalled=0" "Mozilla/5.0 (iPhone; CPU iPhone OS 10_3_2 like Mac OS X) AppleWebKit/603.2.4 (KHTML, like Gecko) Mobile/14F89 MicroMessenger/6.6.6 NetType/4G Language/zh_CN" "-"
223.104.210.100 - - [01/Aug/2018:08:42:52 +0800] "GET /static/js/app.cc89f4bc82385e78fd29.js HTTP/1.1" 200 16383 "http://m.xiaobaiparty.com/search?from=timeline&isappinstalled=0" "Mozilla/5.0 (iPhone; CPU iPhone OS 10_3_2 like Mac OS X) AppleWebKit/603.2.4 (KHTML, like Gecko) Mobile/14F89 MicroMessenger/6.6.6 NetType/4G Language/zh_CN" "-"
223.104.210.100 - - [01/Aug/2018:08:42:52 +0800] "GET /static/css/app.937230d9f03a8edbd23c4015814f1ce0.css HTTP/1.1" 200 135829 "http://m.xiaobaiparty.com/search?from=timeline&isappinstalled=0" "Mozilla/5.0 (iPhone; CPU iPhone OS 10_3_2 like Mac OS X) AppleWebKit/603.2.4 (KHTML, like Gecko) Mobile/14F89 MicroMessenger/6.6.6 NetType/4G Language/zh_CN" "-"
223.104.210.100 - - [01/Aug/2018:08:42:53 +0800] "GET /static/js/vendor.4b3c332f71f26dbd1347.js HTTP/1.1" 200 524096 "http://m.xiaobaiparty.com/search?from=timeline&isappinstalled=0" "Mozilla/5.0 (iPhone; CPU iPhone OS 10_3_2 like Mac OS X) AppleWebKit/603.2.4 (KHTML, like Gecko) Mobile/14F89 MicroMessenger/6.6.6 NetType/4G Language/zh_CN" "-"
223.104.210.100 - - [01/Aug/2018:08:42:54 +0800] "POST /api/wechat_h5/config/ HTTP/1.1" 200 204 "http://m.xiaobaiparty.com/search?from=timeline&isappinstalled=0" "Mozilla/5.0 (iPhone; CPU iPhone OS 10_3_2 like Mac OS X) AppleWebKit/603.2.4 (KHTML, like Gecko) Mobile/14F89 MicroMessenger/6.6.6 NetType/4G Language/zh_CN" "-"
223.104.210.100 - - [01/Aug/2018:08:42:54 +0800] "GET /api/auth_info/ HTTP/1.1" 401 82 "http://m.xiaobaiparty.com/search?from=timeline&isappinstalled=0" "Mozilla/5.0 (iPhone; CPU iPhone OS 10_3_2 like Mac OS X) AppleWebKit/603.2.4 (KHTML, like Gecko) Mobile/14F89 MicroMessenger/6.6.6 NetType/4G Language/zh_CN" "-"
124.160.214.13 - - [01/Aug/2018:08:43:01 +0800] "POST /api/wechat_h5/config/ HTTP/1.1" 200 183 "http://m.xiaobaiparty.com/user_catalog/214" "Mozilla/5.0 (Linux; Android 7.1.2; M6 Note Build/N2G47H; wv) AppleWebKit/537.36 (KHTML, like Gecko) Version/4.0 Chrome/57.0.2987.132 MQQBrowser/6.2 TBS/044109 Mobile Safari/537.36 MicroMessenger/6.6.7.1321(0x26060739) NetType/4G Language/zh_CN" "-"
124.160.214.13 - - [01/Aug/2018:08:43:01 +0800] "GET /api/auth_info/ HTTP/1.1" 200 385 "http://m.xiaobaiparty.com/user_catalog/214" "Mozilla/5.0 (Linux; Android 7.1.2; M6 Note Build/N2G47H; wv) AppleWebKit/537.36 (KHTML, like Gecko) Version/4.0 Chrome/57.0.2987.132 MQQBrowser/6.2 TBS/044109 Mobile Safari/537.36 MicroMessenger/6.6.7.1321(0x26060739) NetType/4G Language/zh_CN" "-"
124.160.214.13 - - [01/Aug/2018:08:43:01 +0800] "GET /api/users/214/folders/ HTTP/1.1" 200 3237 "http://m.xiaobaiparty.com/user_catalog/214" "Mozilla/5.0 (Linux; Android 7.1.2; M6 Note Build/N2G47H; wv) AppleWebKit/537.36 (KHTML, like Gecko) Version/4.0 Chrome/57.0.2987.132 MQQBrowser/6.2 TBS/044109 Mobile Safari/537.36 MicroMessenger/6.6.7.1321(0x26060739) NetType/4G Language/zh_CN" "-"
124.160.214.13 - - [01/Aug/2018:08:43:01 +0800] "GET /api/m/userinfo/214/ HTTP/1.1" 200 289 "http://m.xiaobaiparty.com/user_catalog/214" "Mozilla/5.0 (Linux; Android 7.1.2; M6 Note Build/N2G47H; wv) AppleWebKit/537.36 (KHTML, like Gecko) Version/4.0 Chrome/57.0.2987.132 MQQBrowser/6.2 TBS/044109 Mobile Safari/537.36 MicroMessenger/6.6.7.1321(0x26060739) NetType/4G Language/zh_CN" "-"
124.160.214.13 - - [01/Aug/2018:08:43:01 +0800] "GET /api/m/userinfo/214/ HTTP/1.1" 200 289 "http://m.xiaobaiparty.com/user_catalog/214" "Mozilla/5.0 (Linux; Android 7.1.2; M6 Note Build/N2G47H; wv) AppleWebKit/537.36 (KHTML, like Gecko) Version/4.0 Chrome/57.0.2987.132 MQQBrowser/6.2 TBS/044109 Mobile Safari/537.36 MicroMessenger/6.6.7.1321(0x26060739) NetType/4G Language/zh_CN" "-"
101.226.79.239 - - [01/Aug/2018:08:43:02 +0800] "GET /fans/214 HTTP/1.1" 200 569 "-" "Mozilla/5.0 (Linux; Android 6.0.1; OPPO R9s Build/MMB29M) AppleWebKit/537.36 (KHTML, like Gecko) Version/4.0 Chrome/37.0.0.0 Mobile MQQBrowser/6.9 TBS/036906 Safari/537.36 MicroMessenger/6.5.4.1000 NetType/4G Language/zh_CN" "-"
101.226.79.239 - - [01/Aug/2018:08:43:02 +0800] "GET /static/js/manifest.c61e03dc6bfa5ab2d717.js HTTP/1.1" 200 1946 "http://m.xiaobaiparty.com/fans/214" "Mozilla/5.0 (iPhone; CPU iPhone OS 10_2_1 like Mac OS X) AppleWebKit/602.4.6 (KHTML, like Gecko) Mobile/14D27 MicroMessenger/6.5.5 NetType/WIFI Language/zh_CN" "-"
101.226.79.239 - - [01/Aug/2018:08:43:03 +0800] "GET /static/js/vendor.4b3c332f71f26dbd1347.js HTTP/1.1" 200 524096 "http://m.xiaobaiparty.com/fans/214" "Mozilla/5.0 (Windows NT 6.1; WOW64) AppleWebKit/537.36 (KHTML, like Gecko) Chrome/39.0.2171.95 Safari/537.36 MicroMessenger/6.5.2.501 NetType/WIFI WindowsWechat QBCore/3.43.27.400 QQBrowser/9.0.2524.400" "-"
101.226.79.239 - - [01/Aug/2018:08:43:05 +0800] "GET /static/js/app.cc89f4bc82385e78fd29.js HTTP/1.1" 200 16383 "http://m.xiaobaiparty.com/fans/214" "Mozilla/5.0 (iPhone; CPU iPhone OS 10_2_1 like Mac OS X) AppleWebKit/602.4.6 (KHTML, like Gecko) Mobile/14D27 MicroMessenger/6.5.5 NetType/WIFI Language/en" "-"
117.144.245.12 - - [01/Aug/2018:08:43:10 +0800] "GET /user_catalog_detail/501 HTTP/1.1" 200 569 "-" "Mozilla/5.0 (iPhone; CPU iPhone OS 10_2_1 like Mac OS X) AppleWebKit/602.4.6 (KHTML, like Gecko) Mobile/14D27 MicroMessenger/6.5.5 NetType/WIFI Language/zh_CN" "-"
117.144.245.12 - - [01/Aug/2018:08:43:11 +0800] "GET /static/js/manifest.c61e03dc6bfa5ab2d717.js HTTP/1.1" 200 1946 "http://m.xiaobaiparty.com/user_catalog_detail/501" "Mozilla/5.0 (iPhone; CPU iPhone OS 10_2_1 like Mac OS X) AppleWebKit/602.4.6 (KHTML, like Gecko) Mobile/14D27 MicroMessenger/6.5.5 NetType/WIFI Language/zh_CN" "-"
117.144.245.12 - - [01/Aug/2018:08:43:12 +0800] "GET /static/js/vendor.4b3c332f71f26dbd1347.js HTTP/1.1" 200 524096 "http://m.xiaobaiparty.com/user_catalog_detail/501" "Mozilla/5.0 (iPhone; CPU iPhone OS 10_2_1 like Mac OS X) AppleWebKit/602.4.6 (KHTML, like Gecko) Mobile/14D27 MicroMessenger/6.5.5 NetType/WIFI Language/en" "-"
117.144.245.12 - - [01/Aug/2018:08:43:13 +0800] "GET /static/js/app.cc89f4bc82385e78fd29.js HTTP/1.1" 200 16383 "http://m.xiaobaiparty.com/user_catalog_detail/501" "Mozilla/5.0 (Linux; Android 5.1.1; SM801 Build/LMY47V; wv) AppleWebKit/537.36 (KHTML, like Gecko) Version/4.0 Chrome/53.0.2785.49 Mobile MQQBrowser/6.2 TBS/043024 Safari/537.36 MicroMessenger/6.5.4.1000 NetType/4G Language/zh_CN" "-"
101.226.113.53 - - [01/Aug/2018:08:43:20 +0800] "GET /user_collect/214 HTTP/1.1" 200 569 "-" "Mozilla/5.0 (iPhone; CPU iPhone OS 10_2_1 like Mac OS X) AppleWebKit/602.4.6 (KHTML, like Gecko) Mobile/14D27 MicroMessenger/6.5.5 NetType/WIFI Language/zh_CN" "-"
101.226.113.53 - - [01/Aug/2018:08:43:20 +0800] "GET /static/js/manifest.c61e03dc6bfa5ab2d717.js HTTP/1.1" 200 1946 "http://m.xiaobaiparty.com/user_collect/214" "Mozilla/5.0 (Linux; Android 6.0.1; OPPO R9s Build/MMB29M) AppleWebKit/537.36 (KHTML, like Gecko) Version/4.0 Chrome/37.0.0.0 Mobile MQQBrowser/6.9 TBS/036906 Safari/537.36 MicroMessenger/6.5.4.1000 NetType/4G Language/zh_CN" "-"
101.226.113.53 - - [01/Aug/2018:08:43:21 +0800] "GET /static/js/vendor.4b3c332f71f26dbd1347.js HTTP/1.1" 200 524096 "http://m.xiaobaiparty.com/user_collect/214" "Mozilla/5.0 (Linux; Android 5.1.1; SM801 Build/LMY47V; wv) AppleWebKit/537.36 (KHTML, like Gecko) Version/4.0 Chrome/53.0.2785.49 Mobile MQQBrowser/6.2 TBS/043024 Safari/537.36 MicroMessenger/6.5.4.1000 NetType/4G Language/zh_CN" "-"
101.226.113.53 - - [01/Aug/2018:08:43:22 +0800] "GET /static/js/app.cc89f4bc82385e78fd29.js HTTP/1.1" 200 16383 "http://m.xiaobaiparty.com/user_collect/214" "Mozilla/5.0 (Linux; Android 6.0.1; OPPO R9s Build/MMB29M) AppleWebKit/537.36 (KHTML, like Gecko) Version/4.0 Chrome/37.0.0.0 Mobile MQQBrowser/6.9 TBS/036906 Safari/537.36 MicroMessenger/6.5.4.1000 NetType/4G Language/zh_CN" "-"
124.160.214.13 - - [01/Aug/2018:08:45:13 +0800] "POST /api/wechat_h5/config/ HTTP/1.1" 200 202 "http://m.xiaobaiparty.com/user_catalog/214?from=singlemessage" "Mozilla/5.0 (Linux; Android 7.1.2; M6 Note Build/N2G47H; wv) AppleWebKit/537.36 (KHTML, like Gecko) Version/4.0 Chrome/57.0.2987.132 MQQBrowser/6.2 TBS/044109 Mobile Safari/537.36 MicroMessenger/6.6.7.1321(0x26060739) NetType/4G Language/zh_CN" "-"
124.160.214.13 - - [01/Aug/2018:08:45:13 +0800] "GET /api/auth_info/ HTTP/1.1" 200 385 "http://m.xiaobaiparty.com/user_catalog/214?from=singlemessage" "Mozilla/5.0 (Linux; Android 7.1.2; M6 Note Build/N2G47H; wv) AppleWebKit/537.36 (KHTML, like Gecko) Version/4.0 Chrome/57.0.2987.132 MQQBrowser/6.2 TBS/044109 Mobile Safari/537.36 MicroMessenger/6.6.7.1321(0x26060739) NetType/4G Language/zh_CN" "-"
124.160.214.13 - - [01/Aug/2018:08:45:13 +0800] "GET /api/m/userinfo/214/ HTTP/1.1" 200 289 "http://m.xiaobaiparty.com/user_catalog/214?from=singlemessage" "Mozilla/5.0 (Linux; Android 7.1.2; M6 Note Build/N2G47H; wv) AppleWebKit/537.36 (KHTML, like Gecko) Version/4.0 Chrome/57.0.2987.132 MQQBrowser/6.2 TBS/044109 Mobile Safari/537.36 MicroMessenger/6.6.7.1321(0x26060739) NetType/4G Language/zh_CN" "-"
124.160.214.13 - - [01/Aug/2018:08:45:13 +0800] "GET /api/users/214/folders/ HTTP/1.1" 200 3237 "http://m.xiaobaiparty.com/user_catalog/214?from=singlemessage" "Mozilla/5.0 (Linux; Android 7.1.2; M6 Note Build/N2G47H; wv) AppleWebKit/537.36 (KHTML, like Gecko) Version/4.0 Chrome/57.0.2987.132 MQQBrowser/6.2 TBS/044109 Mobile Safari/537.36 MicroMessenger/6.6.7.1321(0x26060739) NetType/4G Language/zh_CN" "-"
124.160.214.13 - - [01/Aug/2018:08:45:13 +0800] "GET /api/m/userinfo/214/ HTTP/1.1" 200 289 "http://m.xiaobaiparty.com/user_catalog/214?from=singlemessage" "Mozilla/5.0 (Linux; Android 7.1.2; M6 Note Build/N2G47H; wv) AppleWebKit/537.36 (KHTML, like Gecko) Version/4.0 Chrome/57.0.2987.132 MQQBrowser/6.2 TBS/044109 Mobile Safari/537.36 MicroMessenger/6.6.7.1321(0x26060739) NetType/4G Language/zh_CN" "-"
183.61.51.64 - - [01/Aug/2018:08:45:30 +0800] "GET /user_catalog/214?from=singlemessage HTTP/1.0" 200 569 "-" "Mozilla/5.0 (iPhone; CPU iPhone OS 8_3 like Mac OS X) AppleWebKit/600.1.4 (KHTML; like Gecko) Mobile/12F70 MicroMessenger/6.1.5 NetType/WIFI" "-"
140.207.54.79 - - [01/Aug/2018:08:46:19 +0800] "POST /api/wechat/public/callback/?signature=dd71a62b629c5a7c472da39250840f4a694ca23f&timestamp=1533084379&nonce=1204736422&openid=oqZrQ0Xwggce-nZZ--Bl0WLqAXTY HTTP/1.1" 200 341 "-" "Mozilla/4.0" "-"
123.151.77.71 - - [01/Aug/2018:08:46:19 +0800] "GET /refresh_follow HTTP/1.1" 200 569 "-" "Mozilla/5.0 (Linux; Android 8.0; VTR-AL00 Build/HUAWEIVTR-AL00; wv) AppleWebKit/537.36 (KHTML, like Gecko) Version/4.0 Chrome/57.0.2987.132 MQQBrowser/6.2 TBS/044113 Mobile Safari/537.36 MicroMessenger/6.6.7.1321(0x26060739) NetType/4G Language/zh_CN" "114.242.249.46"
123.151.77.71 - - [01/Aug/2018:08:46:20 +0800] "POST /api/wechat_h5/config/ HTTP/1.1" 200 181 "http://m.xiaobaiparty.com/refresh_follow" "Mozilla/5.0 (Linux; Android 8.0; VTR-AL00 Build/HUAWEIVTR-AL00; wv) AppleWebKit/537.36 (KHTML, like Gecko) Version/4.0 Chrome/57.0.2987.132 MQQBrowser/6.2 TBS/044113 Mobile Safari/537.36 MicroMessenger/6.6.7.1321(0x26060739) NetType/4G Language/zh_CN" "114.242.249.46"
123.151.77.71 - - [01/Aug/2018:08:46:20 +0800] "GET /api/auth_info/ HTTP/1.1" 200 863 "http://m.xiaobaiparty.com/refresh_follow" "Mozilla/5.0 (Linux; Android 8.0; VTR-AL00 Build/HUAWEIVTR-AL00; wv) AppleWebKit/537.36 (KHTML, like Gecko) Version/4.0 Chrome/57.0.2987.132 MQQBrowser/6.2 TBS/044113 Mobile Safari/537.36 MicroMessenger/6.6.7.1321(0x26060739) NetType/4G Language/zh_CN" "114.242.249.46"
123.151.77.71 - - [01/Aug/2018:08:46:20 +0800] "GET /api/refresh/?query_type=0&page=1&page_size=20 HTTP/1.1" 200 12930 "http://m.xiaobaiparty.com/refresh_follow" "Mozilla/5.0 (Linux; Android 8.0; VTR-AL00 Build/HUAWEIVTR-AL00; wv) AppleWebKit/537.36 (KHTML, like Gecko) Version/4.0 Chrome/57.0.2987.132 MQQBrowser/6.2 TBS/044113 Mobile Safari/537.36 MicroMessenger/6.6.7.1321(0x26060739) NetType/4G Language/zh_CN" "114.242.249.46"
123.151.77.71 - - [01/Aug/2018:08:46:21 +0800] "GET /api/my_folders/ HTTP/1.1" 200 5735 "http://m.xiaobaiparty.com/refresh_follow" "Mozilla/5.0 (Linux; Android 8.0; VTR-AL00 Build/HUAWEIVTR-AL00; wv) AppleWebKit/537.36 (KHTML, like Gecko) Version/4.0 Chrome/57.0.2987.132 MQQBrowser/6.2 TBS/044113 Mobile Safari/537.36 MicroMessenger/6.6.7.1321(0x26060739) NetType/4G Language/zh_CN" "114.242.249.46"
124.160.214.13 - - [01/Aug/2018:08:46:24 +0800] "POST /api/wechat_h5/config/ HTTP/1.1" 200 202 "http://m.xiaobaiparty.com/user_catalog/214?from=singlemessage" "Mozilla/5.0 (Linux; Android 7.1.2; M6 Note Build/N2G47H; wv) AppleWebKit/537.36 (KHTML, like Gecko) Version/4.0 Chrome/57.0.2987.132 MQQBrowser/6.2 TBS/044109 Mobile Safari/537.36 MicroMessenger/6.6.7.1321(0x26060739) NetType/4G Language/zh_CN" "-"
124.160.214.13 - - [01/Aug/2018:08:46:24 +0800] "GET /api/auth_info/ HTTP/1.1" 200 385 "http://m.xiaobaiparty.com/user_catalog/214?from=singlemessage" "Mozilla/5.0 (Linux; Android 7.1.2; M6 Note Build/N2G47H; wv) AppleWebKit/537.36 (KHTML, like Gecko) Version/4.0 Chrome/57.0.2987.132 MQQBrowser/6.2 TBS/044109 Mobile Safari/537.36 MicroMessenger/6.6.7.1321(0x26060739) NetType/4G Language/zh_CN" "-"
124.160.214.13 - - [01/Aug/2018:08:46:24 +0800] "GET /api/m/userinfo/214/ HTTP/1.1" 200 289 "http://m.xiaobaiparty.com/user_catalog/214?from=singlemessage" "Mozilla/5.0 (Linux; Android 7.1.2; M6 Note Build/N2G47H; wv) AppleWebKit/537.36 (KHTML, like Gecko) Version/4.0 Chrome/57.0.2987.132 MQQBrowser/6.2 TBS/044109 Mobile Safari/537.36 MicroMessenger/6.6.7.1321(0x26060739) NetType/4G Language/zh_CN" "-"
124.160.214.13 - - [01/Aug/2018:08:46:25 +0800] "GET /api/users/214/folders/ HTTP/1.1" 200 3237 "http://m.xiaobaiparty.com/user_catalog/214?from=singlemessage" "Mozilla/5.0 (Linux; Android 7.1.2; M6 Note Build/N2G47H; wv) AppleWebKit/537.36 (KHTML, like Gecko) Version/4.0 Chrome/57.0.2987.132 MQQBrowser/6.2 TBS/044109 Mobile Safari/537.36 MicroMessenger/6.6.7.1321(0x26060739) NetType/4G Language/zh_CN" "-"
124.160.214.13 - - [01/Aug/2018:08:46:25 +0800] "GET /api/m/userinfo/214/ HTTP/1.1" 200 289 "http://m.xiaobaiparty.com/user_catalog/214?from=singlemessage" "Mozilla/5.0 (Linux; Android 7.1.2; M6 Note Build/N2G47H; wv) AppleWebKit/537.36 (KHTML, like Gecko) Version/4.0 Chrome/57.0.2987.132 MQQBrowser/6.2 TBS/044109 Mobile Safari/537.36 MicroMessenger/6.6.7.1321(0x26060739) NetType/4G Language/zh_CN" "-"
140.207.54.74 - - [01/Aug/2018:08:46:44 +0800] "POST /api/wechat_h5/callback/ HTTP/1.1" 200 2 "-" "Mozilla/4.0" "-"
101.227.131.219 - - [01/Aug/2018:08:47:19 +0800] "GET /refresh_follow HTTP/1.1" 200 569 "-" "Mozilla/5.0 (Linux; Android 5.1.1; SM801 Build/LMY47V; wv) AppleWebKit/537.36 (KHTML, like Gecko) Version/4.0 Chrome/53.0.2785.49 Mobile MQQBrowser/6.2 TBS/043024 Safari/537.36 MicroMessenger/6.5.4.1000 NetType/4G Language/zh_CN" "-"
101.227.131.219 - - [01/Aug/2018:08:47:20 +0800] "GET /static/js/manifest.c61e03dc6bfa5ab2d717.js HTTP/1.1" 200 1946 "http://m.xiaobaiparty.com/refresh_follow" "Mozilla/5.0 (iPhone; CPU iPhone OS 10_2_1 like Mac OS X) AppleWebKit/602.4.6 (KHTML, like Gecko) Mobile/14D27 MicroMessenger/6.5.5 NetType/WIFI Language/zh_CN" "-"
101.227.131.219 - - [01/Aug/2018:08:47:21 +0800] "GET /static/js/vendor.4b3c332f71f26dbd1347.js HTTP/1.1" 200 524096 "http://m.xiaobaiparty.com/refresh_follow" "Mozilla/5.0 (Linux; Android 5.1.1; SM801 Build/LMY47V; wv) AppleWebKit/537.36 (KHTML, like Gecko) Version/4.0 Chrome/53.0.2785.49 Mobile MQQBrowser/6.2 TBS/043024 Safari/537.36 MicroMessenger/6.5.4.1000 NetType/4G Language/zh_CN" "-"
101.227.131.219 - - [01/Aug/2018:08:47:23 +0800] "GET /static/js/app.cc89f4bc82385e78fd29.js HTTP/1.1" 200 16383 "http://m.xiaobaiparty.com/refresh_follow" "Mozilla/5.0 (Windows NT 6.1; WOW64) AppleWebKit/537.36 (KHTML, like Gecko) Chrome/39.0.2171.95 Safari/537.36 MicroMessenger/6.5.2.501 NetType/WIFI WindowsWechat QBCore/3.43.27.400 QQBrowser/9.0.2524.400" "-"
140.205.205.25 - - [01/Aug/2018:08:50:40 +0800] "GET / HTTP/1.1" 200 11547 "-" "Scrapy/1.5.0 (+https://scrapy.org)" "-"
140.205.205.23 - - [01/Aug/2018:08:50:40 +0800] "GET / HTTP/1.1" 200 11547 "https://ygcxy.cn" "Scrapy/1.5.0 (+https://scrapy.org)" "-"
36.66.210.153 - - [01/Aug/2018:08:50:44 +0800] "GET / HTTP/1.1" 200 3700 "-" "Mozilla/5.0 (Windows NT 10.0; WOW64) AppleWebKit/537.36 (KHTML, like Gecko) Chrome/52.0.2743.116 Safari/537.36" "-"
223.104.3.148 - - [01/Aug/2018:08:50:47 +0800] "GET /search?from=groupmessage&isappinstalled=0 HTTP/1.1" 200 569 "-" "Mozilla/5.0 (iPhone; CPU iPhone OS 11_4_1 like Mac OS X) AppleWebKit/605.1.15 (KHTML, like Gecko) Mobile/15G77 MicroMessenger/6.7.1 NetType/4G Language/zh_CN" "-"
223.104.3.148 - - [01/Aug/2018:08:50:48 +0800] "GET /static/js/manifest.c61e03dc6bfa5ab2d717.js HTTP/1.1" 200 1946 "http://m.xiaobaiparty.com/search?from=groupmessage&isappinstalled=0" "Mozilla/5.0 (iPhone; CPU iPhone OS 11_4_1 like Mac OS X) AppleWebKit/605.1.15 (KHTML, like Gecko) Mobile/15G77 MicroMessenger/6.7.1 NetType/4G Language/zh_CN" "-"
223.104.3.148 - - [01/Aug/2018:08:50:48 +0800] "GET /static/js/app.cc89f4bc82385e78fd29.js HTTP/1.1" 200 16383 "http://m.xiaobaiparty.com/search?from=groupmessage&isappinstalled=0" "Mozilla/5.0 (iPhone; CPU iPhone OS 11_4_1 like Mac OS X) AppleWebKit/605.1.15 (KHTML, like Gecko) Mobile/15G77 MicroMessenger/6.7.1 NetType/4G Language/zh_CN" "-"
223.104.3.148 - - [01/Aug/2018:08:50:48 +0800] "GET /static/css/app.937230d9f03a8edbd23c4015814f1ce0.css HTTP/1.1" 200 135829 "http://m.xiaobaiparty.com/search?from=groupmessage&isappinstalled=0" "Mozilla/5.0 (iPhone; CPU iPhone OS 11_4_1 like Mac OS X) AppleWebKit/605.1.15 (KHTML, like Gecko) Mobile/15G77 MicroMessenger/6.7.1 NetType/4G Language/zh_CN" "-"
223.104.3.148 - - [01/Aug/2018:08:50:49 +0800] "GET /static/js/vendor.4b3c332f71f26dbd1347.js HTTP/1.1" 200 524096 "http://m.xiaobaiparty.com/search?from=groupmessage&isappinstalled=0" "Mozilla/5.0 (iPhone; CPU iPhone OS 11_4_1 like Mac OS X) AppleWebKit/605.1.15 (KHTML, like Gecko) Mobile/15G77 MicroMessenger/6.7.1 NetType/4G Language/zh_CN" "-"
223.104.3.148 - - [01/Aug/2018:08:50:50 +0800] "POST /api/wechat_h5/config/ HTTP/1.1" 200 208 "http://m.xiaobaiparty.com/search?from=groupmessage&isappinstalled=0" "Mozilla/5.0 (iPhone; CPU iPhone OS 11_4_1 like Mac OS X) AppleWebKit/605.1.15 (KHTML, like Gecko) Mobile/15G77 MicroMessenger/6.7.1 NetType/4G Language/zh_CN" "-"
