223.104.3.148 - - [01/Aug/2018:08:50:50 +0800] "GET /api/auth_info/ HTTP/1.1" 401 82 "http://m.xiaobaiparty.com/search?from=groupmessage&isappinstalled=0" "Mozilla/5.0 (iPhone; CPU iPhone OS 11_4_1 like Mac OS X) AppleWebKit/605.1.15 (KHTML, like Gecko) Mobile/15G77 MicroMessenger/6.7.1 NetType/4G Language/zh_CN" "-"
223.104.3.148 - - [01/Aug/2018:08:50:51 +0800] "GET /search?from=groupmessage&isappinstalled=0&code=061apTHt0Qno8c1s6hFt0Na4It0apTH1&state=STATE HTTP/1.1" 200 569 "-" "Mozilla/5.0 (iPhone; CPU iPhone OS 11_4_1 like Mac OS X) AppleWebKit/605.1.15 (KHTML, like Gecko) Mobile/15G77 MicroMessenger/6.7.1 NetType/4G Language/zh_CN" "-"
223.104.3.148 - - [01/Aug/2018:08:50:51 +0800] "POST /api/wechat_h5/config/ HTTP/1.1" 200 258 "http://m.xiaobaiparty.com/search?from=groupmessage&isappinstalled=0&code=061apTHt0Qno8c1s6hFt0Na4It0apTH1&state=STATE" "Mozilla/5.0 (iPhone; CPU iPhone OS 11_4_1 like Mac OS X) AppleWebKit/605.1.15 (KHTML, like Gecko) Mobile/15G77 MicroMessenger/6.7.1 NetType/4G Language/zh_CN" "-"
223.104.3.148 - - [01/Aug/2018:08:50:51 +0800] "GET /api/auth_info/ HTTP/1.1" 401 82 "http://m.xiaobaiparty.com/search?from=groupmessage&isappinstalled=0&code=061apTHt0Qno8c1s6hFt0Na4It0apTH1&state=STATE" "Mozilla/5.0 (iPhone; CPU iPhone OS 11_4_1 like Mac OS X) AppleWebKit/605.1.15 (KHTML, like Gecko) Mobile/15G77 MicroMessenger/6.7.1 NetType/4G Language/zh_CN" "-"
223.104.3.148 - - [01/Aug/2018:08:50:52 +0800] "GET /api/wechat/oauth/?code=061apTHt0Qno8c1s6hFt0Na4It0apTH1 HTTP/1.1" 200 484 "http://m.xiaobaiparty.com/search?from=groupmessage&isappinstalled=0&code=061apTHt0Qno8c1s6hFt0Na4It0apTH1&state=STATE" "Mozilla/5.0 (iPhone; CPU iPhone OS 11_4_1 like Mac OS X) AppleWebKit/605.1.15 (KHTML, like Gecko) Mobile/15G77 MicroMessenger/6.7.1 NetType/4G Language/zh_CN" "-"
223.104.3.148 - - [01/Aug/2018:08:50:52 +0800] "GET /static/js/6.633461d488e7b9a2e2a6.js HTTP/1.1" 200 13268 "http://m.xiaobaiparty.com/search?from=groupmessage&isappinstalled=0&code=061apTHt0Qno8c1s6hFt0Na4It0apTH1&state=STATE" "Mozilla/5.0 (iPhone; CPU iPhone OS 11_4_1 like Mac OS X) AppleWebKit/605.1.15 (KHTML, like Gecko) Mobile/15G77 MicroMessenger/6.7.1 NetType/4G Language/zh_CN" "-"
223.104.3.148 - - [01/Aug/2018:08:50:52 +0800] "GET /static/js/8.804c032fd4b7703bf7f6.js HTTP/1.1" 200 891 "http://m.xiaobaiparty.com/search?from=groupmessage&isappinstalled=0&code=061apTHt0Qno8c1s6hFt0Na4It0apTH1&state=STATE" "Mozilla/5.0 (iPhone; CPU iPhone OS 11_4_1 like Mac OS X) AppleWebKit/605.1.15 (KHTML, like Gecko) Mobile/15G77 MicroMessenger/6.7.1 NetType/4G Language/zh_CN" "-"
223.104.3.148 - - [01/Aug/2018:08:50:52 +0800] "GET /static/js/0.c011607dd024d2648406.js HTTP/1.1" 200 80926 "http://m.xiaobaiparty.com/search?from=groupmessage&isappinstalled=0&code=061apTHt0Qno8c1s6hFt0Na4It0apTH1&state=STATE" "Mozilla/5.0 (iPhone; CPU iPhone OS 11_4_1 like Mac OS X) AppleWebKit/605.1.15 (KHTML, like Gecko) Mobile/15G77 MicroMessenger/6.7.1 NetType/4G Language/zh_CN" "-"
223.104.3.148 - - [01/Aug/2018:08:50:52 +0800] "GET /static/img/Bitmap.1e7f4f5.png HTTP/1.1" 200 24510 "http://m.xiaobaiparty.com/search?from=groupmessage&isappinstalled=0&code=061apTHt0Qno8c1s6hFt0Na4It0apTH1&state=STATE" "Mozilla/5.0 (iPhone; CPU iPhone OS 11_4_1 like Mac OS X) AppleWebKit/605.1.15 (KHTML, like Gecko) Mobile/15G77 MicroMessenger/6.7.1 NetType/4G Language/zh_CN" "-"
223.104.3.148 - - [01/Aug/2018:08:50:52 +0800] "GET /static/img/WechatIMG.04a909e.jpeg HTTP/1.1" 200 28241 "http://m.xiaobaiparty.com/search?from=groupmessage&isappinstalled=0&code=061apTHt0Qno8c1s6hFt0Na4It0apTH1&state=STATE" "Mozilla/5.0 (iPhone; CPU iPhone OS 11_4_1 like Mac OS X) AppleWebKit/605.1.15 (KHTML, like Gecko) Mobile/15G77 MicroMessenger/6.7.1 NetType/4G Language/zh_CN" "-"
223.104.3.148 - - [01/Aug/2018:08:50:53 +0800] "GET /api/my_folders/ HTTP/1.1" 200 3150 "http://m.xiaobaiparty.com/search?from=groupmessage&isappinstalled=0&code=061apTHt0Qno8c1s6hFt0Na4It0apTH1&state=STATE" "Mozilla/5.0 (iPhone; CPU iPhone OS 11_4_1 like Mac OS X) AppleWebKit/605.1.15 (KHTML, like Gecko) Mobile/15G77 MicroMessenger/6.7.1 NetType/4G Language/zh_CN" "-"
52.77.228.222 - - [01/Aug/2018:08:51:07 +0800] "GET / HTTP/1.1" 200 11547 "-" "PostmanRuntime/7.1.6" "-"
117.136.8.228 - - [01/Aug/2018:08:52:54 +0800] "POST /api/wechat_h5/config/ HTTP/1.1" 499 0 "http://m.xiaobaiparty.com/search?from=timeline&isappinstalled=0" "Mozilla/5.0 (iPhone; CPU iPhone OS 11_3 like Mac OS X) AppleWebKit/605.1.15 (KHTML, like Gecko) Mobile/15E302 MicroMessenger/6.7.1 NetType/4G Language/zh_CN" "-"
66.249.79.153 - - [01/Aug/2018:09:00:33 +0800] "GET /robots.txt HTTP/1.1" 404 169 "-" "Mozilla/5.0 (compatible; Googlebot/2.1; +http://www.google.com/bot.html)" "-"
66.249.79.153 - - [01/Aug/2018:09:00:34 +0800] "GET / HTTP/1.1" 200 11547 "-" "Mozilla/5.0 (Linux; Android 6.0.1; Nexus 5X Build/MMB29P) AppleWebKit/537.36 (KHTML, like Gecko) Chrome/41.0.2272.96 Mobile Safari/537.36 (compatible; Googlebot/2.1; +http://www.google.com/bot.html)" "-"
171.13.14.19 - - [01/Aug/2018:09:01:37 +0800] "CONNECT 133.130.126.119:43 HTTP/1.1" 400 173 "-" "-" "-"
35.233.220.21 - - [01/Aug/2018:09:03:40 +0800] "GET / HTTP/1.1" 200 3700 "-" "Mozilla/5.0 zgrab/0.x" "-"
101.226.225.86 - - [01/Aug/2018:09:05:43 +0800] "GET /search?from=timeline HTTP/1.1" 200 569 "-" "Mozilla/5.0 (Linux; Android 7.1.1; vivo X20 Build/NMF26X; wv) AppleWebKit/537.36 (KHTML, like Gecko) Version/4.0 Chrome/57.0.2987.132 MQQBrowser/6.2 TBS/044203 Mobile Safari/537.36 MicroMessenger/6.6.7.1321(0x26060739) NetType/WIFI Language/zh_CN" "183.146.123.171"
101.226.225.86 - - [01/Aug/2018:09:05:43 +0800] "GET /static/js/manifest.c61e03dc6bfa5ab2d717.js HTTP/1.1" 200 1946 "http://m.xiaobaiparty.com/search?from=timeline" "Mozilla/5.0 (Linux; Android 7.1.1; vivo X20 Build/NMF26X; wv) AppleWebKit/537.36 (KHTML, like Gecko) Version/4.0 Chrome/57.0.2987.132 MQQBrowser/6.2 TBS/044203 Mobile Safari/537.36 MicroMessenger/6.6.7.1321(0x26060739) NetType/WIFI Language/zh_CN" "183.146.123.171"
101.226.225.86 - - [01/Aug/2018:09:05:43 +0800] "GET /static/js/app.cc89f4bc82385e78fd29.js HTTP/1.1" 200 16383 "http://m.xiaobaiparty.com/search?from=timeline" "Mozilla/5.0 (Linux; Android 7.1.1; vivo X20 Build/NMF26X; wv) AppleWebKit/537.36 (KHTML, like Gecko) Version/4.0 Chrome/57.0.2987.132 MQQBrowser/6.2 TBS/044203 Mobile Safari/537.36 MicroMessenger/6.6.7.1321(0x26060739) NetType/WIFI Language/zh_CN" "183.146.123.171"
183.146.123.171 - - [01/Aug/2018:09:05:44 +0800] "GET /static/css/app.937230d9f03a8edbd23c4015814f1ce0.css HTTP/1.1" 200 135829 "http://m.xiaobaiparty.com/search?from=timeline" "Mozilla/5.0 (Linux; Android 7.1.1; vivo X20 Build/NMF26X; wv) AppleWebKit/537.36 (KHTML, like Gecko) Version/4.0 Chrome/57.0.2987.132 MQQBrowser/6.2 TBS/044203 Mobile Safari/537.36 MicroMessenger/6.6.7.1321(0x26060739) NetType/WIFI Language/zh_CN" "-"
101.226.225.86 - - [01/Aug/2018:09:05:44 +0800] "GET /static/js/vendor.4b3c332f71f26dbd1347.js HTTP/1.1" 200 524096 "http://m.xiaobaiparty.com/search?from=timeline" "Mozilla/5.0 (Linux; Android 7.1.1; vivo X20 Build/NMF26X; wv) AppleWebKit/537.36 (KHTML, like Gecko) Version/4.0 Chrome/57.0.2987.132 MQQBrowser/6.2 TBS/044203 Mobile Safari/537.36 MicroMessenger/6.6.7.1321(0x26060739) NetType/WIFI Language/zh_CN" "183.146.123.171"
183.146.123.171 - - [01/Aug/2018:09:05:45 +0800] "GET /favicon.ico HTTP/1.1" 200 569 "http://m.xiaobaiparty.com/search?from=timeline" "Mozilla/5.0 (Linux; Android 7.1.1; vivo X20 Build/NMF26X; wv) AppleWebKit/537.36 (KHTML, like Gecko) Version/4.0 Chrome/57.0.2987.132 MQQBrowser/6.2 TBS/044203 Mobile Safari/537.36 MicroMessenger/6.6.7.1321(0x26060739) NetType/WIFI Language/zh_CN" "-"
101.226.225.86 - - [01/Aug/2018:09:05:46 +0800] "POST /api/wechat_h5/config/ HTTP/1.1" 200 187 "http://m.xiaobaiparty.com/search?from=timeline" "Mozilla/5.0 (Linux; Android 7.1.1; vivo X20 Build/NMF26X; wv) AppleWebKit/537.36 (KHTML, like Gecko) Version/4.0 Chrome/57.0.2987.132 MQQBrowser/6.2 TBS/044203 Mobile Safari/537.36 MicroMessenger/6.6.7.1321(0x26060739) NetType/WIFI Language/zh_CN" "183.146.123.171"
58.247.212.81 - - [01/Aug/2018:09:05:46 +0800] "GET /api/auth_info/ HTTP/1.1" 401 82 "http://m.xiaobaiparty.com/search?from=timeline" "Mozilla/5.0 (Linux; Android 7.1.1; vivo X20 Build/NMF26X; wv) AppleWebKit/537.36 (KHTML, like Gecko) Version/4.0 Chrome/57.0.2987.132 MQQBrowser/6.2 TBS/044203 Mobile Safari/537.36 MicroMessenger/6.6.7.1321(0x26060739) NetType/WIFI Language/zh_CN" "183.146.123.171"
101.226.225.86 - - [01/Aug/2018:09:05:49 +0800] "GET /search?from=timeline&code=0219b8Qe2m9pEB01S5Re2f2sQe29b8QR&state=STATE HTTP/1.1" 200 569 "-" "Mozilla/5.0 (Linux; Android 7.1.1; vivo X20 Build/NMF26X; wv) AppleWebKit/537.36 (KHTML, like Gecko) Version/4.0 Chrome/57.0.2987.132 MQQBrowser/6.2 TBS/044203 Mobile Safari/537.36 MicroMessenger/6.6.7.1321(0x26060739) NetType/WIFI Language/zh_CN" "183.146.123.171"
101.226.225.86 - - [01/Aug/2018:09:05:50 +0800] "POST /api/wechat_h5/config/ HTTP/1.1" 200 237 "http://m.xiaobaiparty.com/search?from=timeline&code=0219b8Qe2m9pEB01S5Re2f2sQe29b8QR&state=STATE" "Mozilla/5.0 (Linux; Android 7.1.1; vivo X20 Build/NMF26X; wv) AppleWebKit/537.36 (KHTML, like Gecko) Version/4.0 Chrome/57.0.2987.132 MQQBrowser/6.2 TBS/044203 Mobile Safari/537.36 MicroMessenger/6.6.7.1321(0x26060739) NetType/WIFI Language/zh_CN" "183.146.123.171"
101.226.225.86 - - [01/Aug/2018:09:05:50 +0800] "GET /api/auth_info/ HTTP/1.1" 401 82 "http://m.xiaobaiparty.com/search?from=timeline&code=0219b8Qe2m9pEB01S5Re2f2sQe29b8QR&state=STATE" "Mozilla/5.0 (Linux; Android 7.1.1; vivo X20 Build/NMF26X; wv) AppleWebKit/537.36 (KHTML, like Gecko) Version/4.0 Chrome/57.0.2987.132 MQQBrowser/6.2 TBS/044203 Mobile Safari/537.36 MicroMessenger/6.6.7.1321(0x26060739) NetType/WIFI Language/zh_CN" "183.146.123.171"
101.226.225.86 - - [01/Aug/2018:09:05:51 +0800] "GET /api/wechat/oauth/?code=0219b8Qe2m9pEB01S5Re2f2sQe29b8QR HTTP/1.1" 200 377 "http://m.xiaobaiparty.com/search?from=timeline&code=0219b8Qe2m9pEB01S5Re2f2sQe29b8QR&state=STATE" "Mozilla/5.0 (Linux; Android 7.1.1; vivo X20 Build/NMF26X; wv) AppleWebKit/537.36 (KHTML, like Gecko) Version/4.0 Chrome/57.0.2987.132 MQQBrowser/6.2 TBS/044203 Mobile Safari/537.36 MicroMessenger/6.6.7.1321(0x26060739) NetType/WIFI Language/zh_CN" "183.146.123.171"
58.247.212.81 - - [01/Aug/2018:09:05:51 +0800] "GET /static/js/6.633461d488e7b9a2e2a6.js HTTP/1.1" 200 13268 "http://m.xiaobaiparty.com/search?from=timeline&code=0219b8Qe2m9pEB01S5Re2f2sQe29b8QR&state=STATE" "Mozilla/5.0 (Linux; Android 7.1.1; vivo X20 Build/NMF26X; wv) AppleWebKit/537.36 (KHTML, like Gecko) Version/4.0 Chrome/57.0.2987.132 MQQBrowser/6.2 TBS/044203 Mobile Safari/537.36 MicroMessenger/6.6.7.1321(0x26060739) NetType/WIFI Language/zh_CN" "183.146.123.171"
101.226.225.86 - - [01/Aug/2018:09:05:51 +0800] "GET /static/js/8.804c032fd4b7703bf7f6.js HTTP/1.1" 200 891 "http://m.xiaobaiparty.com/search?from=timeline&code=0219b8Qe2m9pEB01S5Re2f2sQe29b8QR&state=STATE" "Mozilla/5.0 (Linux; Android 7.1.1; vivo X20 Build/NMF26X; wv) AppleWebKit/537.36 (KHTML, like Gecko) Version/4.0 Chrome/57.0.2987.132 MQQBrowser/6.2 TBS/044203 Mobile Safari/537.36 MicroMessenger/6.6.7.1321(0x26060739) NetType/WIFI Language/zh_CN" "183.146.123.171"
101.226.225.86 - - [01/Aug/2018:09:05:51 +0800] "GET /static/js/0.c011607dd024d2648406.js HTTP/1.1" 200 80926 "http://m.xiaobaiparty.com/search?from=timeline&code=0219b8Qe2m9pEB01S5Re2f2sQe29b8QR&state=STATE" "Mozilla/5.0 (Linux; Android 7.1.1; vivo X20 Build/NMF26X; wv) AppleWebKit/537.36 (KHTML, like Gecko) Version/4.0 Chrome/57.0.2987.132 MQQBrowser/6.2 TBS/044203 Mobile Safari/537.36 MicroMessenger/6.6.7.1321(0x26060739) NetType/WIFI Language/zh_CN" "183.146.123.171"
183.146.123.171 - - [01/Aug/2018:09:05:51 +0800] "GET /static/img/Bitmap.1e7f4f5.png HTTP/1.1" 200 24510 "http://m.xiaobaiparty.com/search?from=timeline&code=0219b8Qe2m9pEB01S5Re2f2sQe29b8QR&state=STATE" "Mozilla/5.0 (Linux; Android 7.1.1; vivo X20 Build/NMF26X; wv) AppleWebKit/537.36 (KHTML, like Gecko) Version/4.0 Chrome/57.0.2987.132 MQQBrowser/6.2 TBS/044203 Mobile Safari/537.36 MicroMessenger/6.6.7.1321(0x26060739) NetType/WIFI Language/zh_CN" "-"
101.226.225.86 - - [01/Aug/2018:09:05:51 +0800] "GET /api/my_folders/ HTTP/1.1" 200 2 "http://m.xiaobaiparty.com/search?from=timeline&code=0219b8Qe2m9pEB01S5Re2f2sQe29b8QR&state=STATE" "Mozilla/5.0 (Linux; Android 7.1.1; vivo X20 Build/NMF26X; wv) AppleWebKit/537.36 (KHTML, like Gecko) Version/4.0 Chrome/57.0.2987.132 MQQBrowser/6.2 TBS/044203 Mobile Safari/537.36 MicroMessenger/6.6.7.1321(0x26060739) NetType/WIFI Language/zh_CN" "183.146.123.171"
183.146.123.171 - - [01/Aug/2018:09:05:52 +0800] "GET /static/img/WechatIMG.04a909e.jpeg HTTP/1.1" 200 28241 "http://m.xiaobaiparty.com/search?from=timeline&code=0219b8Qe2m9pEB01S5Re2f2sQe29b8QR&state=STATE" "Mozilla/5.0 (Linux; Android 7.1.1; vivo X20 Build/NMF26X; wv) AppleWebKit/537.36 (KHTML, like Gecko) Version/4.0 Chrome/57.0.2987.132 MQQBrowser/6.2 TBS/044203 Mobile Safari/537.36 MicroMessenger/6.6.7.1321(0x26060739) NetType/WIFI Language/zh_CN" "-"
61.151.178.168 - - [01/Aug/2018:09:05:55 +0800] "GET /search?from=timeline HTTP/1.1" 200 569 "-" "Mozilla/5.0 (Linux; Android 6.0; FRD-AL10 Build/HUAWEIFRD-AL10; wv) AppleWebKit/537.36 (KHTML, like Gecko) Version/4.0 Chrome/57.0.2987.132 MQQBrowser/6.2 TBS/044203 Mobile Safari/537.36 MicroMessenger/6.6.7.1321(0x26060739) NetType/4G Language/zh_CN" "112.64.68.193"
61.151.178.168 - - [01/Aug/2018:09:05:55 +0800] "GET /static/js/manifest.c61e03dc6bfa5ab2d717.js HTTP/1.1" 200 1946 "http://m.xiaobaiparty.com/search?from=timeline" "Mozilla/5.0 (Linux; Android 6.0; FRD-AL10 Build/HUAWEIFRD-AL10; wv) AppleWebKit/537.36 (KHTML, like Gecko) Version/4.0 Chrome/57.0.2987.132 MQQBrowser/6.2 TBS/044203 Mobile Safari/537.36 MicroMessenger/6.6.7.1321(0x26060739) NetType/4G Language/zh_CN" "112.64.68.193"
61.151.178.168 - - [01/Aug/2018:09:05:55 +0800] "GET /static/js/app.cc89f4bc82385e78fd29.js HTTP/1.1" 200 16383 "http://m.xiaobaiparty.com/search?from=timeline" "Mozilla/5.0 (Linux; Android 6.0; FRD-AL10 Build/HUAWEIFRD-AL10; wv) AppleWebKit/537.36 (KHTML, like Gecko) Version/4.0 Chrome/57.0.2987.132 MQQBrowser/6.2 TBS/044203 Mobile Safari/537.36 MicroMessenger/6.6.7.1321(0x26060739) NetType/4G Language/zh_CN" "112.64.68.193"
112.64.68.193 - - [01/Aug/2018:09:05:55 +0800] "GET /static/css/app.937230d9f03a8edbd23c4015814f1ce0.css HTTP/1.1" 200 135829 "http://m.xiaobaiparty.com/search?from=timeline" "Mozilla/5.0 (Linux; Android 6.0; FRD-AL10 Build/HUAWEIFRD-AL10; wv) AppleWebKit/537.36 (KHTML, like Gecko) Version/4.0 Chrome/57.0.2987.132 MQQBrowser/6.2 TBS/044203 Mobile Safari/537.36 MicroMessenger/6.6.7.1321(0x26060739) NetType/4G Language/zh_CN" "-"
61.151.178.168 - - [01/Aug/2018:09:05:55 +0800] "GET /static/js/vendor.4b3c332f71f26dbd1347.js HTTP/1.1" 200 524096 "http://m.xiaobaiparty.com/search?from=timeline" "Mozilla/5.0 (Linux; Android 6.0; FRD-AL10 Build/HUAWEIFRD-AL10; wv) AppleWebKit/537.36 (KHTML, like Gecko) Version/4.0 Chrome/57.0.2987.132 MQQBrowser/6.2 TBS/044203 Mobile Safari/537.36 MicroMessenger/6.6.7.1321(0x26060739) NetType/4G Language/zh_CN" "112.64.68.193"
112.64.68.193 - - [01/Aug/2018:09:05:58 +0800] "GET /favicon.ico HTTP/1.1" 200 569 "http://m.xiaobaiparty.com/search?from=timeline" "Mozilla/5.0 (Linux; Android 6.0; FRD-AL10 Build/HUAWEIFRD-AL10; wv) AppleWebKit/537.36 (KHTML, like Gecko) Version/4.0 Chrome/57.0.2987.132 MQQBrowser/6.2 TBS/044203 Mobile Safari/537.36 MicroMessenger/6.6.7.1321(0x26060739) NetType/4G Language/zh_CN" "-"
61.151.178.168 - - [01/Aug/2018:09:05:58 +0800] "POST /api/wechat_h5/config/ HTTP/1.1" 200 187 "http://m.xiaobaiparty.com/search?from=timeline" "Mozilla/5.0 (Linux; Android 6.0; FRD-AL10 Build/HUAWEIFRD-AL10; wv) AppleWebKit/537.36 (KHTML, like Gecko) Version/4.0 Chrome/57.0.2987.132 MQQBrowser/6.2 TBS/044203 Mobile Safari/537.36 MicroMessenger/6.6.7.1321(0x26060739) NetType/4G Language/zh_CN" "112.64.68.193"
61.151.178.168 - - [01/Aug/2018:09:05:59 +0800] "GET /api/auth_info/ HTTP/1.1" 401 82 "http://m.xiaobaiparty.com/search?from=timeline" "Mozilla/5.0 (Linux; Android 6.0; FRD-AL10 Build/HUAWEIFRD-AL10; wv) AppleWebKit/537.36 (KHTML, like Gecko) Version/4.0 Chrome/57.0.2987.132 MQQBrowser/6.2 TBS/044203 Mobile Safari/537.36 MicroMessenger/6.6.7.1321(0x26060739) NetType/4G Language/zh_CN" "112.64.68.193"
101.226.225.86 - - [01/Aug/2018:09:05:59 +0800] "POST /api/wechat_h5/config/ HTTP/1.1" 200 187 "http://m.xiaobaiparty.com/search?from=timeline" "Mozilla/5.0 (Linux; Android 7.1.1; vivo X20 Build/NMF26X; wv) AppleWebKit/537.36 (KHTML, like Gecko) Version/4.0 Chrome/57.0.2987.132 MQQBrowser/6.2 TBS/044203 Mobile Safari/537.36 MicroMessenger/6.6.7.1321(0x26060739) NetType/WIFI Language/zh_CN" "183.146.123.171"
101.226.225.86 - - [01/Aug/2018:09:05:59 +0800] "GET /api/auth_info/ HTTP/1.1" 200 377 "http://m.xiaobaiparty.com/search?from=timeline" "Mozilla/5.0 (Linux; Android 7.1.1; vivo X20 Build/NMF26X; wv) AppleWebKit/537.36 (KHTML, like Gecko) Version/4.0 Chrome/57.0.2987.132 MQQBrowser/6.2 TBS/044203 Mobile Safari/537.36 MicroMessenger/6.6.7.1321(0x26060739) NetType/WIFI Language/zh_CN" "183.146.123.171"
101.226.225.86 - - [01/Aug/2018:09:05:59 +0800] "GET /api/my_folders/ HTTP/1.1" 200 2 "http://m.xiaobaiparty.com/search?from=timeline" "Mozilla/5.0 (Linux; Android 7.1.1; vivo X20 Build/NMF26X; wv) AppleWebKit/537.36 (KHTML, like Gecko) Version/4.0 Chrome/57.0.2987.132 MQQBrowser/6.2 TBS/044203 Mobile Safari/537.36 MicroMessenger/6.6.7.1321(0x26060739) NetType/WIFI Language/zh_CN" "183.146.123.171"
61.151.178.168 - - [01/Aug/2018:09:06:05 +0800] "GET /search?from=timeline&code=071hhJ9v0sQeKa1mWXbv0IGV9v0hhJ98&state=STATE HTTP/1.1" 200 569 "-" "Mozilla/5.0 (Linux; Android 6.0; FRD-AL10 Build/HUAWEIFRD-AL10; wv) AppleWebKit/537.36 (KHTML, like Gecko) Version/4.0 Chrome/57.0.2987.132 MQQBrowser/6.2 TBS/044203 Mobile Safari/537.36 MicroMessenger/6.6.7.1321(0x26060739) NetType/4G Language/zh_CN" "112.64.68.193"
61.151.178.168 - - [01/Aug/2018:09:06:07 +0800] "POST /api/wechat_h5/config/ HTTP/1.1" 200 237 "http://m.xiaobaiparty.com/search?from=timeline&code=071hhJ9v0sQeKa1mWXbv0IGV9v0hhJ98&state=STATE" "Mozilla/5.0 (Linux; Android 6.0; FRD-AL10 Build/HUAWEIFRD-AL10; wv) AppleWebKit/537.36 (KHTML, like Gecko) Version/4.0 Chrome/57.0.2987.132 MQQBrowser/6.2 TBS/044203 Mobile Safari/537.36 MicroMessenger/6.6.7.1321(0x26060739) NetType/4G Language/zh_CN" "112.64.68.193"
61.151.178.168 - - [01/Aug/2018:09:06:07 +0800] "GET /api/auth_info/ HTTP/1.1" 401 82 "http://m.xiaobaiparty.com/search?from=timeline&code=071hhJ9v0sQeKa1mWXbv0IGV9v0hhJ98&state=STATE" "Mozilla/5.0 (Linux; Android 6.0; FRD-AL10 Build/HUAWEIFRD-AL10; wv) AppleWebKit/537.36 (KHTML, like Gecko) Version/4.0 Chrome/57.0.2987.132 MQQBrowser/6.2 TBS/044203 Mobile Safari/537.36 MicroMessenger/6.6.7.1321(0x26060739) NetType/4G Language/zh_CN" "112.64.68.193"
61.151.178.168 - - [01/Aug/2018:09:06:08 +0800] "GET /api/wechat/oauth/?code=071hhJ9v0sQeKa1mWXbv0IGV9v0hhJ98 HTTP/1.1" 200 383 "http://m.xiaobaiparty.com/search?from=timeline&code=071hhJ9v0sQeKa1mWXbv0IGV9v0hhJ98&state=STATE" "Mozilla/5.0 (Linux; Android 6.0; FRD-AL10 Build/HUAWEIFRD-AL10; wv) AppleWebKit/537.36 (KHTML, like Gecko) Version/4.0 Chrome/57.0.2987.132 MQQBrowser/6.2 TBS/044203 Mobile Safari/537.36 MicroMessenger/6.6.7.1321(0x26060739) NetType/4G Language/zh_CN" "112.64.68.193"
223.167.152.14 - - [01/Aug/2018:09:06:08 +0800] "GET /static/js/6.633461d488e7b9a2e2a6.js HTTP/1.1" 200 13268 "http://m.xiaobaiparty.com/search?from=timeline&code=071hhJ9v0sQeKa1mWXbv0IGV9v0hhJ98&state=STATE" "Mozilla/5.0 (Linux; Android 6.0; FRD-AL10 Build/HUAWEIFRD-AL10; wv) AppleWebKit/537.36 (KHTML, like Gecko) Version/4.0 Chrome/57.0.2987.132 MQQBrowser/6.2 TBS/044203 Mobile Safari/537.36 MicroMessenger/6.6.7.1321(0x26060739) NetType/4G Language/zh_CN" "112.64.68.193"
61.151.178.168 - - [01/Aug/2018:09:06:08 +0800] "GET /static/js/8.804c032fd4b7703bf7f6.js HTTP/1.1" 200 891 "http://m.xiaobaiparty.com/search?from=timeline&code=071hhJ9v0sQeKa1mWXbv0IGV9v0hhJ98&state=STATE" "Mozilla/5.0 (Linux; Android 6.0; FRD-AL10 Build/HUAWEIFRD-AL10; wv) AppleWebKit/537.36 (KHTML, like Gecko) Version/4.0 Chrome/57.0.2987.132 MQQBrowser/6.2 TBS/044203 Mobile Safari/537.36 MicroMessenger/6.6.7.1321(0x26060739) NetType/4G Language/zh_CN" "112.64.68.193"
61.151.178.168 - - [01/Aug/2018:09:06:08 +0800] "GET /static/js/0.c011607dd024d2648406.js HTTP/1.1" 200 80926 "http://m.xiaobaiparty.com/search?from=timeline&code=071hhJ9v0sQeKa1mWXbv0IGV9v0hhJ98&state=STATE" "Mozilla/5.0 (Linux; Android 6.0; FRD-AL10 Build/HUAWEIFRD-AL10; wv) AppleWebKit/537.36 (KHTML, like Gecko) Version/4.0 Chrome/57.0.2987.132 MQQBrowser/6.2 TBS/044203 Mobile Safari/537.36 MicroMessenger/6.6.7.1321(0x26060739) NetType/4G Language/zh_CN" "112.64.68.193"
112.64.68.193 - - [01/Aug/2018:09:06:09 +0800] "GET /static/img/Bitmap.1e7f4f5.png HTTP/1.1" 200 24510 "http://m.xiaobaiparty.com/search?from=timeline&code=071hhJ9v0sQeKa1mWXbv0IGV9v0hhJ98&state=STATE" "Mozilla/5.0 (Linux; Android 6.0; FRD-AL10 Build/HUAWEIFRD-AL10; wv) AppleWebKit/537.36 (KHTML, like Gecko) Version/4.0 Chrome/57.0.2987.132 MQQBrowser/6.2 TBS/044203 Mobile Safari/537.36 MicroMessenger/6.6.7.1321(0x26060739) NetType/4G Language/zh_CN" "-"
61.151.178.168 - - [01/Aug/2018:09:06:09 +0800] "GET /api/my_folders/ HTTP/1.1" 200 2 "http://m.xiaobaiparty.com/search?from=timeline&code=071hhJ9v0sQeKa1mWXbv0IGV9v0hhJ98&state=STATE" "Mozilla/5.0 (Linux; Android 6.0; FRD-AL10 Build/HUAWEIFRD-AL10; wv) AppleWebKit/537.36 (KHTML, like Gecko) Version/4.0 Chrome/57.0.2987.132 MQQBrowser/6.2 TBS/044203 Mobile Safari/537.36 MicroMessenger/6.6.7.1321(0x26060739) NetType/4G Language/zh_CN" "112.64.68.193"
112.64.68.193 - - [01/Aug/2018:09:06:09 +0800] "GET /static/img/WechatIMG.04a909e.jpeg HTTP/1.1" 200 28241 "http://m.xiaobaiparty.com/search?from=timeline&code=071hhJ9v0sQeKa1mWXbv0IGV9v0hhJ98&state=STATE" "Mozilla/5.0 (Linux; Android 6.0; FRD-AL10 Build/HUAWEIFRD-AL10; wv) AppleWebKit/537.36 (KHTML, like Gecko) Version/4.0 Chrome/57.0.2987.132 MQQBrowser/6.2 TBS/044203 Mobile Safari/537.36 MicroMessenger/6.6.7.1321(0x26060739) NetType/4G Language/zh_CN" "-"
120.204.17.68 - - [01/Aug/2018:09:06:32 +0800] "GET /api/auth_info/ HTTP/1.1" 200 383 "http://m.xiaobaiparty.com/search?from=timeline&code=071hhJ9v0sQeKa1mWXbv0IGV9v0hhJ98&state=STATE" "Mozilla/5.0 (Linux; Android 6.0; FRD-AL10 Build/HUAWEIFRD-AL10; wv) AppleWebKit/537.36 (KHTML, like Gecko) Version/4.0 Chrome/57.0.2987.132 MQQBrowser/6.2 TBS/044203 Mobile Safari/537.36 MicroMessenger/6.6.7.1321(0x26060739) NetType/4G Language/zh_CN" "220.248.27.158"
120.204.17.68 - - [01/Aug/2018:09:06:32 +0800] "GET /static/js/7.ef567402feb25675d179.js HTTP/1.1" 200 10807 "http://m.xiaobaiparty.com/search?from=timeline&code=071hhJ9v0sQeKa1mWXbv0IGV9v0hhJ98&state=STATE" "Mozilla/5.0 (Linux; Android 6.0; FRD-AL10 Build/HUAWEIFRD-AL10; wv) AppleWebKit/537.36 (KHTML, like Gecko) Version/4.0 Chrome/57.0.2987.132 MQQBrowser/6.2 TBS/044203 Mobile Safari/537.36 MicroMessenger/6.6.7.1321(0x26060739) NetType/4G Language/zh_CN" "220.248.27.158"
220.248.27.158 - - [01/Aug/2018:09:06:33 +0800] "GET /api/my_folders/ HTTP/1.1" 200 2 "http://m.xiaobaiparty.com/find" "Mozilla/5.0 (Linux; Android 6.0; FRD-AL10 Build/HUAWEIFRD-AL10; wv) AppleWebKit/537.36 (KHTML, like Gecko) Version/4.0 Chrome/57.0.2987.132 MQQBrowser/6.2 TBS/044203 Mobile Safari/537.36 MicroMessenger/6.6.7.1321(0x26060739) NetType/4G Language/zh_CN" "-"
220.248.27.158 - - [01/Aug/2018:09:06:33 +0800] "GET /api/discovery/banners/ HTTP/1.1" 200 515 "http://m.xiaobaiparty.com/find" "Mozilla/5.0 (Linux; Android 6.0; FRD-AL10 Build/HUAWEIFRD-AL10; wv) AppleWebKit/537.36 (KHTML, like Gecko) Version/4.0 Chrome/57.0.2987.132 MQQBrowser/6.2 TBS/044203 Mobile Safari/537.36 MicroMessenger/6.6.7.1321(0x26060739) NetType/4G Language/zh_CN" "-"
220.248.27.158 - - [01/Aug/2018:09:06:33 +0800] "GET /api/discovery/folders/ HTTP/1.1" 200 2202 "http://m.xiaobaiparty.com/find" "Mozilla/5.0 (Linux; Android 6.0; FRD-AL10 Build/HUAWEIFRD-AL10; wv) AppleWebKit/537.36 (KHTML, like Gecko) Version/4.0 Chrome/57.0.2987.132 MQQBrowser/6.2 TBS/044203 Mobile Safari/537.36 MicroMessenger/6.6.7.1321(0x26060739) NetType/4G Language/zh_CN" "-"
220.248.27.158 - - [01/Aug/2018:09:06:33 +0800] "GET /static/img/normal_file.8a8a56f.png HTTP/1.1" 200 43083 "http://m.xiaobaiparty.com/find" "Mozilla/5.0 (Linux; Android 6.0; FRD-AL10 Build/HUAWEIFRD-AL10; wv) AppleWebKit/537.36 (KHTML, like Gecko) Version/4.0 Chrome/57.0.2987.132 MQQBrowser/6.2 TBS/044203 Mobile Safari/537.36 MicroMessenger/6.6.7.1321(0x26060739) NetType/4G Language/zh_CN" "-"
220.248.27.158 - - [01/Aug/2018:09:06:33 +0800] "GET /api/discovery/users/ HTTP/1.1" 200 7866 "http://m.xiaobaiparty.com/find" "Mozilla/5.0 (Linux; Android 6.0; FRD-AL10 Build/HUAWEIFRD-AL10; wv) AppleWebKit/537.36 (KHTML, like Gecko) Version/4.0 Chrome/57.0.2987.132 MQQBrowser/6.2 TBS/044203 Mobile Safari/537.36 MicroMessenger/6.6.7.1321(0x26060739) NetType/4G Language/zh_CN" "-"
220.248.27.158 - - [01/Aug/2018:09:06:38 +0800] "POST /api/wechat_h5/config/ HTTP/1.1" 200 190 "http://m.xiaobaiparty.com/find" "Mozilla/5.0 (Linux; Android 6.0; FRD-AL10 Build/HUAWEIFRD-AL10; wv) AppleWebKit/537.36 (KHTML, like Gecko) Version/4.0 Chrome/57.0.2987.132 MQQBrowser/6.2 TBS/044203 Mobile Safari/537.36 MicroMessenger/6.6.7.1321(0x26060739) NetType/4G Language/zh_CN" "-"
220.248.27.158 - - [01/Aug/2018:09:06:38 +0800] "GET /api/auth_info/ HTTP/1.1" 200 383 "http://m.xiaobaiparty.com/find" "Mozilla/5.0 (Linux; Android 6.0; FRD-AL10 Build/HUAWEIFRD-AL10; wv) AppleWebKit/537.36 (KHTML, like Gecko) Version/4.0 Chrome/57.0.2987.132 MQQBrowser/6.2 TBS/044203 Mobile Safari/537.36 MicroMessenger/6.6.7.1321(0x26060739) NetType/4G Language/zh_CN" "-"
220.248.27.158 - - [01/Aug/2018:09:06:38 +0800] "GET /static/js/15.796910cdc91da587abfc.js HTTP/1.1" 200 7562 "http://m.xiaobaiparty.com/find" "Mozilla/5.0 (Linux; Android 6.0; FRD-AL10 Build/HUAWEIFRD-AL10; wv) AppleWebKit/537.36 (KHTML, like Gecko) Version/4.0 Chrome/57.0.2987.132 MQQBrowser/6.2 TBS/044203 Mobile Safari/537.36 MicroMessenger/6.6.7.1321(0x26060739) NetType/4G Language/zh_CN" "-"
220.248.27.158 - - [01/Aug/2018:09:06:39 +0800] "GET /api/folders/436/ HTTP/1.1" 200 432 "http://m.xiaobaiparty.com/user_catalog_detail/436" "Mozilla/5.0 (Linux; Android 6.0; FRD-AL10 Build/HUAWEIFRD-AL10; wv) AppleWebKit/537.36 (KHTML, like Gecko) Version/4.0 Chrome/57.0.2987.132 MQQBrowser/6.2 TBS/044203 Mobile Safari/537.36 MicroMessenger/6.6.7.1321(0x26060739) NetType/4G Language/zh_CN" "-"
220.248.27.158 - - [01/Aug/2018:09:06:39 +0800] "GET /api/folders/436/articles HTTP/1.1" 301 0 "http://m.xiaobaiparty.com/user_catalog_detail/436" "Mozilla/5.0 (Linux; Android 6.0; FRD-AL10 Build/HUAWEIFRD-AL10; wv) AppleWebKit/537.36 (KHTML, like Gecko) Version/4.0 Chrome/57.0.2987.132 MQQBrowser/6.2 TBS/044203 Mobile Safari/537.36 MicroMessenger/6.6.7.1321(0x26060739) NetType/4G Language/zh_CN" "-"
220.248.27.158 - - [01/Aug/2018:09:06:39 +0800] "GET /api/folders/436/articles/ HTTP/1.1" 200 859 "http://m.xiaobaiparty.com/user_catalog_detail/436" "Mozilla/5.0 (Linux; Android 6.0; FRD-AL10 Build/HUAWEIFRD-AL10; wv) AppleWebKit/537.36 (KHTML, like Gecko) Version/4.0 Chrome/57.0.2987.132 MQQBrowser/6.2 TBS/044203 Mobile Safari/537.36 MicroMessenger/6.6.7.1321(0x26060739) NetType/4G Language/zh_CN" "-"
220.248.27.158 - - [01/Aug/2018:09:06:47 +0800] "GET /api/auth_info/ HTTP/1.1" 200 383 "http://m.xiaobaiparty.com/user_catalog_detail/436" "Mozilla/5.0 (Linux; Android 6.0; FRD-AL10 Build/HUAWEIFRD-AL10; wv) AppleWebKit/537.36 (KHTML, like Gecko) Version/4.0 Chrome/57.0.2987.132 MQQBrowser/6.2 TBS/044203 Mobile Safari/537.36 MicroMessenger/6.6.7.1321(0x26060739) NetType/4G Language/zh_CN" "-"
220.248.27.158 - - [01/Aug/2018:09:06:47 +0800] "GET /static/js/19.51bbf9a3e4cd6d6425f7.js HTTP/1.1" 200 2611 "http://m.xiaobaiparty.com/user_catalog_detail/436" "Mozilla/5.0 (Linux; Android 6.0; FRD-AL10 Build/HUAWEIFRD-AL10; wv) AppleWebKit/537.36 (KHTML, like Gecko) Version/4.0 Chrome/57.0.2987.132 MQQBrowser/6.2 TBS/044203 Mobile Safari/537.36 MicroMessenger/6.6.7.1321(0x26060739) NetType/4G Language/zh_CN" "-"
220.248.27.158 - - [01/Aug/2018:09:06:47 +0800] "GET /api/folders/436/ HTTP/1.1" 200 432 "http://m.xiaobaiparty.com/subscribe_recharge/1041/436" "Mozilla/5.0 (Linux; Android 6.0; FRD-AL10 Build/HUAWEIFRD-AL10; wv) AppleWebKit/537.36 (KHTML, like Gecko) Version/4.0 Chrome/57.0.2987.132 MQQBrowser/6.2 TBS/044203 Mobile Safari/537.36 MicroMessenger/6.6.7.1321(0x26060739) NetType/4G Language/zh_CN" "-"
220.248.27.158 - - [01/Aug/2018:09:06:47 +0800] "GET /api/m/userinfo/1041/ HTTP/1.1" 200 288 "http://m.xiaobaiparty.com/subscribe_recharge/1041/436" "Mozilla/5.0 (Linux; Android 6.0; FRD-AL10 Build/HUAWEIFRD-AL10; wv) AppleWebKit/537.36 (KHTML, like Gecko) Version/4.0 Chrome/57.0.2987.132 MQQBrowser/6.2 TBS/044203 Mobile Safari/537.36 MicroMessenger/6.6.7.1321(0x26060739) NetType/4G Language/zh_CN" "-"
52.77.228.222 - - [01/Aug/2018:09:06:50 +0800] "GET / HTTP/1.1" 200 11547 "-" "PostmanRuntime/7.1.6" "-"
220.248.27.158 - - [01/Aug/2018:09:06:52 +0800] "POST /api/wechat_h5/config/ HTTP/1.1" 200 190 "http://m.xiaobaiparty.com/user_catalog_detail/436" "Mozilla/5.0 (Linux; Android 6.0; FRD-AL10 Build/HUAWEIFRD-AL10; wv) AppleWebKit/537.36 (KHTML, like Gecko) Version/4.0 Chrome/57.0.2987.132 MQQBrowser/6.2 TBS/044203 Mobile Safari/537.36 MicroMessenger/6.6.7.1321(0x26060739) NetType/4G Language/zh_CN" "-"
220.248.27.158 - - [01/Aug/2018:09:06:52 +0800] "GET /api/auth_info/ HTTP/1.1" 200 383 "http://m.xiaobaiparty.com/find" "Mozilla/5.0 (Linux; Android 6.0; FRD-AL10 Build/HUAWEIFRD-AL10; wv) AppleWebKit/537.36 (KHTML, like Gecko) Version/4.0 Chrome/57.0.2987.132 MQQBrowser/6.2 TBS/044203 Mobile Safari/537.36 MicroMessenger/6.6.7.1321(0x26060739) NetType/4G Language/zh_CN" "-"
220.248.27.158 - - [01/Aug/2018:09:06:52 +0800] "GET /api/auth_info/ HTTP/1.1" 200 383 "http://m.xiaobaiparty.com/find" "Mozilla/5.0 (Linux; Android 6.0; FRD-AL10 Build/HUAWEIFRD-AL10; wv) AppleWebKit/537.36 (KHTML, like Gecko) Version/4.0 Chrome/57.0.2987.132 MQQBrowser/6.2 TBS/044203 Mobile Safari/537.36 MicroMessenger/6.6.7.1321(0x26060739) NetType/4G Language/zh_CN" "-"
220.248.27.158 - - [01/Aug/2018:09:06:52 +0800] "GET /api/my_folders/ HTTP/1.1" 200 2 "http://m.xiaobaiparty.com/find" "Mozilla/5.0 (Linux; Android 6.0; FRD-AL10 Build/HUAWEIFRD-AL10; wv) AppleWebKit/537.36 (KHTML, like Gecko) Version/4.0 Chrome/57.0.2987.132 MQQBrowser/6.2 TBS/044203 Mobile Safari/537.36 MicroMessenger/6.6.7.1321(0x26060739) NetType/4G Language/zh_CN" "-"
220.248.27.158 - - [01/Aug/2018:09:06:52 +0800] "GET /api/discovery/banners/ HTTP/1.1" 200 515 "http://m.xiaobaiparty.com/find" "Mozilla/5.0 (Linux; Android 6.0; FRD-AL10 Build/HUAWEIFRD-AL10; wv) AppleWebKit/537.36 (KHTML, like Gecko) Version/4.0 Chrome/57.0.2987.132 MQQBrowser/6.2 TBS/044203 Mobile Safari/537.36 MicroMessenger/6.6.7.1321(0x26060739) NetType/4G Language/zh_CN" "-"
220.248.27.158 - - [01/Aug/2018:09:06:53 +0800] "GET /api/discovery/folders/ HTTP/1.1" 200 2134 "http://m.xiaobaiparty.com/find" "Mozilla/5.0 (Linux; Android 6.0; FRD-AL10 Build/HUAWEIFRD-AL10; wv) AppleWebKit/537.36 (KHTML, like Gecko) Version/4.0 Chrome/57.0.2987.132 MQQBrowser/6.2 TBS/044203 Mobile Safari/537.36 MicroMessenger/6.6.7.1321(0x26060739) NetType/4G Language/zh_CN" "-"
220.248.27.158 - - [01/Aug/2018:09:06:53 +0800] "GET /api/discovery/users/ HTTP/1.1" 200 6880 "http://m.xiaobaiparty.com/find" "Mozilla/5.0 (Linux; Android 6.0; FRD-AL10 Build/HUAWEIFRD-AL10; wv) AppleWebKit/537.36 (KHTML, like Gecko) Version/4.0 Chrome/57.0.2987.132 MQQBrowser/6.2 TBS/044203 Mobile Safari/537.36 MicroMessenger/6.6.7.1321(0x26060739) NetType/4G Language/zh_CN" "-"
120.204.17.68 - - [01/Aug/2018:09:06:54 +0800] "POST /api/wechat_h5/config/ HTTP/1.1" 200 237 "http://m.xiaobaiparty.com/search?from=timeline&code=071hhJ9v0sQeKa1mWXbv0IGV9v0hhJ98&state=STATE" "Mozilla/5.0 (Linux; Android 6.0; FRD-AL10 Build/HUAWEIFRD-AL10; wv) AppleWebKit/537.36 (KHTML, like Gecko) Version/4.0 Chrome/57.0.2987.132 MQQBrowser/6.2 TBS/044203 Mobile Safari/537.36 MicroMessenger/6.6.7.1321(0x26060739) NetType/4G Language/zh_CN" "220.248.27.158"
61.151.178.168 - - [01/Aug/2018:09:06:54 +0800] "GET /api/auth_info/ HTTP/1.1" 200 383 "http://m.xiaobaiparty.com/search?from=timeline&code=071hhJ9v0sQeKa1mWXbv0IGV9v0hhJ98&state=STATE" "Mozilla/5.0 (Linux; Android 6.0; FRD-AL10 Build/HUAWEIFRD-AL10; wv) AppleWebKit/537.36 (KHTML, like Gecko) Version/4.0 Chrome/57.0.2987.132 MQQBrowser/6.2 TBS/044203 Mobile Safari/537.36 MicroMessenger/6.6.7.1321(0x26060739) NetType/4G Language/zh_CN" "220.248.27.158"
61.151.178.168 - - [01/Aug/2018:09:06:54 +0800] "GET /api/my_folders/ HTTP/1.1" 200 2 "http://m.xiaobaiparty.com/search?from=timeline&code=071hhJ9v0sQeKa1mWXbv0IGV9v0hhJ98&state=STATE" "Mozilla/5.0 (Linux; Android 6.0; FRD-AL10 Build/HUAWEIFRD-AL10; wv) AppleWebKit/537.36 (KHTML, like Gecko) Version/4.0 Chrome/57.0.2987.132 MQQBrowser/6.2 TBS/044203 Mobile Safari/537.36 MicroMessenger/6.6.7.1321(0x26060739) NetType/4G Language/zh_CN" "220.248.27.158"
120.204.17.68 - - [01/Aug/2018:09:07:02 +0800] "GET /api/auth_info/ HTTP/1.1" 200 383 "http://m.xiaobaiparty.com/search?from=timeline&code=071hhJ9v0sQeKa1mWXbv0IGV9v0hhJ98&state=STATE" "Mozilla/5.0 (Linux; Android 6.0; FRD-AL10 Build/HUAWEIFRD-AL10; wv) AppleWebKit/537.36 (KHTML, like Gecko) Version/4.0 Chrome/57.0.2987.132 MQQBrowser/6.2 TBS/044203 Mobile Safari/537.36 MicroMessenger/6.6.7.1321(0x26060739) NetType/4G Language/zh_CN" "220.248.27.158"
220.248.27.158 - - [01/Aug/2018:09:07:02 +0800] "GET /api/my_folders/ HTTP/1.1" 200 2 "http://m.xiaobaiparty.com/find" "Mozilla/5.0 (Linux; Android 6.0; FRD-AL10 Build/HUAWEIFRD-AL10; wv) AppleWebKit/537.36 (KHTML, like Gecko) Version/4.0 Chrome/57.0.2987.132 MQQBrowser/6.2 TBS/044203 Mobile Safari/537.36 MicroMessenger/6.6.7.1321(0x26060739) NetType/4G Language/zh_CN" "-"
220.248.27.158 - - [01/Aug/2018:09:07:02 +0800] "GET /api/discovery/banners/ HTTP/1.1" 200 515 "http://m.xiaobaiparty.com/find" "Mozilla/5.0 (Linux; Android 6.0; FRD-AL10 Build/HUAWEIFRD-AL10; wv) AppleWebKit/537.36 (KHTML, like Gecko) Version/4.0 Chrome/57.0.2987.132 MQQBrowser/6.2 TBS/044203 Mobile Safari/537.36 MicroMessenger/6.6.7.1321(0x26060739) NetType/4G Language/zh_CN" "-"
220.248.27.158 - - [01/Aug/2018:09:07:02 +0800] "GET /api/discovery/folders/ HTTP/1.1" 200 2178 "http://m.xiaobaiparty.com/find" "Mozilla/5.0 (Linux; Android 6.0; FRD-AL10 Build/HUAWEIFRD-AL10; wv) AppleWebKit/537.36 (KHTML, like Gecko) Version/4.0 Chrome/57.0.2987.132 MQQBrowser/6.2 TBS/044203 Mobile Safari/537.36 MicroMessenger/6.6.7.1321(0x26060739) NetType/4G Language/zh_CN" "-"
220.248.27.158 - - [01/Aug/2018:09:07:03 +0800] "GET /api/discovery/users/ HTTP/1.1" 200 7950 "http://m.xiaobaiparty.com/find" "Mozilla/5.0 (Linux; Android 6.0; FRD-AL10 Build/HUAWEIFRD-AL10; wv) AppleWebKit/537.36 (KHTML, like Gecko) Version/4.0 Chrome/57.0.2987.132 MQQBrowser/6.2 TBS/044203 Mobile Safari/537.36 MicroMessenger/6.6.7.1321(0x26060739) NetType/4G Language/zh_CN" "-"
120.204.17.68 - - [01/Aug/2018:09:07:35 +0800] "POST /api/wechat_h5/config/ HTTP/1.1" 200 237 "http://m.xiaobaiparty.com/search?from=timeline&code=071hhJ9v0sQeKa1mWXbv0IGV9v0hhJ98&state=STATE" "Mozilla/5.0 (Linux; Android 6.0; FRD-AL10 Build/HUAWEIFRD-AL10; wv) AppleWebKit/537.36 (KHTML, like Gecko) Version/4.0 Chrome/57.0.2987.132 MQQBrowser/6.2 TBS/044203 Mobile Safari/537.36 MicroMessenger/6.6.7.1321(0x26060739) NetType/4G Language/zh_CN" "220.248.27.158"
61.151.178.168 - - [01/Aug/2018:09:07:35 +0800] "GET /api/auth_info/ HTTP/1.1" 200 383 "http://m.xiaobaiparty.com/search?from=timeline&code=071hhJ9v0sQeKa1mWXbv0IGV9v0hhJ98&state=STATE" "Mozilla/5.0 (Linux; Android 6.0; FRD-AL10 Build/HUAWEIFRD-AL10; wv) AppleWebKit/537.36 (KHTML, like Gecko) Version/4.0 Chrome/57.0.2987.132 MQQBrowser/6.2 TBS/044203 Mobile Safari/537.36 MicroMessenger/6.6.7.1321(0x26060739) NetType/4G Language/zh_CN" "220.248.27.158"
120.204.17.68 - - [01/Aug/2018:09:07:35 +0800] "GET /api/my_folders/ HTTP/1.1" 200 2 "http://m.xiaobaiparty.com/search?from=timeline&code=071hhJ9v0sQeKa1mWXbv0IGV9v0hhJ98&state=STATE" "Mozilla/5.0 (Linux; Android 6.0; FRD-AL10 Build/HUAWEIFRD-AL10; wv) AppleWebKit/537.36 (KHTML, like Gecko) Version/4.0 Chrome/57.0.2987.132 MQQBrowser/6.2 TBS/044203 Mobile Safari/537.36 MicroMessenger/6.6.7.1321(0x26060739) NetType/4G Language/zh_CN" "220.248.27.158"
61.151.178.166 - - [01/Aug/2018:09:07:50 +0800] "GET /user_catalog_detail/436 HTTP/1.1" 200 569 "-" "Mozilla/5.0 (iPhone; CPU iPhone OS 10_2_1 like Mac OS X) AppleWebKit/602.4.6 (KHTML, like Gecko) Mobile/14D27 MicroMessenger/6.5.5 NetType/WIFI Language/en" "-"
120.204.17.68 - - [01/Aug/2018:09:07:53 +0800] "POST /api/wechat_h5/config/ HTTP/1.1" 499 0 "http://m.xiaobaiparty.com/search?from=timeline&code=071hhJ9v0sQeKa1mWXbv0IGV9v0hhJ98&state=STATE" "Mozilla/5.0 (Linux; Android 6.0; FRD-AL10 Build/HUAWEIFRD-AL10; wv) AppleWebKit/537.36 (KHTML, like Gecko) Version/4.0 Chrome/57.0.2987.132 MQQBrowser/6.2 TBS/044203 Mobile Safari/537.36 MicroMessenger/6.6.7.1321(0x26060739) NetType/4G Language/zh_CN" "220.248.27.158"
101.226.86.152 - - [01/Aug/2018:09:07:50 +0800] "GET /subscribe_recharge/1041/436 HTTP/1.1" 200 569 "-" "Mozilla/5.0 (Linux; Android 5.1.1; SM801 Build/LMY47V; wv) AppleWebKit/537.36 (KHTML, like Gecko) Version/4.0 Chrome/53.0.2785.49 Mobile MQQBrowser/6.2 TBS/043024 Safari/537.36 MicroMessenger/6.5.4.1000 NetType/4G Language/zh_CN" "-"
101.226.86.152 - - [01/Aug/2018:09:07:53 +0800] "GET /static/js/manifest.c61e03dc6bfa5ab2d717.js HTTP/1.1" 200 1946 "http://m.xiaobaiparty.com/subscribe_recharge/1041/436" "Mozilla/5.0 (Linux; Android 4.4.4; HUAWEI ALE-CL00 Build/HuaweiALE-CL00; wv) AppleWebKit/537.36 (KHTML, like Gecko) Version/4.0 Chrome/53.0.2785.49 Mobile MQQBrowser/6.2 TBS/043024 Safari/537.36 MicroMessenger/6.5.4.1000 NetType/4G Language/zh_CN" "-"
61.151.178.166 - - [01/Aug/2018:09:07:53 +0800] "GET /static/js/manifest.c61e03dc6bfa5ab2d717.js HTTP/1.1" 200 1946 "http://m.xiaobaiparty.com/user_catalog_detail/436" "Mozilla/5.0 (Linux; Android 5.1.1; SM801 Build/LMY47V; wv) AppleWebKit/537.36 (KHTML, like Gecko) Version/4.0 Chrome/53.0.2785.49 Mobile MQQBrowser/6.2 TBS/043024 Safari/537.36 MicroMessenger/6.5.4.1000 NetType/4G Language/zh_CN" "-"
120.204.17.68 - - [01/Aug/2018:09:07:54 +0800] "GET /api/auth_info/ HTTP/1.1" 200 383 "http://m.xiaobaiparty.com/search?from=timeline&code=071hhJ9v0sQeKa1mWXbv0IGV9v0hhJ98&state=STATE" "Mozilla/5.0 (Linux; Android 6.0; FRD-AL10 Build/HUAWEIFRD-AL10; wv) AppleWebKit/537.36 (KHTML, like Gecko) Version/4.0 Chrome/57.0.2987.132 MQQBrowser/6.2 TBS/044203 Mobile Safari/537.36 MicroMessenger/6.6.7.1321(0x26060739) NetType/4G Language/zh_CN" "220.248.27.158"
61.151.178.168 - - [01/Aug/2018:09:07:54 +0800] "GET /api/auth_info/ HTTP/1.1" 200 383 "http://m.xiaobaiparty.com/search?from=timeline&code=071hhJ9v0sQeKa1mWXbv0IGV9v0hhJ98&state=STATE" "Mozilla/5.0 (Linux; Android 6.0; FRD-AL10 Build/HUAWEIFRD-AL10; wv) AppleWebKit/537.36 (KHTML, like Gecko) Version/4.0 Chrome/57.0.2987.132 MQQBrowser/6.2 TBS/044203 Mobile Safari/537.36 MicroMessenger/6.6.7.1321(0x26060739) NetType/4G Language/zh_CN" "220.248.27.158"
220.248.27.158 - - [01/Aug/2018:09:07:54 +0800] "GET /api/discovery/folders/ HTTP/1.1" 200 2325 "http://m.xiaobaiparty.com/find" "Mozilla/5.0 (Linux; Android 6.0; FRD-AL10 Build/HUAWEIFRD-AL10; wv) AppleWebKit/537.36 (KHTML, like Gecko) Version/4.0 Chrome/57.0.2987.132 MQQBrowser/6.2 TBS/044203 Mobile Safari/537.36 MicroMessenger/6.6.7.1321(0x26060739) NetType/4G Language/zh_CN" "-"
220.248.27.158 - - [01/Aug/2018:09:07:54 +0800] "GET /api/discovery/banners/ HTTP/1.1" 200 515 "http://m.xiaobaiparty.com/find" "Mozilla/5.0 (Linux; Android 6.0; FRD-AL10 Build/HUAWEIFRD-AL10; wv) AppleWebKit/537.36 (KHTML, like Gecko) Version/4.0 Chrome/57.0.2987.132 MQQBrowser/6.2 TBS/044203 Mobile Safari/537.36 MicroMessenger/6.6.7.1321(0x26060739) NetType/4G Language/zh_CN" "-"
220.248.27.158 - - [01/Aug/2018:09:07:54 +0800] "GET /api/my_folders/ HTTP/1.1" 200 2 "http://m.xiaobaiparty.com/find" "Mozilla/5.0 (Linux; Android 6.0; FRD-AL10 Build/HUAWEIFRD-AL10; wv) AppleWebKit/537.36 (KHTML, like Gecko) Version/4.0 Chrome/57.0.2987.132 MQQBrowser/6.2 TBS/044203 Mobile Safari/537.36 MicroMessenger/6.6.7.1321(0x26060739) NetType/4G Language/zh_CN" "-"
220.248.27.158 - - [01/Aug/2018:09:07:54 +0800] "GET /api/discovery/users/ HTTP/1.1" 200 7830 "http://m.xiaobaiparty.com/find" "Mozilla/5.0 (Linux; Android 6.0; FRD-AL10 Build/HUAWEIFRD-AL10; wv) AppleWebKit/537.36 (KHTML, like Gecko) Version/4.0 Chrome/57.0.2987.132 MQQBrowser/6.2 TBS/044203 Mobile Safari/537.36 MicroMessenger/6.6.7.1321(0x26060739) NetType/4G Language/zh_CN" "-"
61.151.178.166 - - [01/Aug/2018:09:07:54 +0800] "GET /static/js/vendor.4b3c332f71f26dbd1347.js HTTP/1.1" 200 524096 "http://m.xiaobaiparty.com/user_catalog_detail/436" "Mozilla/5.0 (Windows NT 6.1; WOW64) AppleWebKit/537.36 (KHTML, like Gecko) Chrome/39.0.2171.95 Safari/537.36 MicroMessenger/6.5.2.501 NetType/WIFI WindowsWechat QBCore/3.43.27.400 QQBrowser/9.0.2524.400" "-"
101.226.86.152 - - [01/Aug/2018:09:07:54 +0800] "GET /static/js/vendor.4b3c332f71f26dbd1347.js HTTP/1.1" 200 524096 "http://m.xiaobaiparty.com/subscribe_recharge/1041/436" "Mozilla/5.0 (Linux; Android 6.0.1; OPPO R9s Build/MMB29M) AppleWebKit/537.36 (KHTML, like Gecko) Version/4.0 Chrome/37.0.0.0 Mobile MQQBrowser/6.9 TBS/036906 Safari/537.36 MicroMessenger/6.5.4.1000 NetType/4G Language/zh_CN" "-"
61.151.178.168 - - [01/Aug/2018:09:07:54 +0800] "GET /search?from=timeline&code=071hhJ9v0sQeKa1mWXbv0IGV9v0hhJ98&state=STATE&code=061Glni00yaQtF1KGqj00Dbmi00Glni7&state=STATE HTTP/1.1" 200 569 "-" "Mozilla/5.0 (Linux; Android 6.0; FRD-AL10 Build/HUAWEIFRD-AL10; wv) AppleWebKit/537.36 (KHTML, like Gecko) Version/4.0 Chrome/57.0.2987.132 MQQBrowser/6.2 TBS/044203 Mobile Safari/537.36 MicroMessenger/6.6.7.1321(0x26060739) NetType/4G Language/zh_CN" "220.248.27.158"
61.151.178.168 - - [01/Aug/2018:09:07:56 +0800] "POST /api/wechat_h5/config/ HTTP/1.1" 200 287 "http://m.xiaobaiparty.com/search?from=timeline&code=071hhJ9v0sQeKa1mWXbv0IGV9v0hhJ98&state=STATE&code=061Glni00yaQtF1KGqj00Dbmi00Glni7&state=STATE" "Mozilla/5.0 (Linux; Android 6.0; FRD-AL10 Build/HUAWEIFRD-AL10; wv) AppleWebKit/537.36 (KHTML, like Gecko) Version/4.0 Chrome/57.0.2987.132 MQQBrowser/6.2 TBS/044203 Mobile Safari/537.36 MicroMessenger/6.6.7.1321(0x26060739) NetType/4G Language/zh_CN" "220.248.27.158"
61.151.178.168 - - [01/Aug/2018:09:07:56 +0800] "GET /api/auth_info/ HTTP/1.1" 200 383 "http://m.xiaobaiparty.com/search?from=timeline&code=071hhJ9v0sQeKa1mWXbv0IGV9v0hhJ98&state=STATE&code=061Glni00yaQtF1KGqj00Dbmi00Glni7&state=STATE" "Mozilla/5.0 (Linux; Android 6.0; FRD-AL10 Build/HUAWEIFRD-AL10; wv) AppleWebKit/537.36 (KHTML, like Gecko) Version/4.0 Chrome/57.0.2987.132 MQQBrowser/6.2 TBS/044203 Mobile Safari/537.36 MicroMessenger/6.6.7.1321(0x26060739) NetType/4G Language/zh_CN" "220.248.27.158"
220.248.27.158 - - [01/Aug/2018:09:07:56 +0800] "GET /api/my_folders/ HTTP/1.1" 200 2 "http://m.xiaobaiparty.com/search?from=timeline&code=071hhJ9v0sQeKa1mWXbv0IGV9v0hhJ98&code=061Glni00yaQtF1KGqj00Dbmi00Glni7&state=STATE&state=STATE" "Mozilla/5.0 (Linux; Android 6.0; FRD-AL10 Build/HUAWEIFRD-AL10; wv) AppleWebKit/537.36 (KHTML, like Gecko) Version/4.0 Chrome/57.0.2987.132 MQQBrowser/6.2 TBS/044203 Mobile Safari/537.36 MicroMessenger/6.6.7.1321(0x26060739) NetType/4G Language/zh_CN" "-"
61.151.178.166 - - [01/Aug/2018:09:07:58 +0800] "GET /static/js/app.cc89f4bc82385e78fd29.js HTTP/1.1" 200 16383 "http://m.xiaobaiparty.com/user_catalog_detail/436" "Mozilla/5.0 (iPhone; CPU iPhone OS 10_2_1 like Mac OS X) AppleWebKit/602.4.6 (KHTML, like Gecko) Mobile/14D27 MicroMessenger/6.5.5 NetType/WIFI Language/zh_CN" "-"
101.226.86.152 - - [01/Aug/2018:09:08:00 +0800] "GET /static/js/app.cc89f4bc82385e78fd29.js HTTP/1.1" 200 16383 "http://m.xiaobaiparty.com/subscribe_recharge/1041/436" "Mozilla/5.0 (Linux; Android 4.4.4; HUAWEI ALE-CL00 Build/HuaweiALE-CL00; wv) AppleWebKit/537.36 (KHTML, like Gecko) Version/4.0 Chrome/53.0.2785.49 Mobile MQQBrowser/6.2 TBS/043024 Safari/537.36 MicroMessenger/6.5.4.1000 NetType/4G Language/zh_CN" "-"
140.207.54.80 - - [01/Aug/2018:09:08:04 +0800] "POST /api/wechat/public/callback/?signature=65a00dcba1981b9e8a29775f37b67a5b5664e1b9&timestamp=1533085684&nonce=1028881459&openid=oqZrQ0Y4UyQSt_KRtXL3w2yi-7PY HTTP/1.1" 200 626 "-" "Mozilla/4.0" "-"
140.207.54.80 - - [01/Aug/2018:09:08:10 +0800] "POST /api/wechat/public/callback/?signature=d1446c5b9d51c556ef64edd399ff8c1ffd26dbf7&timestamp=1533085690&nonce=783483635&openid=oqZrQ0Y4UyQSt_KRtXL3w2yi-7PY HTTP/1.1" 200 341 "-" "Mozilla/4.0" "-"
61.151.178.168 - - [01/Aug/2018:09:08:11 +0800] "GET /refresh_follow HTTP/1.1" 200 569 "-" "Mozilla/5.0 (Linux; Android 6.0; FRD-AL10 Build/HUAWEIFRD-AL10; wv) AppleWebKit/537.36 (KHTML, like Gecko) Version/4.0 Chrome/57.0.2987.132 MQQBrowser/6.2 TBS/044203 Mobile Safari/537.36 MicroMessenger/6.6.7.1321(0x26060739) NetType/WIFI Language/zh_CN" "220.248.27.158"
223.167.152.14 - - [01/Aug/2018:09:08:13 +0800] "POST /api/wechat_h5/config/ HTTP/1.1" 200 181 "http://m.xiaobaiparty.com/refresh_follow" "Mozilla/5.0 (Linux; Android 6.0; FRD-AL10 Build/HUAWEIFRD-AL10; wv) AppleWebKit/537.36 (KHTML, like Gecko) Version/4.0 Chrome/57.0.2987.132 MQQBrowser/6.2 TBS/044203 Mobile Safari/537.36 MicroMessenger/6.6.7.1321(0x26060739) NetType/WIFI Language/zh_CN" "220.248.27.158"
120.204.17.68 - - [01/Aug/2018:09:08:13 +0800] "GET /api/auth_info/ HTTP/1.1" 200 382 "http://m.xiaobaiparty.com/refresh_follow" "Mozilla/5.0 (Linux; Android 6.0; FRD-AL10 Build/HUAWEIFRD-AL10; wv) AppleWebKit/537.36 (KHTML, like Gecko) Version/4.0 Chrome/57.0.2987.132 MQQBrowser/6.2 TBS/044203 Mobile Safari/537.36 MicroMessenger/6.6.7.1321(0x26060739) NetType/WIFI Language/zh_CN" "220.248.27.158"
120.204.17.68 - - [01/Aug/2018:09:08:13 +0800] "GET /static/js/13.ed449d2f7f0db7797586.js HTTP/1.1" 200 5554 "http://m.xiaobaiparty.com/refresh_follow" "Mozilla/5.0 (Linux; Android 6.0; FRD-AL10 Build/HUAWEIFRD-AL10; wv) AppleWebKit/537.36 (KHTML, like Gecko) Version/4.0 Chrome/57.0.2987.132 MQQBrowser/6.2 TBS/044203 Mobile Safari/537.36 MicroMessenger/6.6.7.1321(0x26060739) NetType/WIFI Language/zh_CN" "220.248.27.158"
120.204.17.68 - - [01/Aug/2018:09:08:14 +0800] "GET /api/refresh/?query_type=0&page=1&page_size=20 HTTP/1.1" 200 12947 "http://m.xiaobaiparty.com/refresh_follow" "Mozilla/5.0 (Linux; Android 6.0; FRD-AL10 Build/HUAWEIFRD-AL10; wv) AppleWebKit/537.36 (KHTML, like Gecko) Version/4.0 Chrome/57.0.2987.132 MQQBrowser/6.2 TBS/044203 Mobile Safari/537.36 MicroMessenger/6.6.7.1321(0x26060739) NetType/WIFI Language/zh_CN" "220.248.27.158"
223.167.152.14 - - [01/Aug/2018:09:08:14 +0800] "GET /api/my_folders/ HTTP/1.1" 200 2 "http://m.xiaobaiparty.com/refresh_follow" "Mozilla/5.0 (Linux; Android 6.0; FRD-AL10 Build/HUAWEIFRD-AL10; wv) AppleWebKit/537.36 (KHTML, like Gecko) Version/4.0 Chrome/57.0.2987.132 MQQBrowser/6.2 TBS/044203 Mobile Safari/537.36 MicroMessenger/6.6.7.1321(0x26060739) NetType/WIFI Language/zh_CN" "220.248.27.158"
140.207.54.79 - - [01/Aug/2018:09:08:35 +0800] "POST /api/wechat/public/callback/?signature=8c84531e822d836977b9e6540eb45c03cbe0f0e7&timestamp=1533085715&nonce=1296274564&openid=oqZrQ0Y4UyQSt_KRtXL3w2yi-7PY HTTP/1.1" 200 341 "-" "Mozilla/4.0" "-"
61.151.178.168 - - [01/Aug/2018:09:08:35 +0800] "GET /search HTTP/1.1" 200 569 "-" "Mozilla/5.0 (Linux; Android 6.0; FRD-AL10 Build/HUAWEIFRD-AL10; wv) AppleWebKit/537.36 (KHTML, like Gecko) Version/4.0 Chrome/57.0.2987.132 MQQBrowser/6.2 TBS/044203 Mobile Safari/537.36 MicroMessenger/6.6.7.1321(0x26060739) NetType/WIFI Language/zh_CN" "220.248.27.158"
61.151.178.168 - - [01/Aug/2018:09:08:36 +0800] "POST /api/wechat_h5/config/ HTTP/1.1" 200 173 "http://m.xiaobaiparty.com/search" "Mozilla/5.0 (Linux; Android 6.0; FRD-AL10 Build/HUAWEIFRD-AL10; wv) AppleWebKit/537.36 (KHTML, like Gecko) Version/4.0 Chrome/57.0.2987.132 MQQBrowser/6.2 TBS/044203 Mobile Safari/537.36 MicroMessenger/6.6.7.1321(0x26060739) NetType/WIFI Language/zh_CN" "220.248.27.158"
223.167.152.14 - - [01/Aug/2018:09:08:36 +0800] "GET /api/auth_info/ HTTP/1.1" 200 382 "http://m.xiaobaiparty.com/search" "Mozilla/5.0 (Linux; Android 6.0; FRD-AL10 Build/HUAWEIFRD-AL10; wv) AppleWebKit/537.36 (KHTML, like Gecko) Version/4.0 Chrome/57.0.2987.132 MQQBrowser/6.2 TBS/044203 Mobile Safari/537.36 MicroMessenger/6.6.7.1321(0x26060739) NetType/WIFI Language/zh_CN" "220.248.27.158"
223.167.152.14 - - [01/Aug/2018:09:08:36 +0800] "GET /api/my_folders/ HTTP/1.1" 200 2 "http://m.xiaobaiparty.com/search" "Mozilla/5.0 (Linux; Android 6.0; FRD-AL10 Build/HUAWEIFRD-AL10; wv) AppleWebKit/537.36 (KHTML, like Gecko) Version/4.0 Chrome/57.0.2987.132 MQQBrowser/6.2 TBS/044203 Mobile Safari/537.36 MicroMessenger/6.6.7.1321(0x26060739) NetType/WIFI Language/zh_CN" "220.248.27.158"
223.167.152.14 - - [01/Aug/2018:09:08:41 +0800] "GET /api/folders_search/?query=%E5%BA%95%E7%9B%98 HTTP/1.1" 200 2211 "http://m.xiaobaiparty.com/search" "Mozilla/5.0 (Linux; Android 6.0; FRD-AL10 Build/HUAWEIFRD-AL10; wv) AppleWebKit/537.36 (KHTML, like Gecko) Version/4.0 Chrome/57.0.2987.132 MQQBrowser/6.2 TBS/044203 Mobile Safari/537.36 MicroMessenger/6.6.7.1321(0x26060739) NetType/WIFI Language/zh_CN" "220.248.27.158"
