58.31.2.191 - - [01/Aug/2018:08:05:27 +0800] "GET /static/js/vendor.4b3c332f71f26dbd1347.js HTTP/1.1" 200 524096 "http://m.xiaobaiparty.com/notice" "Mozilla/5.0 (Linux; Android 8.0; VTR-AL00 Build/HUAWEIVTR-AL00; wv) AppleWebKit/537.36 (KHTML, like Gecko) Version/4.0 Chrome/57.0.2987.132 MQQBrowser/6.2 TBS/044113 Mobile Safari/537.36 MicroMessenger/6.6.7.1321(0x26060739) NetType/WIFI Language/zh_CN" "-"
101.226.227.170 - - [01/Aug/2018:08:05:29 +0800] "GET /refresh_follow HTTP/1.1" 200 569 "-" "Mozilla/5.0 (Linux; Android 5.1.1; SM801 Build/LMY47V; wv) AppleWebKit/537.36 (KHTML, like Gecko) Version/4.0 Chrome/53.0.2785.49 Mobile MQQBrowser/6.2 TBS/043024 Safari/537.36 MicroMessenger/6.5.4.1000 NetType/4G Language/zh_CN" "-"
58.31.2.191 - - [01/Aug/2018:08:05:29 +0800] "GET /api/auth_info/ HTTP/1.1" 401 82 "http://m.xiaobaiparty.com/notice" "Mozilla/5.0 (Linux; Android 8.0; VTR-AL00 Build/HUAWEIVTR-AL00; wv) AppleWebKit/537.36 (KHTML, like Gecko) Version/4.0 Chrome/57.0.2987.132 MQQBrowser/6.2 TBS/044113 Mobile Safari/537.36 MicroMessenger/6.6.7.1321(0x26060739) NetType/WIFI Language/zh_CN" "-"
58.31.2.191 - - [01/Aug/2018:08:05:29 +0800] "GET /favicon.ico HTTP/1.1" 200 569 "http://m.xiaobaiparty.com/notice" "Mozilla/5.0 (Linux; Android 8.0; VTR-AL00 Build/HUAWEIVTR-AL00; wv) AppleWebKit/537.36 (KHTML, like Gecko) Version/4.0 Chrome/57.0.2987.132 MQQBrowser/6.2 TBS/044113 Mobile Safari/537.36 MicroMessenger/6.6.7.1321(0x26060739) NetType/WIFI Language/zh_CN" "-"
101.226.227.170 - - [01/Aug/2018:08:05:29 +0800] "GET /static/js/manifest.c61e03dc6bfa5ab2d717.js HTTP/1.1" 200 1946 "http://m.xiaobaiparty.com/refresh_follow" "Mozilla/5.0 (iPhone; CPU iPhone OS 10_2_1 like Mac OS X) AppleWebKit/602.4.6 (KHTML, like Gecko) Mobile/14D27 MicroMessenger/6.5.5 NetType/WIFI Language/zh_CN" "-"
101.226.227.170 - - [01/Aug/2018:08:05:29 +0800] "GET /static/js/vendor.4b3c332f71f26dbd1347.js HTTP/1.1" 200 524096 "http://m.xiaobaiparty.com/refresh_follow" "Mozilla/5.0 (iPhone; CPU iPhone OS 10_2_1 like Mac OS X) AppleWebKit/602.4.6 (KHTML, like Gecko) Mobile/14D27 MicroMessenger/6.5.5 NetType/WIFI Language/zh_CN" "-"
101.226.227.170 - - [01/Aug/2018:08:05:29 +0800] "GET /static/js/app.cc89f4bc82385e78fd29.js HTTP/1.1" 200 16383 "http://m.xiaobaiparty.com/refresh_follow" "Mozilla/5.0 (Linux; Android 4.4.4; HUAWEI ALE-CL00 Build/HuaweiALE-CL00; wv) AppleWebKit/537.36 (KHTML, like Gecko) Version/4.0 Chrome/53.0.2785.49 Mobile MQQBrowser/6.2 TBS/043024 Safari/537.36 MicroMessenger/6.5.4.1000 NetType/4G Language/zh_CN" "-"
58.31.2.191 - - [01/Aug/2018:08:05:30 +0800] "GET /notice?code=001cTz9y1JfTWh0Y9a7y1GGx9y1cTz97&state=STATE HTTP/1.1" 200 569 "-" "Mozilla/5.0 (Linux; Android 8.0; VTR-AL00 Build/HUAWEIVTR-AL00; wv) AppleWebKit/537.36 (KHTML, like Gecko) Version/4.0 Chrome/57.0.2987.132 MQQBrowser/6.2 TBS/044113 Mobile Safari/537.36 MicroMessenger/6.6.7.1321(0x26060739) NetType/WIFI Language/zh_CN" "-"
58.31.2.191 - - [01/Aug/2018:08:05:31 +0800] "GET /api/auth_info/ HTTP/1.1" 401 82 "http://m.xiaobaiparty.com/notice?code=001cTz9y1JfTWh0Y9a7y1GGx9y1cTz97&state=STATE" "Mozilla/5.0 (Linux; Android 8.0; VTR-AL00 Build/HUAWEIVTR-AL00; wv) AppleWebKit/537.36 (KHTML, like Gecko) Version/4.0 Chrome/57.0.2987.132 MQQBrowser/6.2 TBS/044113 Mobile Safari/537.36 MicroMessenger/6.6.7.1321(0x26060739) NetType/WIFI Language/zh_CN" "-"
58.31.2.191 - - [01/Aug/2018:08:05:32 +0800] "GET /api/wechat/oauth/?code=001cTz9y1JfTWh0Y9a7y1GGx9y1cTz97 HTTP/1.1" 200 863 "http://m.xiaobaiparty.com/notice?code=001cTz9y1JfTWh0Y9a7y1GGx9y1cTz97&state=STATE" "Mozilla/5.0 (Linux; Android 8.0; VTR-AL00 Build/HUAWEIVTR-AL00; wv) AppleWebKit/537.36 (KHTML, like Gecko) Version/4.0 Chrome/57.0.2987.132 MQQBrowser/6.2 TBS/044113 Mobile Safari/537.36 MicroMessenger/6.6.7.1321(0x26060739) NetType/WIFI Language/zh_CN" "-"
58.31.2.191 - - [01/Aug/2018:08:05:32 +0800] "GET /static/js/0.c011607dd024d2648406.js HTTP/1.1" 200 80926 "http://m.xiaobaiparty.com/notice?code=001cTz9y1JfTWh0Y9a7y1GGx9y1cTz97&state=STATE" "Mozilla/5.0 (Linux; Android 8.0; VTR-AL00 Build/HUAWEIVTR-AL00; wv) AppleWebKit/537.36 (KHTML, like Gecko) Version/4.0 Chrome/57.0.2987.132 MQQBrowser/6.2 TBS/044113 Mobile Safari/537.36 MicroMessenger/6.6.7.1321(0x26060739) NetType/WIFI Language/zh_CN" "-"
58.31.2.191 - - [01/Aug/2018:08:05:32 +0800] "GET /static/js/8.804c032fd4b7703bf7f6.js HTTP/1.1" 200 891 "http://m.xiaobaiparty.com/notice?code=001cTz9y1JfTWh0Y9a7y1GGx9y1cTz97&state=STATE" "Mozilla/5.0 (Linux; Android 8.0; VTR-AL00 Build/HUAWEIVTR-AL00; wv) AppleWebKit/537.36 (KHTML, like Gecko) Version/4.0 Chrome/57.0.2987.132 MQQBrowser/6.2 TBS/044113 Mobile Safari/537.36 MicroMessenger/6.6.7.1321(0x26060739) NetType/WIFI Language/zh_CN" "-"
52.77.228.222 - - [01/Aug/2018:08:05:33 +0800] "GET / HTTP/1.1" 200 11547 "-" "PostmanRuntime/7.1.6" "-"
58.31.2.191 - - [01/Aug/2018:08:05:33 +0800] "GET /static/js/1.6aaada0560939a550090.js HTTP/1.1" 200 263218 "http://m.xiaobaiparty.com/notice?code=001cTz9y1JfTWh0Y9a7y1GGx9y1cTz97&state=STATE" "Mozilla/5.0 (Linux; Android 8.0; VTR-AL00 Build/HUAWEIVTR-AL00; wv) AppleWebKit/537.36 (KHTML, like Gecko) Version/4.0 Chrome/57.0.2987.132 MQQBrowser/6.2 TBS/044113 Mobile Safari/537.36 MicroMessenger/6.6.7.1321(0x26060739) NetType/WIFI Language/zh_CN" "-"
58.31.2.191 - - [01/Aug/2018:08:05:34 +0800] "GET /api/notifications/ HTTP/1.1" 200 28284 "http://m.xiaobaiparty.com/notice?code=001cTz9y1JfTWh0Y9a7y1GGx9y1cTz97&state=STATE" "Mozilla/5.0 (Linux; Android 8.0; VTR-AL00 Build/HUAWEIVTR-AL00; wv) AppleWebKit/537.36 (KHTML, like Gecko) Version/4.0 Chrome/57.0.2987.132 MQQBrowser/6.2 TBS/044113 Mobile Safari/537.36 MicroMessenger/6.6.7.1321(0x26060739) NetType/WIFI Language/zh_CN" "-"
140.207.54.79 - - [01/Aug/2018:08:05:42 +0800] "POST /api/wechat/public/callback/?signature=1001522314a8c5050c1c8ecfba2e7c10a5881afc&timestamp=1533081942&nonce=566478880&openid=oqZrQ0Xwggce-nZZ--Bl0WLqAXTY HTTP/1.1" 200 341 "-" "Mozilla/4.0" "-"
58.31.2.191 - - [01/Aug/2018:08:05:42 +0800] "GET /find HTTP/1.1" 304 0 "-" "Mozilla/5.0 (Linux; Android 8.0; VTR-AL00 Build/HUAWEIVTR-AL00; wv) AppleWebKit/537.36 (KHTML, like Gecko) Version/4.0 Chrome/57.0.2987.132 MQQBrowser/6.2 TBS/044113 Mobile Safari/537.36 MicroMessenger/6.6.7.1321(0x26060739) NetType/WIFI Language/zh_CN" "-"
58.31.2.191 - - [01/Aug/2018:08:05:43 +0800] "GET /api/auth_info/ HTTP/1.1" 200 863 "http://m.xiaobaiparty.com/find" "Mozilla/5.0 (Linux; Android 8.0; VTR-AL00 Build/HUAWEIVTR-AL00; wv) AppleWebKit/537.36 (KHTML, like Gecko) Version/4.0 Chrome/57.0.2987.132 MQQBrowser/6.2 TBS/044113 Mobile Safari/537.36 MicroMessenger/6.6.7.1321(0x26060739) NetType/WIFI Language/zh_CN" "-"
58.31.2.191 - - [01/Aug/2018:08:05:43 +0800] "GET /static/js/7.ef567402feb25675d179.js HTTP/1.1" 200 10807 "http://m.xiaobaiparty.com/find" "Mozilla/5.0 (Linux; Android 8.0; VTR-AL00 Build/HUAWEIVTR-AL00; wv) AppleWebKit/537.36 (KHTML, like Gecko) Version/4.0 Chrome/57.0.2987.132 MQQBrowser/6.2 TBS/044113 Mobile Safari/537.36 MicroMessenger/6.6.7.1321(0x26060739) NetType/WIFI Language/zh_CN" "-"
61.151.178.164 - - [01/Aug/2018:08:05:43 +0800] "GET /user_catalog/125 HTTP/1.1" 200 569 "-" "Mozilla/5.0 (iPhone; CPU iPhone OS 10_2_1 like Mac OS X) AppleWebKit/602.4.6 (KHTML, like Gecko) Mobile/14D27 MicroMessenger/6.5.5 NetType/WIFI Language/zh_CN" "-"
58.31.2.191 - - [01/Aug/2018:08:05:43 +0800] "GET /api/my_folders/ HTTP/1.1" 200 5735 "http://m.xiaobaiparty.com/find" "Mozilla/5.0 (Linux; Android 8.0; VTR-AL00 Build/HUAWEIVTR-AL00; wv) AppleWebKit/537.36 (KHTML, like Gecko) Version/4.0 Chrome/57.0.2987.132 MQQBrowser/6.2 TBS/044113 Mobile Safari/537.36 MicroMessenger/6.6.7.1321(0x26060739) NetType/WIFI Language/zh_CN" "-"
58.31.2.191 - - [01/Aug/2018:08:05:43 +0800] "GET /api/discovery/banners/ HTTP/1.1" 200 515 "http://m.xiaobaiparty.com/find" "Mozilla/5.0 (Linux; Android 8.0; VTR-AL00 Build/HUAWEIVTR-AL00; wv) AppleWebKit/537.36 (KHTML, like Gecko) Version/4.0 Chrome/57.0.2987.132 MQQBrowser/6.2 TBS/044113 Mobile Safari/537.36 MicroMessenger/6.6.7.1321(0x26060739) NetType/WIFI Language/zh_CN" "-"
61.151.178.164 - - [01/Aug/2018:08:05:43 +0800] "GET /static/js/manifest.c61e03dc6bfa5ab2d717.js HTTP/1.1" 200 1946 "http://m.xiaobaiparty.com/user_catalog/125" "Mozilla/5.0 (Windows NT 6.1; WOW64) AppleWebKit/537.36 (KHTML, like Gecko) Chrome/39.0.2171.95 Safari/537.36 MicroMessenger/6.5.2.501 NetType/WIFI WindowsWechat QBCore/3.43.27.400 QQBrowser/9.0.2524.400" "-"
58.31.2.191 - - [01/Aug/2018:08:05:43 +0800] "GET /api/discovery/folders/ HTTP/1.1" 200 2204 "http://m.xiaobaiparty.com/find" "Mozilla/5.0 (Linux; Android 8.0; VTR-AL00 Build/HUAWEIVTR-AL00; wv) AppleWebKit/537.36 (KHTML, like Gecko) Version/4.0 Chrome/57.0.2987.132 MQQBrowser/6.2 TBS/044113 Mobile Safari/537.36 MicroMessenger/6.6.7.1321(0x26060739) NetType/WIFI Language/zh_CN" "-"
58.31.2.191 - - [01/Aug/2018:08:05:43 +0800] "GET /static/img/normal_file.8a8a56f.png HTTP/1.1" 200 43083 "http://m.xiaobaiparty.com/find" "Mozilla/5.0 (Linux; Android 8.0; VTR-AL00 Build/HUAWEIVTR-AL00; wv) AppleWebKit/537.36 (KHTML, like Gecko) Version/4.0 Chrome/57.0.2987.132 MQQBrowser/6.2 TBS/044113 Mobile Safari/537.36 MicroMessenger/6.6.7.1321(0x26060739) NetType/WIFI Language/zh_CN" "-"
58.31.2.191 - - [01/Aug/2018:08:05:43 +0800] "GET /api/discovery/users/ HTTP/1.1" 200 7904 "http://m.xiaobaiparty.com/find" "Mozilla/5.0 (Linux; Android 8.0; VTR-AL00 Build/HUAWEIVTR-AL00; wv) AppleWebKit/537.36 (KHTML, like Gecko) Version/4.0 Chrome/57.0.2987.132 MQQBrowser/6.2 TBS/044113 Mobile Safari/537.36 MicroMessenger/6.6.7.1321(0x26060739) NetType/WIFI Language/zh_CN" "-"
61.151.178.164 - - [01/Aug/2018:08:05:44 +0800] "GET /static/js/vendor.4b3c332f71f26dbd1347.js HTTP/1.1" 200 524096 "http://m.xiaobaiparty.com/user_catalog/125" "Mozilla/5.0 (iPhone; CPU iPhone OS 10_2_1 like Mac OS X) AppleWebKit/602.4.6 (KHTML, like Gecko) Mobile/14D27 MicroMessenger/6.5.5 NetType/WIFI Language/zh_CN" "-"
61.151.178.164 - - [01/Aug/2018:08:05:44 +0800] "GET /static/js/app.cc89f4bc82385e78fd29.js HTTP/1.1" 200 16383 "http://m.xiaobaiparty.com/user_catalog/125" "Mozilla/5.0 (Linux; Android 4.4.4; HUAWEI ALE-CL00 Build/HuaweiALE-CL00; wv) AppleWebKit/537.36 (KHTML, like Gecko) Version/4.0 Chrome/53.0.2785.49 Mobile MQQBrowser/6.2 TBS/043024 Safari/537.36 MicroMessenger/6.5.4.1000 NetType/4G Language/zh_CN" "-"
58.31.2.191 - - [01/Aug/2018:08:05:47 +0800] "POST /api/wechat_h5/config/ HTTP/1.1" 200 177 "http://m.xiaobaiparty.com/find" "Mozilla/5.0 (Linux; Android 8.0; VTR-AL00 Build/HUAWEIVTR-AL00; wv) AppleWebKit/537.36 (KHTML, like Gecko) Version/4.0 Chrome/57.0.2987.132 MQQBrowser/6.2 TBS/044113 Mobile Safari/537.36 MicroMessenger/6.6.7.1321(0x26060739) NetType/WIFI Language/zh_CN" "-"
58.31.2.191 - - [01/Aug/2018:08:05:48 +0800] "GET /api/auth_info/ HTTP/1.1" 200 863 "http://m.xiaobaiparty.com/find" "Mozilla/5.0 (Linux; Android 8.0; VTR-AL00 Build/HUAWEIVTR-AL00; wv) AppleWebKit/537.36 (KHTML, like Gecko) Version/4.0 Chrome/57.0.2987.132 MQQBrowser/6.2 TBS/044113 Mobile Safari/537.36 MicroMessenger/6.6.7.1321(0x26060739) NetType/WIFI Language/zh_CN" "-"
58.31.2.191 - - [01/Aug/2018:08:05:48 +0800] "GET /static/js/5.facb89af5e32be137b3c.js HTTP/1.1" 200 9395 "http://m.xiaobaiparty.com/find" "Mozilla/5.0 (Linux; Android 8.0; VTR-AL00 Build/HUAWEIVTR-AL00; wv) AppleWebKit/537.36 (KHTML, like Gecko) Version/4.0 Chrome/57.0.2987.132 MQQBrowser/6.2 TBS/044113 Mobile Safari/537.36 MicroMessenger/6.6.7.1321(0x26060739) NetType/WIFI Language/zh_CN" "-"
101.226.79.247 - - [01/Aug/2018:08:05:48 +0800] "GET /user_catalog_detail/631 HTTP/1.1" 200 569 "-" "Mozilla/5.0 (iPhone; CPU iPhone OS 10_2_1 like Mac OS X) AppleWebKit/602.4.6 (KHTML, like Gecko) Mobile/14D27 MicroMessenger/6.5.5 NetType/WIFI Language/zh_CN" "-"
58.31.2.191 - - [01/Aug/2018:08:05:48 +0800] "GET /api/users/125/folders/ HTTP/1.1" 200 8846 "http://m.xiaobaiparty.com/my_catalog" "Mozilla/5.0 (Linux; Android 8.0; VTR-AL00 Build/HUAWEIVTR-AL00; wv) AppleWebKit/537.36 (KHTML, like Gecko) Version/4.0 Chrome/57.0.2987.132 MQQBrowser/6.2 TBS/044113 Mobile Safari/537.36 MicroMessenger/6.6.7.1321(0x26060739) NetType/WIFI Language/zh_CN" "-"
58.31.2.191 - - [01/Aug/2018:08:05:48 +0800] "GET /api/m/userinfo/125/ HTTP/1.1" 200 320 "http://m.xiaobaiparty.com/my_catalog" "Mozilla/5.0 (Linux; Android 8.0; VTR-AL00 Build/HUAWEIVTR-AL00; wv) AppleWebKit/537.36 (KHTML, like Gecko) Version/4.0 Chrome/57.0.2987.132 MQQBrowser/6.2 TBS/044113 Mobile Safari/537.36 MicroMessenger/6.6.7.1321(0x26060739) NetType/WIFI Language/zh_CN" "-"
101.226.79.247 - - [01/Aug/2018:08:05:49 +0800] "GET /static/js/manifest.c61e03dc6bfa5ab2d717.js HTTP/1.1" 200 1946 "http://m.xiaobaiparty.com/user_catalog_detail/631" "Mozilla/5.0 (Windows NT 6.1; WOW64) AppleWebKit/537.36 (KHTML, like Gecko) Chrome/39.0.2171.95 Safari/537.36 MicroMessenger/6.5.2.501 NetType/WIFI WindowsWechat QBCore/3.43.27.400 QQBrowser/9.0.2524.400" "-"
101.226.79.247 - - [01/Aug/2018:08:05:49 +0800] "GET /static/js/vendor.4b3c332f71f26dbd1347.js HTTP/1.1" 200 524096 "http://m.xiaobaiparty.com/user_catalog_detail/631" "Mozilla/5.0 (Linux; Android 5.1.1; SM801 Build/LMY47V; wv) AppleWebKit/537.36 (KHTML, like Gecko) Version/4.0 Chrome/53.0.2785.49 Mobile MQQBrowser/6.2 TBS/043024 Safari/537.36 MicroMessenger/6.5.4.1000 NetType/4G Language/zh_CN" "-"
101.226.79.247 - - [01/Aug/2018:08:05:50 +0800] "GET /static/js/app.cc89f4bc82385e78fd29.js HTTP/1.1" 200 16383 "http://m.xiaobaiparty.com/user_catalog_detail/631" "Mozilla/5.0 (Windows NT 6.1; WOW64) AppleWebKit/537.36 (KHTML, like Gecko) Chrome/39.0.2171.95 Safari/537.36 MicroMessenger/6.5.2.501 NetType/WIFI WindowsWechat QBCore/3.43.27.400 QQBrowser/9.0.2524.400" "-"
58.31.2.191 - - [01/Aug/2018:08:05:50 +0800] "GET /api/auth_info/ HTTP/1.1" 200 863 "http://m.xiaobaiparty.com/my_catalog" "Mozilla/5.0 (Linux; Android 8.0; VTR-AL00 Build/HUAWEIVTR-AL00; wv) AppleWebKit/537.36 (KHTML, like Gecko) Version/4.0 Chrome/57.0.2987.132 MQQBrowser/6.2 TBS/044113 Mobile Safari/537.36 MicroMessenger/6.6.7.1321(0x26060739) NetType/WIFI Language/zh_CN" "-"
58.31.2.191 - - [01/Aug/2018:08:05:50 +0800] "GET /static/js/14.f84d5b0f11f215e92d61.js HTTP/1.1" 200 1681 "http://m.xiaobaiparty.com/my_catalog" "Mozilla/5.0 (Linux; Android 8.0; VTR-AL00 Build/HUAWEIVTR-AL00; wv) AppleWebKit/537.36 (KHTML, like Gecko) Version/4.0 Chrome/57.0.2987.132 MQQBrowser/6.2 TBS/044113 Mobile Safari/537.36 MicroMessenger/6.6.7.1321(0x26060739) NetType/WIFI Language/zh_CN" "-"
101.227.131.207 - - [01/Aug/2018:08:05:51 +0800] "GET /subscribe_recharge/125/631 HTTP/1.1" 200 569 "-" "Mozilla/5.0 (iPhone; CPU iPhone OS 10_2_1 like Mac OS X) AppleWebKit/602.4.6 (KHTML, like Gecko) Mobile/14D27 MicroMessenger/6.5.5 NetType/WIFI Language/zh_CN" "-"
58.31.2.191 - - [01/Aug/2018:08:05:51 +0800] "GET /api/m/userinfo/125/watchers/ HTTP/1.1" 200 13502 "http://m.xiaobaiparty.com/follow/125" "Mozilla/5.0 (Linux; Android 8.0; VTR-AL00 Build/HUAWEIVTR-AL00; wv) AppleWebKit/537.36 (KHTML, like Gecko) Version/4.0 Chrome/57.0.2987.132 MQQBrowser/6.2 TBS/044113 Mobile Safari/537.36 MicroMessenger/6.6.7.1321(0x26060739) NetType/WIFI Language/zh_CN" "-"
101.227.131.207 - - [01/Aug/2018:08:05:51 +0800] "GET /static/js/manifest.c61e03dc6bfa5ab2d717.js HTTP/1.1" 200 1946 "http://m.xiaobaiparty.com/subscribe_recharge/125/631" "Mozilla/5.0 (Windows NT 6.1; WOW64) AppleWebKit/537.36 (KHTML, like Gecko) Chrome/39.0.2171.95 Safari/537.36 MicroMessenger/6.5.2.501 NetType/WIFI WindowsWechat QBCore/3.43.27.400 QQBrowser/9.0.2524.400" "-"
101.227.131.207 - - [01/Aug/2018:08:05:52 +0800] "GET /static/js/vendor.4b3c332f71f26dbd1347.js HTTP/1.1" 200 524096 "http://m.xiaobaiparty.com/subscribe_recharge/125/631" "Mozilla/5.0 (Linux; Android 5.1.1; SM801 Build/LMY47V; wv) AppleWebKit/537.36 (KHTML, like Gecko) Version/4.0 Chrome/53.0.2785.49 Mobile MQQBrowser/6.2 TBS/043024 Safari/537.36 MicroMessenger/6.5.4.1000 NetType/4G Language/zh_CN" "-"
101.227.131.207 - - [01/Aug/2018:08:05:52 +0800] "GET /static/js/app.cc89f4bc82385e78fd29.js HTTP/1.1" 200 16383 "http://m.xiaobaiparty.com/subscribe_recharge/125/631" "Mozilla/5.0 (iPhone; CPU iPhone OS 10_2_1 like Mac OS X) AppleWebKit/602.4.6 (KHTML, like Gecko) Mobile/14D27 MicroMessenger/6.5.5 NetType/WIFI Language/zh_CN" "-"
58.31.2.191 - - [01/Aug/2018:08:05:55 +0800] "POST /api/wechat_h5/config/ HTTP/1.1" 200 183 "http://m.xiaobaiparty.com/follow/125" "Mozilla/5.0 (Linux; Android 8.0; VTR-AL00 Build/HUAWEIVTR-AL00; wv) AppleWebKit/537.36 (KHTML, like Gecko) Version/4.0 Chrome/57.0.2987.132 MQQBrowser/6.2 TBS/044113 Mobile Safari/537.36 MicroMessenger/6.6.7.1321(0x26060739) NetType/WIFI Language/zh_CN" "-"
58.31.2.191 - - [01/Aug/2018:08:05:55 +0800] "GET /api/auth_info/ HTTP/1.1" 200 863 "http://m.xiaobaiparty.com/follow/125" "Mozilla/5.0 (Linux; Android 8.0; VTR-AL00 Build/HUAWEIVTR-AL00; wv) AppleWebKit/537.36 (KHTML, like Gecko) Version/4.0 Chrome/57.0.2987.132 MQQBrowser/6.2 TBS/044113 Mobile Safari/537.36 MicroMessenger/6.6.7.1321(0x26060739) NetType/WIFI Language/zh_CN" "-"
58.31.2.191 - - [01/Aug/2018:08:05:55 +0800] "GET /static/js/10.c571d69a737800c66963.js HTTP/1.1" 200 4310 "http://m.xiaobaiparty.com/follow/125" "Mozilla/5.0 (Linux; Android 8.0; VTR-AL00 Build/HUAWEIVTR-AL00; wv) AppleWebKit/537.36 (KHTML, like Gecko) Version/4.0 Chrome/57.0.2987.132 MQQBrowser/6.2 TBS/044113 Mobile Safari/537.36 MicroMessenger/6.6.7.1321(0x26060739) NetType/WIFI Language/zh_CN" "-"
58.31.2.191 - - [01/Aug/2018:08:05:55 +0800] "GET /api/m/userinfo/180/ HTTP/1.1" 200 281 "http://m.xiaobaiparty.com/user_catalog/180" "Mozilla/5.0 (Linux; Android 8.0; VTR-AL00 Build/HUAWEIVTR-AL00; wv) AppleWebKit/537.36 (KHTML, like Gecko) Version/4.0 Chrome/57.0.2987.132 MQQBrowser/6.2 TBS/044113 Mobile Safari/537.36 MicroMessenger/6.6.7.1321(0x26060739) NetType/WIFI Language/zh_CN" "-"
58.31.2.191 - - [01/Aug/2018:08:05:55 +0800] "GET /api/users/180/folders/ HTTP/1.1" 200 1827 "http://m.xiaobaiparty.com/user_catalog/180" "Mozilla/5.0 (Linux; Android 8.0; VTR-AL00 Build/HUAWEIVTR-AL00; wv) AppleWebKit/537.36 (KHTML, like Gecko) Version/4.0 Chrome/57.0.2987.132 MQQBrowser/6.2 TBS/044113 Mobile Safari/537.36 MicroMessenger/6.6.7.1321(0x26060739) NetType/WIFI Language/zh_CN" "-"
58.31.2.191 - - [01/Aug/2018:08:05:55 +0800] "GET /api/m/userinfo/180/ HTTP/1.1" 200 281 "http://m.xiaobaiparty.com/user_catalog/180" "Mozilla/5.0 (Linux; Android 8.0; VTR-AL00 Build/HUAWEIVTR-AL00; wv) AppleWebKit/537.36 (KHTML, like Gecko) Version/4.0 Chrome/57.0.2987.132 MQQBrowser/6.2 TBS/044113 Mobile Safari/537.36 MicroMessenger/6.6.7.1321(0x26060739) NetType/WIFI Language/zh_CN" "-"
58.31.2.191 - - [01/Aug/2018:08:05:59 +0800] "POST /api/wechat_h5/config/ HTTP/1.1" 200 190 "http://m.xiaobaiparty.com/user_catalog/180" "Mozilla/5.0 (Linux; Android 8.0; VTR-AL00 Build/HUAWEIVTR-AL00; wv) AppleWebKit/537.36 (KHTML, like Gecko) Version/4.0 Chrome/57.0.2987.132 MQQBrowser/6.2 TBS/044113 Mobile Safari/537.36 MicroMessenger/6.6.7.1321(0x26060739) NetType/WIFI Language/zh_CN" "-"
58.31.2.191 - - [01/Aug/2018:08:05:59 +0800] "GET /api/auth_info/ HTTP/1.1" 200 863 "http://m.xiaobaiparty.com/user_catalog/180" "Mozilla/5.0 (Linux; Android 8.0; VTR-AL00 Build/HUAWEIVTR-AL00; wv) AppleWebKit/537.36 (KHTML, like Gecko) Version/4.0 Chrome/57.0.2987.132 MQQBrowser/6.2 TBS/044113 Mobile Safari/537.36 MicroMessenger/6.6.7.1321(0x26060739) NetType/WIFI Language/zh_CN" "-"
58.31.2.191 - - [01/Aug/2018:08:05:59 +0800] "GET /static/js/15.796910cdc91da587abfc.js HTTP/1.1" 200 7562 "http://m.xiaobaiparty.com/user_catalog/180" "Mozilla/5.0 (Linux; Android 8.0; VTR-AL00 Build/HUAWEIVTR-AL00; wv) AppleWebKit/537.36 (KHTML, like Gecko) Version/4.0 Chrome/57.0.2987.132 MQQBrowser/6.2 TBS/044113 Mobile Safari/537.36 MicroMessenger/6.6.7.1321(0x26060739) NetType/WIFI Language/zh_CN" "-"
58.31.2.191 - - [01/Aug/2018:08:06:00 +0800] "GET /api/folders/401/ HTTP/1.1" 200 445 "http://m.xiaobaiparty.com/user_catalog_detail/401" "Mozilla/5.0 (Linux; Android 8.0; VTR-AL00 Build/HUAWEIVTR-AL00; wv) AppleWebKit/537.36 (KHTML, like Gecko) Version/4.0 Chrome/57.0.2987.132 MQQBrowser/6.2 TBS/044113 Mobile Safari/537.36 MicroMessenger/6.6.7.1321(0x26060739) NetType/WIFI Language/zh_CN" "-"
58.31.2.191 - - [01/Aug/2018:08:06:00 +0800] "GET /api/folders/401/articles HTTP/1.1" 301 0 "http://m.xiaobaiparty.com/user_catalog_detail/401" "Mozilla/5.0 (Linux; Android 8.0; VTR-AL00 Build/HUAWEIVTR-AL00; wv) AppleWebKit/537.36 (KHTML, like Gecko) Version/4.0 Chrome/57.0.2987.132 MQQBrowser/6.2 TBS/044113 Mobile Safari/537.36 MicroMessenger/6.6.7.1321(0x26060739) NetType/WIFI Language/zh_CN" "-"
58.31.2.191 - - [01/Aug/2018:08:06:00 +0800] "GET /api/folders/401/articles/ HTTP/1.1" 200 11956 "http://m.xiaobaiparty.com/user_catalog_detail/401" "Mozilla/5.0 (Linux; Android 8.0; VTR-AL00 Build/HUAWEIVTR-AL00; wv) AppleWebKit/537.36 (KHTML, like Gecko) Version/4.0 Chrome/57.0.2987.132 MQQBrowser/6.2 TBS/044113 Mobile Safari/537.36 MicroMessenger/6.6.7.1321(0x26060739) NetType/WIFI Language/zh_CN" "-"
58.31.2.191 - - [01/Aug/2018:08:06:02 +0800] "GET /api/auth_info/ HTTP/1.1" 200 863 "http://m.xiaobaiparty.com/user_catalog_detail/401" "Mozilla/5.0 (Linux; Android 8.0; VTR-AL00 Build/HUAWEIVTR-AL00; wv) AppleWebKit/537.36 (KHTML, like Gecko) Version/4.0 Chrome/57.0.2987.132 MQQBrowser/6.2 TBS/044113 Mobile Safari/537.36 MicroMessenger/6.6.7.1321(0x26060739) NetType/WIFI Language/zh_CN" "-"
58.31.2.191 - - [01/Aug/2018:08:06:02 +0800] "GET /static/js/19.51bbf9a3e4cd6d6425f7.js HTTP/1.1" 200 2611 "http://m.xiaobaiparty.com/user_catalog_detail/401" "Mozilla/5.0 (Linux; Android 8.0; VTR-AL00 Build/HUAWEIVTR-AL00; wv) AppleWebKit/537.36 (KHTML, like Gecko) Version/4.0 Chrome/57.0.2987.132 MQQBrowser/6.2 TBS/044113 Mobile Safari/537.36 MicroMessenger/6.6.7.1321(0x26060739) NetType/WIFI Language/zh_CN" "-"
58.31.2.191 - - [01/Aug/2018:08:06:02 +0800] "GET /api/m/userinfo/180/ HTTP/1.1" 200 281 "http://m.xiaobaiparty.com/subscribe_recharge/180/401" "Mozilla/5.0 (Linux; Android 8.0; VTR-AL00 Build/HUAWEIVTR-AL00; wv) AppleWebKit/537.36 (KHTML, like Gecko) Version/4.0 Chrome/57.0.2987.132 MQQBrowser/6.2 TBS/044113 Mobile Safari/537.36 MicroMessenger/6.6.7.1321(0x26060739) NetType/WIFI Language/zh_CN" "-"
58.31.2.191 - - [01/Aug/2018:08:06:02 +0800] "GET /api/folders/401/ HTTP/1.1" 200 445 "http://m.xiaobaiparty.com/subscribe_recharge/180/401" "Mozilla/5.0 (Linux; Android 8.0; VTR-AL00 Build/HUAWEIVTR-AL00; wv) AppleWebKit/537.36 (KHTML, like Gecko) Version/4.0 Chrome/57.0.2987.132 MQQBrowser/6.2 TBS/044113 Mobile Safari/537.36 MicroMessenger/6.6.7.1321(0x26060739) NetType/WIFI Language/zh_CN" "-"
58.31.2.191 - - [01/Aug/2018:08:06:03 +0800] "POST /api/subscribe HTTP/1.1" 400 96 "http://m.xiaobaiparty.com/subscribe_recharge/180/401" "Mozilla/5.0 (Linux; Android 8.0; VTR-AL00 Build/HUAWEIVTR-AL00; wv) AppleWebKit/537.36 (KHTML, like Gecko) Version/4.0 Chrome/57.0.2987.132 MQQBrowser/6.2 TBS/044113 Mobile Safari/537.36 MicroMessenger/6.6.7.1321(0x26060739) NetType/WIFI Language/zh_CN" "-"
58.31.2.191 - - [01/Aug/2018:08:06:05 +0800] "GET /api/auth_info/ HTTP/1.1" 200 863 "http://m.xiaobaiparty.com/subscribe_recharge/180/401" "Mozilla/5.0 (Linux; Android 8.0; VTR-AL00 Build/HUAWEIVTR-AL00; wv) AppleWebKit/537.36 (KHTML, like Gecko) Version/4.0 Chrome/57.0.2987.132 MQQBrowser/6.2 TBS/044113 Mobile Safari/537.36 MicroMessenger/6.6.7.1321(0x26060739) NetType/WIFI Language/zh_CN" "-"
58.31.2.191 - - [01/Aug/2018:08:06:05 +0800] "GET /static/js/12.a30612b73ed1c6493b26.js HTTP/1.1" 200 2460 "http://m.xiaobaiparty.com/subscribe_recharge/180/401" "Mozilla/5.0 (Linux; Android 8.0; VTR-AL00 Build/HUAWEIVTR-AL00; wv) AppleWebKit/537.36 (KHTML, like Gecko) Version/4.0 Chrome/57.0.2987.132 MQQBrowser/6.2 TBS/044113 Mobile Safari/537.36 MicroMessenger/6.6.7.1321(0x26060739) NetType/WIFI Language/zh_CN" "-"
58.31.2.191 - - [01/Aug/2018:08:06:05 +0800] "GET /api/recharge/ HTTP/1.1" 200 128 "http://m.xiaobaiparty.com/pay/recharge" "Mozilla/5.0 (Linux; Android 8.0; VTR-AL00 Build/HUAWEIVTR-AL00; wv) AppleWebKit/537.36 (KHTML, like Gecko) Version/4.0 Chrome/57.0.2987.132 MQQBrowser/6.2 TBS/044113 Mobile Safari/537.36 MicroMessenger/6.6.7.1321(0x26060739) NetType/WIFI Language/zh_CN" "-"
58.31.2.191 - - [01/Aug/2018:08:06:05 +0800] "POST /api/wechat_h5/config/ HTTP/1.1" 200 179 "http://m.xiaobaiparty.com/pay/recharge" "Mozilla/5.0 (Linux; Android 8.0; VTR-AL00 Build/HUAWEIVTR-AL00; wv) AppleWebKit/537.36 (KHTML, like Gecko) Version/4.0 Chrome/57.0.2987.132 MQQBrowser/6.2 TBS/044113 Mobile Safari/537.36 MicroMessenger/6.6.7.1321(0x26060739) NetType/WIFI Language/zh_CN" "-"
58.31.2.191 - - [01/Aug/2018:08:06:06 +0800] "POST /api/orders/ HTTP/1.1" 200 40 "http://m.xiaobaiparty.com/pay/recharge" "Mozilla/5.0 (Linux; Android 8.0; VTR-AL00 Build/HUAWEIVTR-AL00; wv) AppleWebKit/537.36 (KHTML, like Gecko) Version/4.0 Chrome/57.0.2987.132 MQQBrowser/6.2 TBS/044113 Mobile Safari/537.36 MicroMessenger/6.6.7.1321(0x26060739) NetType/WIFI Language/zh_CN" "-"
58.31.2.191 - - [01/Aug/2018:08:06:06 +0800] "POST /api/wechat_h5/order/ HTTP/1.1" 200 233 "http://m.xiaobaiparty.com/pay/recharge" "Mozilla/5.0 (Linux; Android 8.0; VTR-AL00 Build/HUAWEIVTR-AL00; wv) AppleWebKit/537.36 (KHTML, like Gecko) Version/4.0 Chrome/57.0.2987.132 MQQBrowser/6.2 TBS/044113 Mobile Safari/537.36 MicroMessenger/6.6.7.1321(0x26060739) NetType/WIFI Language/zh_CN" "-"
140.207.54.74 - - [01/Aug/2018:08:06:21 +0800] "POST /api/wechat_h5/callback/ HTTP/1.1" 200 2 "-" "Mozilla/4.0" "-"
61.151.225.242 - - [01/Aug/2018:08:06:25 +0800] "GET /notice HTTP/1.1" 200 569 "-" "Mozilla/5.0 (Windows NT 6.1; WOW64) AppleWebKit/537.36 (KHTML, like Gecko) Chrome/39.0.2171.95 Safari/537.36 MicroMessenger/6.5.2.501 NetType/WIFI WindowsWechat QBCore/3.43.27.400 QQBrowser/9.0.2524.400" "-"
61.151.225.242 - - [01/Aug/2018:08:06:25 +0800] "GET /static/js/manifest.c61e03dc6bfa5ab2d717.js HTTP/1.1" 200 1946 "http://m.xiaobaiparty.com/notice" "Mozilla/5.0 (Linux; Android 4.4.4; HUAWEI ALE-CL00 Build/HuaweiALE-CL00; wv) AppleWebKit/537.36 (KHTML, like Gecko) Version/4.0 Chrome/53.0.2785.49 Mobile MQQBrowser/6.2 TBS/043024 Safari/537.36 MicroMessenger/6.5.4.1000 NetType/4G Language/zh_CN" "-"
58.31.2.191 - - [01/Aug/2018:08:06:25 +0800] "GET /api/auth_info/ HTTP/1.1" 200 864 "http://m.xiaobaiparty.com/subscribe_recharge/180/401" "Mozilla/5.0 (Linux; Android 8.0; VTR-AL00 Build/HUAWEIVTR-AL00; wv) AppleWebKit/537.36 (KHTML, like Gecko) Version/4.0 Chrome/57.0.2987.132 MQQBrowser/6.2 TBS/044113 Mobile Safari/537.36 MicroMessenger/6.6.7.1321(0x26060739) NetType/WIFI Language/zh_CN" "-"
61.151.225.242 - - [01/Aug/2018:08:06:25 +0800] "GET /static/js/vendor.4b3c332f71f26dbd1347.js HTTP/1.1" 200 524096 "http://m.xiaobaiparty.com/notice" "Mozilla/5.0 (iPhone; CPU iPhone OS 10_2_1 like Mac OS X) AppleWebKit/602.4.6 (KHTML, like Gecko) Mobile/14D27 MicroMessenger/6.5.5 NetType/WIFI Language/en" "-"
58.31.2.191 - - [01/Aug/2018:08:06:25 +0800] "GET /api/m/userinfo/180/ HTTP/1.1" 200 281 "http://m.xiaobaiparty.com/subscribe_recharge/180/401" "Mozilla/5.0 (Linux; Android 8.0; VTR-AL00 Build/HUAWEIVTR-AL00; wv) AppleWebKit/537.36 (KHTML, like Gecko) Version/4.0 Chrome/57.0.2987.132 MQQBrowser/6.2 TBS/044113 Mobile Safari/537.36 MicroMessenger/6.6.7.1321(0x26060739) NetType/WIFI Language/zh_CN" "-"
58.31.2.191 - - [01/Aug/2018:08:06:25 +0800] "GET /api/folders/401/ HTTP/1.1" 200 445 "http://m.xiaobaiparty.com/subscribe_recharge/180/401" "Mozilla/5.0 (Linux; Android 8.0; VTR-AL00 Build/HUAWEIVTR-AL00; wv) AppleWebKit/537.36 (KHTML, like Gecko) Version/4.0 Chrome/57.0.2987.132 MQQBrowser/6.2 TBS/044113 Mobile Safari/537.36 MicroMessenger/6.6.7.1321(0x26060739) NetType/WIFI Language/zh_CN" "-"
61.151.225.242 - - [01/Aug/2018:08:06:25 +0800] "GET /static/js/app.cc89f4bc82385e78fd29.js HTTP/1.1" 200 16383 "http://m.xiaobaiparty.com/notice" "Mozilla/5.0 (iPhone; CPU iPhone OS 10_2_1 like Mac OS X) AppleWebKit/602.4.6 (KHTML, like Gecko) Mobile/14D27 MicroMessenger/6.5.5 NetType/WIFI Language/zh_CN" "-"
58.31.2.191 - - [01/Aug/2018:08:06:27 +0800] "POST /api/subscribe HTTP/1.1" 200 0 "http://m.xiaobaiparty.com/subscribe_recharge/180/401" "Mozilla/5.0 (Linux; Android 8.0; VTR-AL00 Build/HUAWEIVTR-AL00; wv) AppleWebKit/537.36 (KHTML, like Gecko) Version/4.0 Chrome/57.0.2987.132 MQQBrowser/6.2 TBS/044113 Mobile Safari/537.36 MicroMessenger/6.6.7.1321(0x26060739) NetType/WIFI Language/zh_CN" "-"
140.207.54.75 - - [01/Aug/2018:08:06:27 +0800] "POST /api/wechat/public/callback/?signature=b784f78be041f9ab39498f748a561c959b0b9de4&timestamp=1533081987&nonce=1385621328&openid=oqZrQ0Vel5m5uqsGyI8vs26UKOT0 HTTP/1.1" 200 341 "-" "Mozilla/4.0" "-"
58.31.2.191 - - [01/Aug/2018:08:06:27 +0800] "POST /api/wechat_h5/config/ HTTP/1.1" 200 190 "http://m.xiaobaiparty.com/user_catalog_detail/401" "Mozilla/5.0 (Linux; Android 8.0; VTR-AL00 Build/HUAWEIVTR-AL00; wv) AppleWebKit/537.36 (KHTML, like Gecko) Version/4.0 Chrome/57.0.2987.132 MQQBrowser/6.2 TBS/044113 Mobile Safari/537.36 MicroMessenger/6.6.7.1321(0x26060739) NetType/WIFI Language/zh_CN" "-"
58.31.2.191 - - [01/Aug/2018:08:06:28 +0800] "GET /api/auth_info/ HTTP/1.1" 200 863 "http://m.xiaobaiparty.com/user_catalog_detail/401" "Mozilla/5.0 (Linux; Android 8.0; VTR-AL00 Build/HUAWEIVTR-AL00; wv) AppleWebKit/537.36 (KHTML, like Gecko) Version/4.0 Chrome/57.0.2987.132 MQQBrowser/6.2 TBS/044113 Mobile Safari/537.36 MicroMessenger/6.6.7.1321(0x26060739) NetType/WIFI Language/zh_CN" "-"
58.31.2.191 - - [01/Aug/2018:08:06:28 +0800] "GET /api/folders/401/ HTTP/1.1" 200 444 "http://m.xiaobaiparty.com/user_catalog_detail/401" "Mozilla/5.0 (Linux; Android 8.0; VTR-AL00 Build/HUAWEIVTR-AL00; wv) AppleWebKit/537.36 (KHTML, like Gecko) Version/4.0 Chrome/57.0.2987.132 MQQBrowser/6.2 TBS/044113 Mobile Safari/537.36 MicroMessenger/6.6.7.1321(0x26060739) NetType/WIFI Language/zh_CN" "-"
58.31.2.191 - - [01/Aug/2018:08:06:29 +0800] "GET /api/folders/401/articles/ HTTP/1.1" 200 11956 "http://m.xiaobaiparty.com/user_catalog_detail/401" "Mozilla/5.0 (Linux; Android 8.0; VTR-AL00 Build/HUAWEIVTR-AL00; wv) AppleWebKit/537.36 (KHTML, like Gecko) Version/4.0 Chrome/57.0.2987.132 MQQBrowser/6.2 TBS/044113 Mobile Safari/537.36 MicroMessenger/6.6.7.1321(0x26060739) NetType/WIFI Language/zh_CN" "-"
140.207.54.73 - - [01/Aug/2018:08:06:37 +0800] "POST /api/wechat_h5/callback/ HTTP/1.1" 200 2 "-" "Mozilla/4.0" "-"
101.226.79.246 - - [01/Aug/2018:08:06:48 +0800] "GET /my_catalog HTTP/1.1" 200 569 "-" "Mozilla/5.0 (iPhone; CPU iPhone OS 10_2_1 like Mac OS X) AppleWebKit/602.4.6 (KHTML, like Gecko) Mobile/14D27 MicroMessenger/6.5.5 NetType/WIFI Language/zh_CN" "-"
101.226.79.246 - - [01/Aug/2018:08:06:49 +0800] "GET /static/js/manifest.c61e03dc6bfa5ab2d717.js HTTP/1.1" 200 1946 "http://m.xiaobaiparty.com/my_catalog" "Mozilla/5.0 (iPhone; CPU iPhone OS 10_2_1 like Mac OS X) AppleWebKit/602.4.6 (KHTML, like Gecko) Mobile/14D27 MicroMessenger/6.5.5 NetType/WIFI Language/zh_CN" "-"
101.226.79.246 - - [01/Aug/2018:08:06:49 +0800] "GET /static/js/vendor.4b3c332f71f26dbd1347.js HTTP/1.1" 200 524096 "http://m.xiaobaiparty.com/my_catalog" "Mozilla/5.0 (Linux; Android 5.1.1; SM801 Build/LMY47V; wv) AppleWebKit/537.36 (KHTML, like Gecko) Version/4.0 Chrome/53.0.2785.49 Mobile MQQBrowser/6.2 TBS/043024 Safari/537.36 MicroMessenger/6.5.4.1000 NetType/4G Language/zh_CN" "-"
101.226.79.246 - - [01/Aug/2018:08:06:49 +0800] "GET /static/js/app.cc89f4bc82385e78fd29.js HTTP/1.1" 200 16383 "http://m.xiaobaiparty.com/my_catalog" "Mozilla/5.0 (Linux; Android 6.0.1; OPPO R9s Build/MMB29M) AppleWebKit/537.36 (KHTML, like Gecko) Version/4.0 Chrome/37.0.0.0 Mobile MQQBrowser/6.9 TBS/036906 Safari/537.36 MicroMessenger/6.5.4.1000 NetType/4G Language/zh_CN" "-"
117.135.173.80 - - [01/Aug/2018:08:06:51 +0800] "GET /follow/125 HTTP/1.1" 200 569 "-" "Mozilla/5.0 (Windows NT 6.1; WOW64) AppleWebKit/537.36 (KHTML, like Gecko) Chrome/39.0.2171.95 Safari/537.36 MicroMessenger/6.5.2.501 NetType/WIFI WindowsWechat QBCore/3.43.27.400 QQBrowser/9.0.2524.400" "-"
117.135.173.80 - - [01/Aug/2018:08:06:51 +0800] "GET /static/js/manifest.c61e03dc6bfa5ab2d717.js HTTP/1.1" 200 1946 "http://m.xiaobaiparty.com/follow/125" "Mozilla/5.0 (iPhone; CPU iPhone OS 10_2_1 like Mac OS X) AppleWebKit/602.4.6 (KHTML, like Gecko) Mobile/14D27 MicroMessenger/6.5.5 NetType/WIFI Language/en" "-"
117.135.173.80 - - [01/Aug/2018:08:06:52 +0800] "GET /static/js/vendor.4b3c332f71f26dbd1347.js HTTP/1.1" 200 524096 "http://m.xiaobaiparty.com/follow/125" "Mozilla/5.0 (iPhone; CPU iPhone OS 10_2_1 like Mac OS X) AppleWebKit/602.4.6 (KHTML, like Gecko) Mobile/14D27 MicroMessenger/6.5.5 NetType/WIFI Language/en" "-"
140.207.54.74 - - [01/Aug/2018:08:06:52 +0800] "POST /api/wechat_h5/callback/ HTTP/1.1" 200 2 "-" "Mozilla/4.0" "-"
117.135.173.80 - - [01/Aug/2018:08:06:52 +0800] "GET /static/js/app.cc89f4bc82385e78fd29.js HTTP/1.1" 200 16383 "http://m.xiaobaiparty.com/follow/125" "Mozilla/5.0 (iPhone; CPU iPhone OS 10_2_1 like Mac OS X) AppleWebKit/602.4.6 (KHTML, like Gecko) Mobile/14D27 MicroMessenger/6.5.5 NetType/WIFI Language/zh_CN" "-"
101.226.79.223 - - [01/Aug/2018:08:06:55 +0800] "GET /user_catalog/180 HTTP/1.1" 200 569 "-" "Mozilla/5.0 (Windows NT 6.1; WOW64) AppleWebKit/537.36 (KHTML, like Gecko) Chrome/39.0.2171.95 Safari/537.36 MicroMessenger/6.5.2.501 NetType/WIFI WindowsWechat QBCore/3.43.27.400 QQBrowser/9.0.2524.400" "-"
101.226.79.223 - - [01/Aug/2018:08:06:55 +0800] "GET /static/js/manifest.c61e03dc6bfa5ab2d717.js HTTP/1.1" 200 1946 "http://m.xiaobaiparty.com/user_catalog/180" "Mozilla/5.0 (Linux; Android 4.4.4; HUAWEI ALE-CL00 Build/HuaweiALE-CL00; wv) AppleWebKit/537.36 (KHTML, like Gecko) Version/4.0 Chrome/53.0.2785.49 Mobile MQQBrowser/6.2 TBS/043024 Safari/537.36 MicroMessenger/6.5.4.1000 NetType/4G Language/zh_CN" "-"
101.226.79.223 - - [01/Aug/2018:08:06:55 +0800] "GET /static/js/vendor.4b3c332f71f26dbd1347.js HTTP/1.1" 200 524096 "http://m.xiaobaiparty.com/user_catalog/180" "Mozilla/5.0 (Windows NT 6.1; WOW64) AppleWebKit/537.36 (KHTML, like Gecko) Chrome/39.0.2171.95 Safari/537.36 MicroMessenger/6.5.2.501 NetType/WIFI WindowsWechat QBCore/3.43.27.400 QQBrowser/9.0.2524.400" "-"
101.226.79.223 - - [01/Aug/2018:08:06:56 +0800] "GET /static/js/app.cc89f4bc82385e78fd29.js HTTP/1.1" 200 16383 "http://m.xiaobaiparty.com/user_catalog/180" "Mozilla/5.0 (Linux; Android 4.4.4; HUAWEI ALE-CL00 Build/HuaweiALE-CL00; wv) AppleWebKit/537.36 (KHTML, like Gecko) Version/4.0 Chrome/53.0.2785.49 Mobile MQQBrowser/6.2 TBS/043024 Safari/537.36 MicroMessenger/6.5.4.1000 NetType/4G Language/zh_CN" "-"
101.226.233.140 - - [01/Aug/2018:08:06:59 +0800] "GET /user_catalog_detail/401 HTTP/1.1" 200 569 "-" "Mozilla/5.0 (Linux; Android 6.0.1; OPPO R9s Build/MMB29M) AppleWebKit/537.36 (KHTML, like Gecko) Version/4.0 Chrome/37.0.0.0 Mobile MQQBrowser/6.9 TBS/036906 Safari/537.36 MicroMessenger/6.5.4.1000 NetType/4G Language/zh_CN" "-"
101.226.233.140 - - [01/Aug/2018:08:06:59 +0800] "GET /static/js/manifest.c61e03dc6bfa5ab2d717.js HTTP/1.1" 200 1946 "http://m.xiaobaiparty.com/user_catalog_detail/401" "Mozilla/5.0 (iPhone; CPU iPhone OS 10_2_1 like Mac OS X) AppleWebKit/602.4.6 (KHTML, like Gecko) Mobile/14D27 MicroMessenger/6.5.5 NetType/WIFI Language/zh_CN" "-"
101.226.233.140 - - [01/Aug/2018:08:06:59 +0800] "GET /static/js/vendor.4b3c332f71f26dbd1347.js HTTP/1.1" 200 524096 "http://m.xiaobaiparty.com/user_catalog_detail/401" "Mozilla/5.0 (iPhone; CPU iPhone OS 10_2_1 like Mac OS X) AppleWebKit/602.4.6 (KHTML, like Gecko) Mobile/14D27 MicroMessenger/6.5.5 NetType/WIFI Language/en" "-"
101.226.233.155 - - [01/Aug/2018:08:07:00 +0800] "GET /static/js/app.cc89f4bc82385e78fd29.js HTTP/1.1" 200 16383 "http://m.xiaobaiparty.com/user_catalog_detail/401" "Mozilla/5.0 (iPhone; CPU iPhone OS 10_2_1 like Mac OS X) AppleWebKit/602.4.6 (KHTML, like Gecko) Mobile/14D27 MicroMessenger/6.5.5 NetType/WIFI Language/zh_CN" "-"
101.227.131.219 - - [01/Aug/2018:08:07:02 +0800] "GET /subscribe_recharge/180/401 HTTP/1.1" 200 569 "-" "Mozilla/5.0 (Windows NT 6.1; WOW64) AppleWebKit/537.36 (KHTML, like Gecko) Chrome/39.0.2171.95 Safari/537.36 MicroMessenger/6.5.2.501 NetType/WIFI WindowsWechat QBCore/3.43.27.400 QQBrowser/9.0.2524.400" "-"
101.227.131.219 - - [01/Aug/2018:08:07:03 +0800] "GET /static/js/manifest.c61e03dc6bfa5ab2d717.js HTTP/1.1" 200 1946 "http://m.xiaobaiparty.com/subscribe_recharge/180/401" "Mozilla/5.0 (Linux; Android 4.4.4; HUAWEI ALE-CL00 Build/HuaweiALE-CL00; wv) AppleWebKit/537.36 (KHTML, like Gecko) Version/4.0 Chrome/53.0.2785.49 Mobile MQQBrowser/6.2 TBS/043024 Safari/537.36 MicroMessenger/6.5.4.1000 NetType/4G Language/zh_CN" "-"
101.227.131.219 - - [01/Aug/2018:08:07:03 +0800] "GET /static/js/vendor.4b3c332f71f26dbd1347.js HTTP/1.1" 200 524096 "http://m.xiaobaiparty.com/subscribe_recharge/180/401" "Mozilla/5.0 (iPhone; CPU iPhone OS 10_2_1 like Mac OS X) AppleWebKit/602.4.6 (KHTML, like Gecko) Mobile/14D27 MicroMessenger/6.5.5 NetType/WIFI Language/en" "-"
101.227.131.219 - - [01/Aug/2018:08:07:04 +0800] "GET /static/js/app.cc89f4bc82385e78fd29.js HTTP/1.1" 200 16383 "http://m.xiaobaiparty.com/subscribe_recharge/180/401" "Mozilla/5.0 (Linux; Android 4.4.4; HUAWEI ALE-CL00 Build/HuaweiALE-CL00; wv) AppleWebKit/537.36 (KHTML, like Gecko) Version/4.0 Chrome/53.0.2785.49 Mobile MQQBrowser/6.2 TBS/043024 Safari/537.36 MicroMessenger/6.5.4.1000 NetType/4G Language/zh_CN" "-"
140.207.54.73 - - [01/Aug/2018:08:07:23 +0800] "POST /api/wechat_h5/callback/ HTTP/1.1" 200 2 "-" "Mozilla/4.0" "-"
140.205.205.23 - - [01/Aug/2018:08:08:12 +0800] "GET / HTTP/1.1" 200 11547 "-" "Scrapy/1.5.0 (+https://scrapy.org)" "-"
140.205.205.23 - - [01/Aug/2018:08:08:14 +0800] "GET / HTTP/1.1" 200 11547 "https://xiaobaiparty.com" "Scrapy/1.5.0 (+https://scrapy.org)" "-"
191.242.247.216 - - [01/Aug/2018:08:09:15 +0800] "GET / HTTP/1.1" 200 3700 "-" "Mozilla/5.0 (Windows NT 10.0; WOW64) AppleWebKit/537.36 (KHTML, like Gecko) Chrome/51.0.2704.103 Safari/537.36" "-"
140.207.54.74 - - [01/Aug/2018:08:10:25 +0800] "POST /api/wechat_h5/callback/ HTTP/1.1" 200 2 "-" "Mozilla/4.0" "-"
52.77.228.222 - - [01/Aug/2018:08:10:28 +0800] "GET / HTTP/1.1" 200 11547 "-" "PostmanRuntime/7.1.6" "-"
140.207.54.76 - - [01/Aug/2018:08:11:18 +0800] "POST /api/wechat/public/callback/?signature=667e1e9dea74b63a69dc9accc6fc6381fafb6343&timestamp=1533082278&nonce=1421020007&openid=oqZrQ0dl1ubgBMDhR1N-Xe7-0_Ho HTTP/1.1" 200 341 "-" "Mozilla/4.0" "-"
125.39.240.215 - - [01/Aug/2018:08:11:18 +0800] "GET / HTTP/1.1" 200 569 "-" "Mozilla/5.0 (Windows; U; Windows NT 5.1; zh-CN; rv:1.9b4) Gecko/2008030317 Firefox/3.0b4" "-"
123.151.76.158 - - [01/Aug/2018:08:11:18 +0800] "GET /upload HTTP/1.1" 200 569 "-" "Mozilla/5.0 (Linux; Android 8.0; HWI-AL00 Build/HUAWEIHWI-AL00; wv) AppleWebKit/537.36 (KHTML, like Gecko) Version/4.0 Chrome/57.0.2987.132 MQQBrowser/6.2 TBS/044113 Mobile Safari/537.36 MicroMessenger/6.6.7.1321(0x26060739) NetType/4G Language/zh_CN" "223.104.105.113"
123.151.77.91 - - [01/Aug/2018:08:11:19 +0800] "GET / HTTP/1.1" 200 569 "-" "Mozilla/5.0 (Windows; U; Windows NT 5.1; zh-CN; rv:1.9b4) Gecko/2008030317 Firefox/3.0b4" "-"
123.151.76.158 - - [01/Aug/2018:08:11:19 +0800] "GET /static/js/manifest.c61e03dc6bfa5ab2d717.js HTTP/1.1" 200 1946 "http://m.xiaobaiparty.com/upload" "Mozilla/5.0 (Linux; Android 8.0; HWI-AL00 Build/HUAWEIHWI-AL00; wv) AppleWebKit/537.36 (KHTML, like Gecko) Version/4.0 Chrome/57.0.2987.132 MQQBrowser/6.2 TBS/044113 Mobile Safari/537.36 MicroMessenger/6.6.7.1321(0x26060739) NetType/4G Language/zh_CN" "223.104.105.113"
123.151.76.158 - - [01/Aug/2018:08:11:19 +0800] "GET /static/js/app.cc89f4bc82385e78fd29.js HTTP/1.1" 200 16383 "http://m.xiaobaiparty.com/upload" "Mozilla/5.0 (Linux; Android 8.0; HWI-AL00 Build/HUAWEIHWI-AL00; wv) AppleWebKit/537.36 (KHTML, like Gecko) Version/4.0 Chrome/57.0.2987.132 MQQBrowser/6.2 TBS/044113 Mobile Safari/537.36 MicroMessenger/6.6.7.1321(0x26060739) NetType/4G Language/zh_CN" "223.104.105.113"
123.151.76.158 - - [01/Aug/2018:08:11:19 +0800] "GET /static/js/vendor.4b3c332f71f26dbd1347.js HTTP/1.1" 200 524096 "http://m.xiaobaiparty.com/upload" "Mozilla/5.0 (Linux; Android 8.0; HWI-AL00 Build/HUAWEIHWI-AL00; wv) AppleWebKit/537.36 (KHTML, like Gecko) Version/4.0 Chrome/57.0.2987.132 MQQBrowser/6.2 TBS/044113 Mobile Safari/537.36 MicroMessenger/6.6.7.1321(0x26060739) NetType/4G Language/zh_CN" "223.104.105.113"
223.104.105.113 - - [01/Aug/2018:08:11:19 +0800] "GET /static/css/app.937230d9f03a8edbd23c4015814f1ce0.css HTTP/1.1" 200 135829 "http://m.xiaobaiparty.com/upload" "Mozilla/5.0 (Linux; Android 8.0; HWI-AL00 Build/HUAWEIHWI-AL00; wv) AppleWebKit/537.36 (KHTML, like Gecko) Version/4.0 Chrome/57.0.2987.132 MQQBrowser/6.2 TBS/044113 Mobile Safari/537.36 MicroMessenger/6.6.7.1321(0x26060739) NetType/4G Language/zh_CN" "-"
123.151.76.158 - - [01/Aug/2018:08:11:20 +0800] "GET /api/auth_info/ HTTP/1.1" 401 82 "http://m.xiaobaiparty.com/upload" "Mozilla/5.0 (Linux; Android 8.0; HWI-AL00 Build/HUAWEIHWI-AL00; wv) AppleWebKit/537.36 (KHTML, like Gecko) Version/4.0 Chrome/57.0.2987.132 MQQBrowser/6.2 TBS/044113 Mobile Safari/537.36 MicroMessenger/6.6.7.1321(0x26060739) NetType/4G Language/zh_CN" "223.104.105.113"
223.104.105.113 - - [01/Aug/2018:08:11:20 +0800] "GET /favicon.ico HTTP/1.1" 200 569 "http://m.xiaobaiparty.com/upload" "Mozilla/5.0 (Linux; Android 8.0; HWI-AL00 Build/HUAWEIHWI-AL00; wv) AppleWebKit/537.36 (KHTML, like Gecko) Version/4.0 Chrome/57.0.2987.132 MQQBrowser/6.2 TBS/044113 Mobile Safari/537.36 MicroMessenger/6.6.7.1321(0x26060739) NetType/4G Language/zh_CN" "-"
123.151.76.158 - - [01/Aug/2018:08:11:21 +0800] "GET /upload?code=0216mJ7k24p3EG0jCK4k2HAx7k26mJ7N&state=STATE HTTP/1.1" 200 569 "-" "Mozilla/5.0 (Linux; Android 8.0; HWI-AL00 Build/HUAWEIHWI-AL00; wv) AppleWebKit/537.36 (KHTML, like Gecko) Version/4.0 Chrome/57.0.2987.132 MQQBrowser/6.2 TBS/044113 Mobile Safari/537.36 MicroMessenger/6.6.7.1321(0x26060739) NetType/4G Language/zh_CN" "223.104.105.113"
123.151.76.158 - - [01/Aug/2018:08:11:21 +0800] "GET /api/auth_info/ HTTP/1.1" 401 82 "http://m.xiaobaiparty.com/upload?code=0216mJ7k24p3EG0jCK4k2HAx7k26mJ7N&state=STATE" "Mozilla/5.0 (Linux; Android 8.0; HWI-AL00 Build/HUAWEIHWI-AL00; wv) AppleWebKit/537.36 (KHTML, like Gecko) Version/4.0 Chrome/57.0.2987.132 MQQBrowser/6.2 TBS/044113 Mobile Safari/537.36 MicroMessenger/6.6.7.1321(0x26060739) NetType/4G Language/zh_CN" "223.104.105.113"
123.151.76.158 - - [01/Aug/2018:08:11:22 +0800] "GET /api/wechat/oauth/?code=0216mJ7k24p3EG0jCK4k2HAx7k26mJ7N HTTP/1.1" 200 646 "http://m.xiaobaiparty.com/upload?code=0216mJ7k24p3EG0jCK4k2HAx7k26mJ7N&state=STATE" "Mozilla/5.0 (Linux; Android 8.0; HWI-AL00 Build/HUAWEIHWI-AL00; wv) AppleWebKit/537.36 (KHTML, like Gecko) Version/4.0 Chrome/57.0.2987.132 MQQBrowser/6.2 TBS/044113 Mobile Safari/537.36 MicroMessenger/6.6.7.1321(0x26060739) NetType/4G Language/zh_CN" "223.104.105.113"
123.151.76.158 - - [01/Aug/2018:08:11:22 +0800] "GET /static/js/0.c011607dd024d2648406.js HTTP/1.1" 200 80926 "http://m.xiaobaiparty.com/upload?code=0216mJ7k24p3EG0jCK4k2HAx7k26mJ7N&state=STATE" "Mozilla/5.0 (Linux; Android 8.0; HWI-AL00 Build/HUAWEIHWI-AL00; wv) AppleWebKit/537.36 (KHTML, like Gecko) Version/4.0 Chrome/57.0.2987.132 MQQBrowser/6.2 TBS/044113 Mobile Safari/537.36 MicroMessenger/6.6.7.1321(0x26060739) NetType/4G Language/zh_CN" "223.104.105.113"
123.151.76.158 - - [01/Aug/2018:08:11:22 +0800] "GET /static/js/8.804c032fd4b7703bf7f6.js HTTP/1.1" 200 891 "http://m.xiaobaiparty.com/upload?code=0216mJ7k24p3EG0jCK4k2HAx7k26mJ7N&state=STATE" "Mozilla/5.0 (Linux; Android 8.0; HWI-AL00 Build/HUAWEIHWI-AL00; wv) AppleWebKit/537.36 (KHTML, like Gecko) Version/4.0 Chrome/57.0.2987.132 MQQBrowser/6.2 TBS/044113 Mobile Safari/537.36 MicroMessenger/6.6.7.1321(0x26060739) NetType/4G Language/zh_CN" "223.104.105.113"
123.151.76.158 - - [01/Aug/2018:08:11:22 +0800] "GET /static/js/3.9132efcc5d97340b6489.js HTTP/1.1" 200 75920 "http://m.xiaobaiparty.com/upload?code=0216mJ7k24p3EG0jCK4k2HAx7k26mJ7N&state=STATE" "Mozilla/5.0 (Linux; Android 8.0; HWI-AL00 Build/HUAWEIHWI-AL00; wv) AppleWebKit/537.36 (KHTML, like Gecko) Version/4.0 Chrome/57.0.2987.132 MQQBrowser/6.2 TBS/044113 Mobile Safari/537.36 MicroMessenger/6.6.7.1321(0x26060739) NetType/4G Language/zh_CN" "223.104.105.113"
123.151.76.158 - - [01/Aug/2018:08:11:25 +0800] "GET /api/auth_info/ HTTP/1.1" 200 646 "http://m.xiaobaiparty.com/upload" "Mozilla/5.0 (Linux; Android 8.0; HWI-AL00 Build/HUAWEIHWI-AL00; wv) AppleWebKit/537.36 (KHTML, like Gecko) Version/4.0 Chrome/57.0.2987.132 MQQBrowser/6.2 TBS/044113 Mobile Safari/537.36 MicroMessenger/6.6.7.1321(0x26060739) NetType/4G Language/zh_CN" "223.104.105.113"
101.226.225.86 - - [01/Aug/2018:08:11:26 +0800] "GET /my_catalog HTTP/1.1" 200 569 "-" "Mozilla/5.0 (Linux; Android 8.0; MIX 2S Build/OPR1.170623.032; wv) AppleWebKit/537.36 (KHTML, like Gecko) Version/4.0 Chrome/57.0.2987.132 MQQBrowser/6.2 TBS/044113 Mobile Safari/537.36 MicroMessenger/6.7.1321(0x26070030) NetType/WIFI Language/en" "39.188.219.207"
101.226.225.86 - - [01/Aug/2018:08:11:26 +0800] "GET /static/js/manifest.c61e03dc6bfa5ab2d717.js HTTP/1.1" 200 1946 "http://m.xiaobaiparty.com/my_catalog" "Mozilla/5.0 (Linux; Android 8.0; MIX 2S Build/OPR1.170623.032; wv) AppleWebKit/537.36 (KHTML, like Gecko) Version/4.0 Chrome/57.0.2987.132 MQQBrowser/6.2 TBS/044113 Mobile Safari/537.36 MicroMessenger/6.7.1321(0x26070030) NetType/WIFI Language/en" "39.188.219.207"
223.166.151.233 - - [01/Aug/2018:08:11:26 +0800] "GET / HTTP/1.1" 200 569 "-" "Mozilla/5.0 (Windows; U; Windows NT 5.1; zh-CN; rv:1.9b4) Gecko/2008030317 Firefox/3.0b4" "-"
101.226.225.86 - - [01/Aug/2018:08:11:26 +0800] "GET /static/js/app.cc89f4bc82385e78fd29.js HTTP/1.1" 200 16383 "http://m.xiaobaiparty.com/my_catalog" "Mozilla/5.0 (Linux; Android 8.0; MIX 2S Build/OPR1.170623.032; wv) AppleWebKit/537.36 (KHTML, like Gecko) Version/4.0 Chrome/57.0.2987.132 MQQBrowser/6.2 TBS/044113 Mobile Safari/537.36 MicroMessenger/6.7.1321(0x26070030) NetType/WIFI Language/en" "39.188.219.207"
61.151.178.176 - - [01/Aug/2018:08:11:26 +0800] "GET / HTTP/1.1" 200 569 "-" "Mozilla/5.0 (Windows; U; Windows NT 5.1; zh-CN; rv:1.9b4) Gecko/2008030317 Firefox/3.0b4" "-"
61.129.8.203 - - [01/Aug/2018:08:11:26 +0800] "GET / HTTP/1.1" 200 569 "-" "Mozilla/5.0 (Windows; U; Windows NT 5.1; zh-CN; rv:1.9b4) Gecko/2008030317 Firefox/3.0b4" "-"
61.151.178.168 - - [01/Aug/2018:08:11:26 +0800] "GET / HTTP/1.1" 200 569 "-" "Mozilla/5.0 (Windows; U; Windows NT 5.1; zh-CN; rv:1.9b4) Gecko/2008030317 Firefox/3.0b4" "-"
58.247.212.139 - - [01/Aug/2018:08:11:26 +0800] "GET / HTTP/1.1" 200 569 "-" "Mozilla/5.0 (Windows; U; Windows NT 5.1; zh-CN; rv:1.9b4) Gecko/2008030317 Firefox/3.0b4" "-"
223.166.151.234 - - [01/Aug/2018:08:11:26 +0800] "GET / HTTP/1.1" 200 569 "-" "Mozilla/5.0 (Windows; U; Windows NT 5.1; zh-CN; rv:1.9b4) Gecko/2008030317 Firefox/3.0b4" "-"
39.188.219.207 - - [01/Aug/2018:08:11:26 +0800] "GET /static/css/app.937230d9f03a8edbd23c4015814f1ce0.css HTTP/1.1" 200 135829 "http://m.xiaobaiparty.com/my_catalog" "Mozilla/5.0 (Linux; Android 8.0; MIX 2S Build/OPR1.170623.032; wv) AppleWebKit/537.36 (KHTML, like Gecko) Version/4.0 Chrome/57.0.2987.132 MQQBrowser/6.2 TBS/044113 Mobile Safari/537.36 MicroMessenger/6.7.1321(0x26070030) NetType/WIFI Language/en" "-"
101.226.225.86 - - [01/Aug/2018:08:11:26 +0800] "GET /static/js/vendor.4b3c332f71f26dbd1347.js HTTP/1.1" 200 524096 "http://m.xiaobaiparty.com/my_catalog" "Mozilla/5.0 (Linux; Android 8.0; MIX 2S Build/OPR1.170623.032; wv) AppleWebKit/537.36 (KHTML, like Gecko) Version/4.0 Chrome/57.0.2987.132 MQQBrowser/6.2 TBS/044113 Mobile Safari/537.36 MicroMessenger/6.7.1321(0x26070030) NetType/WIFI Language/en" "39.188.219.207"
39.188.219.207 - - [01/Aug/2018:08:11:27 +0800] "GET /favicon.ico HTTP/1.1" 200 569 "http://m.xiaobaiparty.com/my_catalog" "Mozilla/5.0 (Linux; Android 8.0; MIX 2S Build/OPR1.170623.032; wv) AppleWebKit/537.36 (KHTML, like Gecko) Version/4.0 Chrome/57.0.2987.132 MQQBrowser/6.2 TBS/044113 Mobile Safari/537.36 MicroMessenger/6.7.1321(0x26070030) NetType/WIFI Language/en" "-"
101.226.225.86 - - [01/Aug/2018:08:11:27 +0800] "POST /api/wechat_h5/config/ HTTP/1.1" 200 177 "http://m.xiaobaiparty.com/my_catalog" "Mozilla/5.0 (Linux; Android 8.0; MIX 2S Build/OPR1.170623.032; wv) AppleWebKit/537.36 (KHTML, like Gecko) Version/4.0 Chrome/57.0.2987.132 MQQBrowser/6.2 TBS/044113 Mobile Safari/537.36 MicroMessenger/6.7.1321(0x26070030) NetType/WIFI Language/en" "39.188.219.207"
101.226.225.86 - - [01/Aug/2018:08:11:27 +0800] "GET /api/auth_info/ HTTP/1.1" 401 82 "http://m.xiaobaiparty.com/my_catalog" "Mozilla/5.0 (Linux; Android 8.0; MIX 2S Build/OPR1.170623.032; wv) AppleWebKit/537.36 (KHTML, like Gecko) Version/4.0 Chrome/57.0.2987.132 MQQBrowser/6.2 TBS/044113 Mobile Safari/537.36 MicroMessenger/6.7.1321(0x26070030) NetType/WIFI Language/en" "39.188.219.207"
183.192.201.97 - - [01/Aug/2018:08:11:28 +0800] "GET /my_catalog?code=061bEybO1wYvu311bz7O1b6PbO1bEyba&state=STATE HTTP/1.1" 200 569 "-" "Mozilla/5.0 (Linux; Android 8.0; MIX 2S Build/OPR1.170623.032; wv) AppleWebKit/537.36 (KHTML, like Gecko) Version/4.0 Chrome/57.0.2987.132 MQQBrowser/6.2 TBS/044113 Mobile Safari/537.36 MicroMessenger/6.7.1321(0x26070030) NetType/WIFI Language/en" "39.188.219.207"
101.226.225.86 - - [01/Aug/2018:08:11:30 +0800] "POST /api/wechat_h5/config/ HTTP/1.1" 200 227 "http://m.xiaobaiparty.com/my_catalog?code=061bEybO1wYvu311bz7O1b6PbO1bEyba&state=STATE" "Mozilla/5.0 (Linux; Android 8.0; MIX 2S Build/OPR1.170623.032; wv) AppleWebKit/537.36 (KHTML, like Gecko) Version/4.0 Chrome/57.0.2987.132 MQQBrowser/6.2 TBS/044113 Mobile Safari/537.36 MicroMessenger/6.7.1321(0x26070030) NetType/WIFI Language/en" "39.188.219.207"
